Archive member included to satisfy reference by file (symbol)

app/libapp.a(main.c.obj)      (--whole-archive)
app/libapp.a(sensor.c.obj)    (--whole-archive)
zephyr/libzephyr.a(cbprintf_packaged.c.obj)
                              (--whole-archive)
zephyr/libzephyr.a(crc32c_sw.c.obj)
                              (--whole-archive)
zephyr/libzephyr.a(crc32_sw.c.obj)
                              (--whole-archive)
zephyr/libzephyr.a(crc16_sw.c.obj)
                              (--whole-archive)
zephyr/libzephyr.a(crc8_sw.c.obj)
                              (--whole-archive)
zephyr/libzephyr.a(crc7_sw.c.obj)
                              (--whole-archive)
zephyr/libzephyr.a(dec.c.obj)
                              (--whole-archive)
zephyr/libzephyr.a(fdtable.c.obj)
                              (--whole-archive)
zephyr/libzephyr.a(hex.c.obj)
                              (--whole-archive)
zephyr/libzephyr.a(notify.c.obj)
                              (--whole-archive)
zephyr/libzephyr.a(printk.c.obj)
                              (--whole-archive)
zephyr/libzephyr.a(onoff.c.obj)
                              (--whole-archive)
zephyr/libzephyr.a(rb.c.obj)  (--whole-archive)
zephyr/libzephyr.a(sem.c.obj)
                              (--whole-archive)
zephyr/libzephyr.a(thread_entry.c.obj)
                              (--whole-archive)
zephyr/libzephyr.a(timeutil.c.obj)
                              (--whole-archive)
zephyr/libzephyr.a(heap.c.obj)
                              (--whole-archive)
zephyr/libzephyr.a(heap-validate.c.obj)
                              (--whole-archive)
zephyr/libzephyr.a(bitarray.c.obj)
                              (--whole-archive)
zephyr/libzephyr.a(multi_heap.c.obj)
                              (--whole-archive)
zephyr/libzephyr.a(cbprintf_complete.c.obj)
                              (--whole-archive)
zephyr/libzephyr.a(cbprintf.c.obj)
                              (--whole-archive)
zephyr/libzephyr.a(assert.c.obj)
                              (--whole-archive)
zephyr/libzephyr.a(mpsc_pbuf.c.obj)
                              (--whole-archive)
zephyr/libzephyr.a(reboot.c.obj)
                              (--whole-archive)
zephyr/libzephyr.a(configs.c.obj)
                              (--whole-archive)
zephyr/libzephyr.a(soc.c.obj)
                              (--whole-archive)
zephyr/libzephyr.a(power.c.obj)
                              (--whole-archive)
zephyr/libzephyr.a(sync_rtc.c.obj)
                              (--whole-archive)
zephyr/libzephyr.a(soc_nrf_common.S.obj)
                              (--whole-archive)
zephyr/libzephyr.a(validate_base_addresses.c.obj)
                              (--whole-archive)
zephyr/libzephyr.a(validate_enabled_instances.c.obj)
                              (--whole-archive)
zephyr/libzephyr.a(thread_info.c.obj)
                              (--whole-archive)
zephyr/libzephyr.a(log_core.c.obj)
                              (--whole-archive)
zephyr/libzephyr.a(log_mgmt.c.obj)
                              (--whole-archive)
zephyr/libzephyr.a(log_msg.c.obj)
                              (--whole-archive)
zephyr/libzephyr.a(log_output.c.obj)
                              (--whole-archive)
zephyr/libzephyr.a(log_backend_uart.c.obj)
                              (--whole-archive)
zephyr/libzephyr.a(log_backend_rtt.c.obj)
                              (--whole-archive)
zephyr/libzephyr.a(ipc_service.c.obj)
                              (--whole-archive)
zephyr/libzephyr.a(ipc_rpmsg_static_vrings.c.obj)
                              (--whole-archive)
zephyr/libzephyr.a(ipc_rpmsg.c.obj)
                              (--whole-archive)
zephyr/libzephyr.a(ipc_static_vrings.c.obj)
                              (--whole-archive)
zephyr/libzephyr.a(addr_utils.c.obj)
                              (--whole-archive)
zephyr/libzephyr.a(pm.c.obj)  (--whole-archive)
zephyr/libzephyr.a(policy.c.obj)
                              (--whole-archive)
zephyr/libzephyr.a(state.c.obj)
                              (--whole-archive)
zephyr/libzephyr.a(tracing_none.c.obj)
                              (--whole-archive)
zephyr/libzephyr.a(flash_map_partition_manager.c.obj)
                              (--whole-archive)
zephyr/libzephyr.a(utils.c.obj)
                              (--whole-archive)
zephyr/libzephyr.a(aes_decrypt.c.obj)
                              (--whole-archive)
zephyr/libzephyr.a(aes_encrypt.c.obj)
                              (--whole-archive)
zephyr/libzephyr.a(cmac_mode.c.obj)
                              (--whole-archive)
zephyr/libzephyr.a(sha256.c.obj)
                              (--whole-archive)
zephyr/libzephyr.a(hmac.c.obj)
                              (--whole-archive)
zephyr/libzephyr.a(hmac_prng.c.obj)
                              (--whole-archive)
zephyr/libzephyr.a(nrf_cc3xx_platform_abort_zephyr.c.obj)
                              (--whole-archive)
zephyr/libzephyr.a(nrf_cc3xx_platform_mutex_zephyr.c.obj)
[...]
Memory Configuration

Name             Origin             Length             Attributes
FLASH            0x0000000000000000 0x0000000000100000 xr
SRAM             0x0000000020000000 0x0000000000070000 xw
IDT_LIST         0x00000000fffff7ff 0x0000000000000800 xw
*default*        0x0000000000000000 0xffffffffffffffff

Linker script and memory map

LOAD zephyr/CMakeFiles/zephyr_pre1.dir/misc/empty_file.c.obj
LOAD zephyr/CMakeFiles/zephyr_pre1.dir/dev_handles.c.obj
                0x0000000000000020                _region_min_align = 0x20

.rel.plt        0x0000000000000000        0x0
 *(SORT_BY_ALIGNMENT(.rel.plt))
                [!provide]                        PROVIDE (__rel_iplt_start = .)
 *(SORT_BY_ALIGNMENT(.rel.iplt))
 .rel.iplt      0x0000000000000000        0x0 app/libapp.a(main.c.obj)
                [!provide]                        PROVIDE (__rel_iplt_end = .)

.rela.plt       0x0000000000000000        0x0
 *(SORT_BY_ALIGNMENT(.rela.plt))
                [!provide]                        PROVIDE (__rela_iplt_start = .)
 *(SORT_BY_ALIGNMENT(.rela.iplt))
                [!provide]                        PROVIDE (__rela_iplt_end = .)

.rel.dyn
 *(SORT_BY_ALIGNMENT(.rel.*))

.rela.dyn
 *(SORT_BY_ALIGNMENT(.rela.*))

/DISCARD/
 *(SORT_BY_ALIGNMENT(.plt))
 *(SORT_BY_ALIGNMENT(.iplt))
 *(SORT_BY_ALIGNMENT(.got.plt))
 *(SORT_BY_ALIGNMENT(.igot.plt))
 *(SORT_BY_ALIGNMENT(.got))
 *(SORT_BY_ALIGNMENT(.igot))
 *(SORT_BY_ALIGNMENT(.note.GNU-stack))
                0x0000000000000000                __rom_region_start = 0x0

rom_start       0x0000000000000000      0x154
                0x0000000000000000                . = 0x0
                0x0000000000000000                . = ALIGN (0x4)
                0x0000000000000000                . = ALIGN (0x80)
                0x0000000000000000                . = ALIGN (0x200)
                0x0000000000000000                _vector_start = .
 *(SORT_BY_ALIGNMENT(.exc_vector_table))
 *(SORT_BY_ALIGNMENT(.exc_vector_table.*))
 .exc_vector_table._vector_table_section
                0x0000000000000000       0x40 zephyr/arch/arch/arm/core/aarch32/cortex_m/libarch__arm__core__aarch32__cortex_m.a(vector_table.S.obj)
                0x0000000000000000                _vector_table
 *(SORT_BY_ALIGNMENT(.vectors))
                0x0000000000000154                _vector_end = .
                0x0000000000000040                . = ALIGN (0x4)
 *(SORT_BY_ALIGNMENT(.gnu.linkonce.irq_vector_table*))
 .gnu.linkonce.irq_vector_table
                0x0000000000000040      0x114 zephyr/arch/common/libisr_tables.a(isr_tables.c.obj)
                0x0000000000000040                _irq_vector_table
                0x0000000000000154                _vector_end = .

text            0x0000000000000158    0x1fe8a
                0x0000000000000158                __text_region_start = .
 *(SORT_BY_ALIGNMENT(.text))
 .text          0x0000000000000158      0x21c c:/ncs/toolchains/v2.1.0/opt/zephyr-sdk/arm-zephyr-eabi/bin/../lib/gcc/arm-zephyr-eabi/10.3.0/thumb/v8-m.main/nofp\libgcc.a(_arm_addsubsf3.o)
                0x0000000000000158                __aeabi_frsub
                0x0000000000000160                __subsf3
                0x0000000000000160                __aeabi_fsub
                0x0000000000000164                __aeabi_fadd
                0x0000000000000164                __addsf3
                0x00000000000002c4                __aeabi_ui2f
                0x00000000000002c4                __floatunsisf
                0x00000000000002cc                __aeabi_i2f
                0x00000000000002cc                __floatsisf
                0x00000000000002e8                __aeabi_ul2f
                0x00000000000002e8                __floatundisf
                0x00000000000002f8                __aeabi_l2f
                0x00000000000002f8                __floatdisf
 .text          0x0000000000000374      0x2a0 c:/ncs/toolchains/v2.1.0/opt/zephyr-sdk/arm-zephyr-eabi/bin/../lib/gcc/arm-zephyr-eabi/10.3.0/thumb/v8-m.main/nofp\libgcc.a(_arm_muldivsf3.o)
                0x0000000000000374                __mulsf3
                0x0000000000000374                __aeabi_fmul
                0x00000000000004dc                __aeabi_fdiv
                0x00000000000004dc                __divsf3
 .text          0x0000000000000614       0x40 c:/ncs/toolchains/v2.1.0/opt/zephyr-sdk/arm-zephyr-eabi/bin/../lib/gcc/arm-zephyr-eabi/10.3.0/thumb/v8-m.main/nofp\libgcc.a(_arm_fixunssfsi.o)
                0x0000000000000614                __fixunssfsi
                0x0000000000000614                __aeabi_f2uiz
 .text          0x0000000000000654       0xa0 c:/ncs/toolchains/v2.1.0/opt/zephyr-sdk/arm-zephyr-eabi/bin/../lib/gcc/arm-zephyr-eabi/10.3.0/thumb/v8-m.main/nofp\libgcc.a(_aeabi_ldivmod.o)
                0x0000000000000654                __aeabi_ldivmod
 .text          0x00000000000006f4       0x30 c:/ncs/toolchains/v2.1.0/opt/zephyr-sdk/arm-zephyr-eabi/bin/../lib/gcc/arm-zephyr-eabi/10.3.0/thumb/v8-m.main/nofp\libgcc.a(_aeabi_uldivmod.o)
                0x00000000000006f4                __aeabi_uldivmod
 .text          0x0000000000000724        0x4 c:/ncs/toolchains/v2.1.0/opt/zephyr-sdk/arm-zephyr-eabi/bin/../lib/gcc/arm-zephyr-eabi/10.3.0/thumb/v8-m.main/nofp\libgcc.a(_dvmd_tls.o)
                0x0000000000000724                __aeabi_idiv0
                0x0000000000000724                __aeabi_ldiv0
 .text          0x0000000000000728      0x2a2 c:/ncs/toolchains/v2.1.0/opt/zephyr-sdk/arm-zephyr-eabi/bin/../lib/gcc/arm-zephyr-eabi/10.3.0/thumb/v8-m.main/nofp\libgcc.a(_udivmoddi4.o)
                0x0000000000000728                __udivmoddi4
 *(SORT_BY_ALIGNMENT(.text.*))
 *fill*         0x00000000000009ca        0x6 
 .text.axl362_acc_config
                0x00000000000009d0       0xdc zephyr/drivers/sensor/adxl362/libdrivers__sensor__adxl362.a(adxl362.c.obj)
 .text.mpu_ccc_cfg_changed_moi
                0x0000000000000aac       0xdc app/libapp.a(main.c.obj)
 .text.mpu_ccc_cfg_changed_hum
                0x0000000000000b88       0xdc app/libapp.a(main.c.obj)
 .text.mpu_ccc_cfg_changed_temp
                0x0000000000000c64       0xdc app/libapp.a(main.c.obj)
 .text.disconnected
                0x0000000000000d40       0xa0 app/libapp.a(main.c.obj)
 .text.connected
                0x0000000000000de0       0xf4 app/libapp.a(main.c.obj)
 .text.bt_ready
                0x0000000000000ed4      0x1d0 app/libapp.a(main.c.obj)
 .text.main     0x00000000000010a4      0x730 app/libapp.a(main.c.obj)
                0x00000000000010a4                main
 .text.convert_sensor_value
                0x00000000000017d4       0x5c app/libapp.a(sensor.c.obj)
 .text.sensor_init
                0x0000000000001830       0x74 app/libapp.a(sensor.c.obj)
                0x0000000000001830                sensor_init
 .text.sensor_update_measurements
                0x00000000000018a4       0x74 app/libapp.a(sensor.c.obj)
                0x00000000000018a4                sensor_update_measurements
 .text.sensor_get_temperature
                0x0000000000001918      0x158 app/libapp.a(sensor.c.obj)
                0x0000000000001918                sensor_get_temperature
 .text.sensor_get_humidity
                0x0000000000001a70      0x158 app/libapp.a(sensor.c.obj)
                0x0000000000001a70                sensor_get_humidity
 .text.cbvprintf_package
                0x0000000000001bc8      0x4c8 zephyr/libzephyr.a(cbprintf_packaged.c.obj)
                0x0000000000001bc8                cbvprintf_package
 .text.cbprintf_package_convert
                0x0000000000002090      0x318 zephyr/libzephyr.a(cbprintf_packaged.c.obj)
                0x0000000000002090                cbprintf_package_convert
 .text.__printk_hook_install
                0x00000000000023a8        0xc zephyr/libzephyr.a(printk.c.obj)
                0x00000000000023a8                __printk_hook_install
 .text.vsnprintk
                0x00000000000023b4       0x30 zephyr/libzephyr.a(printk.c.obj)
                0x00000000000023b4                vsnprintk
 .text.process_event
                0x00000000000023e4      0x158 zephyr/libzephyr.a(onoff.c.obj)
 .text.extract_conversion
                0x000000000000253c      0x314 zephyr/libzephyr.a(cbprintf_complete.c.obj)
 .text.z_cbvprintf_impl
                0x0000000000002850      0x5d0 zephyr/libzephyr.a(cbprintf_complete.c.obj)
                0x0000000000002850                z_cbvprintf_impl
 .text.sys_reboot
                0x0000000000002e20       0x28 zephyr/libzephyr.a(reboot.c.obj)
                0x0000000000002e20                sys_reboot
 .text.nordicsemi_nrf53_init
                0x0000000000002e48       0xa0 zephyr/libzephyr.a(soc.c.obj)
 .text.arch_busy_wait
                0x0000000000002ee8       0x30 zephyr/libzephyr.a(soc.c.obj)
                0x0000000000002ee8                arch_busy_wait
 .text.pm_state_set
                0x0000000000002f18       0x1c zephyr/libzephyr.a(power.c.obj)
                0x0000000000002f18                pm_state_set
 .text.mbox_rx_init
                0x0000000000002f34       0x44 zephyr/libzephyr.a(sync_rtc.c.obj)
 .text.free_resources
                0x0000000000002f78       0x24 zephyr/libzephyr.a(sync_rtc.c.obj)
 .text.ppi_rtc_to_ipc
                0x0000000000002f9c       0x38 zephyr/libzephyr.a(sync_rtc.c.obj)
 .text.ppi_ipc_to_rtc
                0x0000000000002fd4       0x3c zephyr/libzephyr.a(sync_rtc.c.obj)
 .text.remote_callback
                0x0000000000003010       0x40 zephyr/libzephyr.a(sync_rtc.c.obj)
 .text.sync_rtc_setup
                0x0000000000003050       0xe4 zephyr/libzephyr.a(sync_rtc.c.obj)
 .text.z_arm_platform_init
                0x0000000000003134        0x4 zephyr/libzephyr.a(soc_nrf_common.S.obj)
                0x0000000000003134                z_arm_platform_init
 .text.msg_process
                0x0000000000003138       0x4c zephyr/libzephyr.a(log_core.c.obj)
 .text.log_backend_notify_all
                0x0000000000003184       0x3c zephyr/libzephyr.a(log_core.c.obj)
 .text.activate_foreach_backend
                0x00000000000031c0       0x64 zephyr/libzephyr.a(log_core.c.obj)
 .text.z_log_init
                0x0000000000003224       0xb0 zephyr/libzephyr.a(log_core.c.obj)
 .text.thread_set
                0x00000000000032d4       0x28 zephyr/libzephyr.a(log_core.c.obj)
 .text.log_process_thread_timer_expiry_fn
                0x00000000000032fc       0x10 zephyr/libzephyr.a(log_core.c.obj)
 .text.enable_logger
                0x000000000000330c       0x5c zephyr/libzephyr.a(log_core.c.obj)
 .text.log_format_func_t_get
                0x0000000000003368        0xc zephyr/libzephyr.a(log_core.c.obj)
                0x0000000000003368                log_format_func_t_get
 .text.log_set_timestamp_func
                0x0000000000003374       0x1c zephyr/libzephyr.a(log_core.c.obj)
                0x0000000000003374                log_set_timestamp_func
 .text.z_log_notify_backend_enabled
                0x0000000000003390       0x20 zephyr/libzephyr.a(log_core.c.obj)
                0x0000000000003390                z_log_notify_backend_enabled
 .text.z_log_dropped
                0x00000000000033b0       0x30 zephyr/libzephyr.a(log_core.c.obj)
                0x00000000000033b0                z_log_dropped
 .text.z_log_dropped_read_and_clear
                0x00000000000033e0       0x18 zephyr/libzephyr.a(log_core.c.obj)
                0x00000000000033e0                z_log_dropped_read_and_clear
 .text.dropped_notify
                0x00000000000033f8       0x44 zephyr/libzephyr.a(log_core.c.obj)
                0x00000000000033f8                dropped_notify
 .text.z_log_dropped_pending
                0x000000000000343c       0x14 zephyr/libzephyr.a(log_core.c.obj)
                0x000000000000343c                z_log_dropped_pending
 .text.z_log_msg_init
                0x0000000000003450       0x14 zephyr/libzephyr.a(log_core.c.obj)
                0x0000000000003450                z_log_msg_init
 .text.log_core_init
                0x0000000000003464       0x28 zephyr/libzephyr.a(log_core.c.obj)
                0x0000000000003464                log_core_init
 .text.z_log_msg_alloc
                0x000000000000348c       0x14 zephyr/libzephyr.a(log_core.c.obj)
                0x000000000000348c                z_log_msg_alloc
 .text.z_log_msg_claim
                0x00000000000034a0       0x10 zephyr/libzephyr.a(log_core.c.obj)
                0x00000000000034a0                z_log_msg_claim
 .text.z_log_msg_free
                0x00000000000034b0       0x10 zephyr/libzephyr.a(log_core.c.obj)
                0x00000000000034b0                z_log_msg_free
 .text.z_log_msg_pending
                0x00000000000034c0       0x10 zephyr/libzephyr.a(log_core.c.obj)
                0x00000000000034c0                z_log_msg_pending
 .text.z_impl_log_process
                0x00000000000034d0       0x48 zephyr/libzephyr.a(log_core.c.obj)
                0x00000000000034d0                z_impl_log_process
 .text.z_impl_log_panic
                0x0000000000003518       0x5c zephyr/libzephyr.a(log_core.c.obj)
                0x0000000000003518                z_impl_log_panic
 .text.z_log_msg_post_finalize
                0x0000000000003574       0x80 zephyr/libzephyr.a(log_core.c.obj)
 .text.z_log_msg_commit
                0x00000000000035f4       0x24 zephyr/libzephyr.a(log_core.c.obj)
                0x00000000000035f4                z_log_msg_commit
 .text.log_process_thread_func
                0x0000000000003618       0x70 zephyr/libzephyr.a(log_core.c.obj)
 .text.log_source_name_get
                0x0000000000003688       0x20 zephyr/libzephyr.a(log_mgmt.c.obj)
                0x0000000000003688                log_source_name_get
 .text.log_backend_enable
                0x00000000000036a8       0x24 zephyr/libzephyr.a(log_mgmt.c.obj)
                0x00000000000036a8                log_backend_enable
 .text.z_impl_z_log_msg_static_create
                0x00000000000036cc       0xac zephyr/libzephyr.a(log_msg.c.obj)
                0x00000000000036cc                z_impl_z_log_msg_static_create
 .text.print_formatted
                0x0000000000003778       0x28 zephyr/libzephyr.a(log_output.c.obj)
 .text.timestamp_print
                0x00000000000037a0       0x8c zephyr/libzephyr.a(log_output.c.obj)
 .text.color_print
                0x000000000000382c       0x2c zephyr/libzephyr.a(log_output.c.obj)
 .text.ids_print
                0x0000000000003858       0x74 zephyr/libzephyr.a(log_output.c.obj)
 .text.prefix_print
                0x00000000000038cc       0x74 zephyr/libzephyr.a(log_output.c.obj)
 .text.newline_print
                0x0000000000003940       0x28 zephyr/libzephyr.a(log_output.c.obj)
 .text.hexdump_line_print
                0x0000000000003968       0xbc zephyr/libzephyr.a(log_output.c.obj)
 .text.log_output_process
                0x0000000000003a24       0x78 zephyr/libzephyr.a(log_output.c.obj)
                0x0000000000003a24                log_output_process
 .text.log_output_msg_process
                0x0000000000003a9c       0x6c zephyr/libzephyr.a(log_output.c.obj)
                0x0000000000003a9c                log_output_msg_process
 .text.log_output_dropped_process
                0x0000000000003b08       0x58 zephyr/libzephyr.a(log_output.c.obj)
                0x0000000000003b08                log_output_dropped_process
 .text.log_output_timestamp_freq_set
                0x0000000000003b60       0x2c zephyr/libzephyr.a(log_output.c.obj)
                0x0000000000003b60                log_output_timestamp_freq_set
 .text.char_out
                0x0000000000003b8c       0x24 zephyr/libzephyr.a(log_backend_uart.c.obj)
 .text.format_set
                0x0000000000003bb0        0xc zephyr/libzephyr.a(log_backend_uart.c.obj)
 .text.log_backend_uart_init
                0x0000000000003bbc       0x10 zephyr/libzephyr.a(log_backend_uart.c.obj)
 .text.panic    0x0000000000003bcc       0x18 zephyr/libzephyr.a(log_backend_uart.c.obj)
 .text.dropped  0x0000000000003be4       0x10 zephyr/libzephyr.a(log_backend_uart.c.obj)
 .text.process  0x0000000000003bf4       0x20 zephyr/libzephyr.a(log_backend_uart.c.obj)
 .text.log_backend_rtt_init
                0x0000000000003c14       0x1c zephyr/libzephyr.a(log_backend_rtt.c.obj)
 .text.format_set
                0x0000000000003c30        0xc zephyr/libzephyr.a(log_backend_rtt.c.obj)
 .text.on_failed_write
                0x0000000000003c3c       0x30 zephyr/libzephyr.a(log_backend_rtt.c.obj)
 .text.on_write
                0x0000000000003c6c       0x38 zephyr/libzephyr.a(log_backend_rtt.c.obj)
 .text.data_out_block_mode
                0x0000000000003ca4       0x70 zephyr/libzephyr.a(log_backend_rtt.c.obj)
 .text.panic    0x0000000000003d14       0x18 zephyr/libzephyr.a(log_backend_rtt.c.obj)
 .text.dropped  0x0000000000003d2c       0x10 zephyr/libzephyr.a(log_backend_rtt.c.obj)
 .text.process  0x0000000000003d3c       0x20 zephyr/libzephyr.a(log_backend_rtt.c.obj)
 .text.ipc_service_open_instance
                0x0000000000003d5c       0xc8 zephyr/libzephyr.a(ipc_service.c.obj)
                0x0000000000003d5c                ipc_service_open_instance
 .text.ipc_service_register_endpoint
                0x0000000000003e24       0xd0 zephyr/libzephyr.a(ipc_service.c.obj)
                0x0000000000003e24                ipc_service_register_endpoint
 .text.ipc_service_send
                0x0000000000003ef4      0x128 zephyr/libzephyr.a(ipc_service.c.obj)
                0x0000000000003ef4                ipc_service_send
 .text.get_available_ept_slot
                0x000000000000401c       0x10 zephyr/libzephyr.a(ipc_rpmsg_static_vrings.c.obj)
 .text.advertise_ept
                0x000000000000402c       0x3c zephyr/libzephyr.a(ipc_rpmsg_static_vrings.c.obj)
 .text.bound_cb
                0x0000000000004068       0x2c zephyr/libzephyr.a(ipc_rpmsg_static_vrings.c.obj)
 .text.mbox_init
                0x0000000000004094       0x84 zephyr/libzephyr.a(ipc_rpmsg_static_vrings.c.obj)
 .text.open     0x0000000000004118       0xe0 zephyr/libzephyr.a(ipc_rpmsg_static_vrings.c.obj)
 .text.shared_memory_prepare
                0x00000000000041f8       0x44 zephyr/libzephyr.a(ipc_rpmsg_static_vrings.c.obj)
 .text.send     0x000000000000423c       0x50 zephyr/libzephyr.a(ipc_rpmsg_static_vrings.c.obj)
 .text.ns_bind_cb
                0x000000000000428c       0x78 zephyr/libzephyr.a(ipc_rpmsg.c.obj)
 .text.ipc_rpmsg_register_ept
                0x0000000000004304       0x48 zephyr/libzephyr.a(ipc_rpmsg.c.obj)
                0x0000000000004304                ipc_rpmsg_register_ept
 .text.ipc_rpmsg_init
                0x000000000000434c       0x6c zephyr/libzephyr.a(ipc_rpmsg.c.obj)
                0x000000000000434c                ipc_rpmsg_init
 .text.libmetal_setup
                0x00000000000043b8       0x58 zephyr/libzephyr.a(ipc_static_vrings.c.obj)
 .text.vq_setup
                0x0000000000004410       0xa8 zephyr/libzephyr.a(ipc_static_vrings.c.obj)
 .text.ipc_static_vrings_init
                0x00000000000044b8       0x54 zephyr/libzephyr.a(ipc_static_vrings.c.obj)
                0x00000000000044b8                ipc_static_vrings_init
 .text.pm_system_resume
                0x000000000000450c       0xb8 zephyr/libzephyr.a(pm.c.obj)
                0x000000000000450c                pm_system_resume
 .text.pm_system_suspend
                0x00000000000045c4      0x154 zephyr/libzephyr.a(pm.c.obj)
                0x00000000000045c4                pm_system_suspend
 .text.pm_policy_next_state
                0x0000000000004718       0x98 zephyr/libzephyr.a(policy.c.obj)
                0x0000000000004718                pm_policy_next_state
 .text.pm_state_cpu_get_all
                0x00000000000047b0       0x10 zephyr/libzephyr.a(state.c.obj)
                0x00000000000047b0                pm_state_cpu_get_all
 .text.tc_aes128_set_encrypt_key
                0x00000000000047c0       0xc4 zephyr/libzephyr.a(aes_encrypt.c.obj)
                0x00000000000047c0                tc_aes128_set_encrypt_key
 .text.tc_aes_encrypt
                0x0000000000004884      0x6e4 zephyr/libzephyr.a(aes_encrypt.c.obj)
                0x0000000000004884                tc_aes_encrypt
 .text.compress
                0x0000000000004f68      0x1c0 zephyr/libzephyr.a(sha256.c.obj)
 .text.tc_sha256_init
                0x0000000000005128       0x5c zephyr/libzephyr.a(sha256.c.obj)
                0x0000000000005128                tc_sha256_init
 .text.nrf_cc3xx_platform_abort_init
                0x0000000000005184       0x10 zephyr/libzephyr.a(nrf_cc3xx_platform_abort_zephyr.c.obj)
                0x0000000000005184                nrf_cc3xx_platform_abort_init
 .text.mutex_unlock_platform
                0x0000000000005194       0x60 zephyr/libzephyr.a(nrf_cc3xx_platform_mutex_zephyr.c.obj)
 .text.mutex_lock_platform
                0x00000000000051f4       0x74 zephyr/libzephyr.a(nrf_cc3xx_platform_mutex_zephyr.c.obj)
 .text.mutex_free_platform
                0x0000000000005268       0x4c zephyr/libzephyr.a(nrf_cc3xx_platform_mutex_zephyr.c.obj)
 .text.mutex_init_platform
                0x00000000000052b4       0x74 zephyr/libzephyr.a(nrf_cc3xx_platform_mutex_zephyr.c.obj)
 .text.nrf_cc3xx_platform_mutex_init
                0x0000000000005328       0x28 zephyr/libzephyr.a(nrf_cc3xx_platform_mutex_zephyr.c.obj)
                0x0000000000005328                nrf_cc3xx_platform_mutex_init
 .text.z_arm_cpu_idle_init
                0x0000000000005350        0xc zephyr/arch/arch/arm/core/aarch32/libarch__arm__core__aarch32.a(cpu_idle.S.obj)
                0x0000000000005350                z_arm_cpu_idle_init
 .text.arch_cpu_idle
                0x000000000000535c       0x1c zephyr/arch/arch/arm/core/aarch32/libarch__arm__core__aarch32.a(cpu_idle.S.obj)
                0x000000000000535c                arch_cpu_idle
 .text.arch_cpu_atomic_idle
                0x0000000000005378       0x14 zephyr/arch/arch/arm/core/aarch32/libarch__arm__core__aarch32.a(cpu_idle.S.obj)
                0x0000000000005378                arch_cpu_atomic_idle
 .text.esf_dump
                0x000000000000538c      0x244 zephyr/arch/arch/arm/core/aarch32/libarch__arm__core__aarch32.a(fatal.c.obj)
 .text.arch_irq_enable
                0x00000000000055d0       0x1c zephyr/arch/arch/arm/core/aarch32/libarch__arm__core__aarch32.a(irq_manage.c.obj)
                0x00000000000055d0                arch_irq_enable
 .text.arch_irq_disable
                0x00000000000055ec       0x28 zephyr/arch/arch/arm/core/aarch32/libarch__arm__core__aarch32.a(irq_manage.c.obj)
                0x00000000000055ec                arch_irq_disable
 .text.arch_irq_is_enabled
                0x0000000000005614       0x1c zephyr/arch/arch/arm/core/aarch32/libarch__arm__core__aarch32.a(irq_manage.c.obj)
                0x0000000000005614                arch_irq_is_enabled
 .text.z_arm_irq_priority_set
                0x0000000000005630       0x2c zephyr/arch/arch/arm/core/aarch32/libarch__arm__core__aarch32.a(irq_manage.c.obj)
                0x0000000000005630                z_arm_irq_priority_set
 .text.z_SysNmiOnReset
                0x000000000000565c        0x8 zephyr/arch/arch/arm/core/aarch32/libarch__arm__core__aarch32.a(nmi_on_reset.S.obj)
                0x000000000000565c                z_SysNmiOnReset
 .text.z_arm_prep_c
                0x0000000000005664       0x38 zephyr/arch/arch/arm/core/aarch32/libarch__arm__core__aarch32.a(prep_c.c.obj)
                0x0000000000005664                z_arm_prep_c
 .text.arch_swap
                0x000000000000569c       0x38 zephyr/arch/arch/arm/core/aarch32/libarch__arm__core__aarch32.a(swap.c.obj)
                0x000000000000569c                arch_swap
 .text.z_arm_pendsv
                0x00000000000056d4       0x5c zephyr/arch/arch/arm/core/aarch32/libarch__arm__core__aarch32.a(swap_helper.S.obj)
                0x00000000000056d4                z_arm_pendsv
 .text.z_arm_svc
                0x0000000000005730       0x20 zephyr/arch/arch/arm/core/aarch32/libarch__arm__core__aarch32.a(swap_helper.S.obj)
                0x0000000000005730                z_arm_svc
 .text.arch_new_thread
                0x0000000000005750       0x44 zephyr/arch/arch/arm/core/aarch32/libarch__arm__core__aarch32.a(thread.c.obj)
                0x0000000000005750                arch_new_thread
 .text.arch_switch_to_main_thread
                0x0000000000005794       0x2c zephyr/arch/arch/arm/core/aarch32/libarch__arm__core__aarch32.a(thread.c.obj)
                0x0000000000005794                arch_switch_to_main_thread
 .text._isr_wrapper
                0x00000000000057c0       0x40 zephyr/arch/arch/arm/core/aarch32/libarch__arm__core__aarch32.a(isr_wrapper.S.obj)
                0x00000000000057c0                _isr_wrapper
 .text._HandlerModeExit
                0x0000000000005800       0x1c zephyr/arch/arch/arm/core/aarch32/cortex_m/libarch__arm__core__aarch32__cortex_m.a(exc_exit.S.obj)
                0x0000000000005800                z_arm_int_exit
                0x0000000000005800                z_arm_exc_exit
 .text.mem_manage_fault
                0x000000000000581c      0x2e8 zephyr/arch/arch/arm/core/aarch32/cortex_m/libarch__arm__core__aarch32__cortex_m.a(fault.c.obj)
 .text.bus_fault
                0x0000000000005b04      0x320 zephyr/arch/arch/arm/core/aarch32/cortex_m/libarch__arm__core__aarch32__cortex_m.a(fault.c.obj)
 .text.usage_fault
                0x0000000000005e24      0x2ec zephyr/arch/arch/arm/core/aarch32/cortex_m/libarch__arm__core__aarch32__cortex_m.a(fault.c.obj)
 .text.hard_fault
                0x0000000000006110      0x238 zephyr/arch/arch/arm/core/aarch32/cortex_m/libarch__arm__core__aarch32__cortex_m.a(fault.c.obj)
 .text.debug_monitor
                0x0000000000006348       0x60 zephyr/arch/arch/arm/core/aarch32/cortex_m/libarch__arm__core__aarch32__cortex_m.a(fault.c.obj)
 .text.reserved_exception
                0x00000000000063a8       0xd8 zephyr/arch/arch/arm/core/aarch32/cortex_m/libarch__arm__core__aarch32__cortex_m.a(fault.c.obj)
 .text.z_arm_fault
                0x0000000000006480       0xe8 zephyr/arch/arch/arm/core/aarch32/cortex_m/libarch__arm__core__aarch32__cortex_m.a(fault.c.obj)
                0x0000000000006480                z_arm_fault
 .text.z_arm_fault_init
                0x0000000000006568       0x18 zephyr/arch/arch/arm/core/aarch32/cortex_m/libarch__arm__core__aarch32__cortex_m.a(fault.c.obj)
                0x0000000000006568                z_arm_fault_init
 .text.__fault  0x0000000000006580       0x14 zephyr/arch/arch/arm/core/aarch32/cortex_m/libarch__arm__core__aarch32__cortex_m.a(fault_s.S.obj)
                0x0000000000006580                z_arm_usage_fault
                0x0000000000006580                z_arm_mpu_fault
                0x0000000000006580                z_arm_exc_spurious
                0x0000000000006580                z_arm_debug_monitor
                0x0000000000006580                z_arm_hard_fault
                0x0000000000006580                z_arm_bus_fault
 .text.z_arm_interrupt_init
                0x0000000000006594       0x34 zephyr/arch/arch/arm/core/aarch32/cortex_m/libarch__arm__core__aarch32__cortex_m.a(irq_init.c.obj)
                0x0000000000006594                z_arm_interrupt_init
 .text._reset_section
                0x00000000000065c8       0x68 zephyr/arch/arch/arm/core/aarch32/cortex_m/libarch__arm__core__aarch32__cortex_m.a(reset.S.obj)
                0x00000000000065c8                __start
                0x00000000000065c8                z_arm_reset
 .text.sys_arch_reboot
                0x0000000000006630       0x24 zephyr/arch/arch/arm/core/aarch32/cortex_m/libarch__arm__core__aarch32__cortex_m.a(scb.c.obj)
                0x0000000000006630                sys_arch_reboot
 .text.z_arm_clear_arm_mpu_config
                0x0000000000006654       0x28 zephyr/arch/arch/arm/core/aarch32/cortex_m/libarch__arm__core__aarch32__cortex_m.a(scb.c.obj)
                0x0000000000006654                z_arm_clear_arm_mpu_config
 .text.z_arm_init_arch_hw_at_boot
                0x000000000000667c       0x54 zephyr/arch/arch/arm/core/aarch32/cortex_m/libarch__arm__core__aarch32__cortex_m.a(scb.c.obj)
                0x000000000000667c                z_arm_init_arch_hw_at_boot
 .text.z_impl_k_thread_abort
                0x00000000000066d0       0x34 zephyr/arch/arch/arm/core/aarch32/cortex_m/libarch__arm__core__aarch32__cortex_m.a(thread_abort.c.obj)
                0x00000000000066d0                z_impl_k_thread_abort
 .text.z_arm_configure_static_mpu_regions
                0x0000000000006704       0x40 zephyr/arch/arch/arm/core/aarch32/mpu/libarch__arm__core__aarch32__mpu.a(arm_core_mpu.c.obj)
                0x0000000000006704                z_arm_configure_static_mpu_regions
 .text.mpu_init
                0x0000000000006744       0x14 zephyr/arch/arch/arm/core/aarch32/mpu/libarch__arm__core__aarch32__mpu.a(arm_mpu.c.obj)
 .text.mpu_set_region
                0x0000000000006758       0x14 zephyr/arch/arch/arm/core/aarch32/mpu/libarch__arm__core__aarch32__mpu.a(arm_mpu.c.obj)
 .text.region_allocate_and_init
                0x000000000000676c       0x9c zephyr/arch/arch/arm/core/aarch32/mpu/libarch__arm__core__aarch32__mpu.a(arm_mpu.c.obj)
 .text.mpu_configure_regions_and_partition
                0x0000000000006808      0x2b0 zephyr/arch/arch/arm/core/aarch32/mpu/libarch__arm__core__aarch32__mpu.a(arm_mpu.c.obj)
 .text.mpu_configure_static_mpu_regions
                0x0000000000006ab8       0x14 zephyr/arch/arch/arm/core/aarch32/mpu/libarch__arm__core__aarch32__mpu.a(arm_mpu.c.obj)
 .text.mpu_mark_areas_for_dynamic_regions
                0x0000000000006acc       0xbc zephyr/arch/arch/arm/core/aarch32/mpu/libarch__arm__core__aarch32__mpu.a(arm_mpu.c.obj)
 .text.arm_core_mpu_enable
                0x0000000000006b88       0x18 zephyr/arch/arch/arm/core/aarch32/mpu/libarch__arm__core__aarch32__mpu.a(arm_mpu.c.obj)
                0x0000000000006b88                arm_core_mpu_enable
 .text.arm_core_mpu_disable
                0x0000000000006ba0       0x14 zephyr/arch/arch/arm/core/aarch32/mpu/libarch__arm__core__aarch32__mpu.a(arm_mpu.c.obj)
                0x0000000000006ba0                arm_core_mpu_disable
 .text.z_arm_mpu_init
                0x0000000000006bb4       0x44 zephyr/arch/arch/arm/core/aarch32/mpu/libarch__arm__core__aarch32__mpu.a(arm_mpu.c.obj)
                0x0000000000006bb4                z_arm_mpu_init
 .text.__stdout_hook_install
                0x0000000000006bf8        0xc zephyr/lib/libc/minimal/liblib__libc__minimal.a(stdout_console.c.obj)
                0x0000000000006bf8                __stdout_hook_install
 .text.enable_cpunet
                0x0000000000006c04       0xa4 zephyr/boards/arm/thingy53_nrf5340/libboards__arm__thingy53_nrf5340.a(board.c.obj)
 .text.bt_hex_real
                0x0000000000006ca8       0x58 zephyr/subsys/bluetooth/common/libsubsys__bluetooth__common.a(log.c.obj)
                0x0000000000006ca8                bt_hex_real
 .text.bt_addr_le_str_real
                0x0000000000006d00       0x90 zephyr/subsys/bluetooth/common/libsubsys__bluetooth__common.a(log.c.obj)
                0x0000000000006d00                bt_addr_le_str_real
 .text.long_wq_init
                0x0000000000006d90       0x3c zephyr/subsys/bluetooth/host/libsubsys__bluetooth__host.a(long_wq.c.obj)
 .text.bt_long_wq_schedule
                0x0000000000006dcc       0x10 zephyr/subsys/bluetooth/host/libsubsys__bluetooth__host.a(long_wq.c.obj)
                0x0000000000006dcc                bt_long_wq_schedule
 .text.uuid_to_uuid128
                0x0000000000006ddc       0x88 zephyr/subsys/bluetooth/host/libsubsys__bluetooth__host.a(uuid.c.obj)
 .text.bt_buf_get_rx
                0x0000000000006e64       0x34 zephyr/subsys/bluetooth/host/libsubsys__bluetooth__host.a(buf.c.obj)
                0x0000000000006e64                bt_buf_get_rx
 .text.bt_buf_get_cmd_complete
                0x0000000000006e98       0x34 zephyr/subsys/bluetooth/host/libsubsys__bluetooth__host.a(buf.c.obj)
                0x0000000000006e98                bt_buf_get_cmd_complete
 .text.bt_buf_get_evt
                0x0000000000006ecc       0x64 zephyr/subsys/bluetooth/host/libsubsys__bluetooth__host.a(buf.c.obj)
                0x0000000000006ecc                bt_buf_get_evt
 .text.conn_handle_disconnected
                0x0000000000006f30       0x20 zephyr/subsys/bluetooth/host/libsubsys__bluetooth__host.a(hci_core.c.obj)
 .text.conn_handle_is_disconnected
                0x0000000000006f50       0x2c zephyr/subsys/bluetooth/host/libsubsys__bluetooth__host.a(hci_core.c.obj)
 .text.read_local_ver_complete
                0x0000000000006f7c       0x2c zephyr/subsys/bluetooth/host/libsubsys__bluetooth__host.a(hci_core.c.obj)
 .text.le_read_supp_states_complete
                0x0000000000006fa8       0x3c zephyr/subsys/bluetooth/host/libsubsys__bluetooth__host.a(hci_core.c.obj)
 .text.ver_str  0x0000000000006fe4       0x44 zephyr/subsys/bluetooth/host/libsubsys__bluetooth__host.a(hci_core.c.obj)
 .text.vs_hw_platform
                0x0000000000007028       0x18 zephyr/subsys/bluetooth/host/libsubsys__bluetooth__host.a(hci_core.c.obj)
 .text.vs_hw_variant
                0x0000000000007040       0x20 zephyr/subsys/bluetooth/host/libsubsys__bluetooth__host.a(hci_core.c.obj)
 .text.vs_fw_variant
                0x0000000000007060       0x18 zephyr/subsys/bluetooth/host/libsubsys__bluetooth__host.a(hci_core.c.obj)
 .text.hci_reset_complete
                0x0000000000007078       0x24 zephyr/subsys/bluetooth/host/libsubsys__bluetooth__host.a(hci_core.c.obj)
 .text.read_local_features_complete
                0x000000000000709c       0x14 zephyr/subsys/bluetooth/host/libsubsys__bluetooth__host.a(hci_core.c.obj)
 .text.read_supported_commands_complete
                0x00000000000070b0       0x14 zephyr/subsys/bluetooth/host/libsubsys__bluetooth__host.a(hci_core.c.obj)
 .text.read_le_features_complete
                0x00000000000070c4       0x14 zephyr/subsys/bluetooth/host/libsubsys__bluetooth__host.a(hci_core.c.obj)
 .text.le_read_buffer_size_complete
                0x00000000000070d8       0x28 zephyr/subsys/bluetooth/host/libsubsys__bluetooth__host.a(hci_core.c.obj)
 .text.read_buffer_size_complete
                0x0000000000007100       0x2c zephyr/subsys/bluetooth/host/libsubsys__bluetooth__host.a(hci_core.c.obj)
 .text.hci_data_buf_overflow
                0x000000000000712c       0x8c zephyr/subsys/bluetooth/host/libsubsys__bluetooth__host.a(hci_core.c.obj)
 .text.handle_event_common
                0x00000000000071b8       0xcc zephyr/subsys/bluetooth/host/libsubsys__bluetooth__host.a(hci_core.c.obj)
 .text.bt_dev_show_info
                0x0000000000007284      0x36c zephyr/subsys/bluetooth/host/libsubsys__bluetooth__host.a(hci_core.c.obj)
 .text.find_pending_connect
                0x00000000000075f0       0x4c zephyr/subsys/bluetooth/host/libsubsys__bluetooth__host.a(hci_core.c.obj)
 .text.le_conn_complete_adv_timeout
                0x000000000000763c       0x90 zephyr/subsys/bluetooth/host/libsubsys__bluetooth__host.a(hci_core.c.obj)
 .text.hci_disconn_complete
                0x00000000000076cc       0xc0 zephyr/subsys/bluetooth/host/libsubsys__bluetooth__host.a(hci_core.c.obj)
 .text.le_phy_update_complete
                0x000000000000778c       0xa0 zephyr/subsys/bluetooth/host/libsubsys__bluetooth__host.a(hci_core.c.obj)
 .text.le_data_len_change
                0x000000000000782c       0x9c zephyr/subsys/bluetooth/host/libsubsys__bluetooth__host.a(hci_core.c.obj)
 .text.hci_num_completed_packets
                0x00000000000078c8      0x1b0 zephyr/subsys/bluetooth/host/libsubsys__bluetooth__host.a(hci_core.c.obj)
 .text.hci_cmd_done
                0x0000000000007a78      0x238 zephyr/subsys/bluetooth/host/libsubsys__bluetooth__host.a(hci_core.c.obj)
 .text.le_remote_feat_complete
                0x0000000000007cb0       0xc8 zephyr/subsys/bluetooth/host/libsubsys__bluetooth__host.a(hci_core.c.obj)
 .text.hci_cmd_status
                0x0000000000007d78       0x28 zephyr/subsys/bluetooth/host/libsubsys__bluetooth__host.a(hci_core.c.obj)
 .text.hci_cmd_complete
                0x0000000000007da0       0x2c zephyr/subsys/bluetooth/host/libsubsys__bluetooth__host.a(hci_core.c.obj)
 .text.hci_hardware_error
                0x0000000000007dcc       0x94 zephyr/subsys/bluetooth/host/libsubsys__bluetooth__host.a(hci_core.c.obj)
 .text.handle_event
                0x0000000000007e60       0xe8 zephyr/subsys/bluetooth/host/libsubsys__bluetooth__host.a(hci_core.c.obj)
 .text.hci_le_meta_event
                0x0000000000007f48       0x20 zephyr/subsys/bluetooth/host/libsubsys__bluetooth__host.a(hci_core.c.obj)
 .text.rx_queue_put
                0x0000000000007f68       0xb0 zephyr/subsys/bluetooth/host/libsubsys__bluetooth__host.a(hci_core.c.obj)
 .text.hci_acl  0x0000000000008018      0x194 zephyr/subsys/bluetooth/host/libsubsys__bluetooth__host.a(hci_core.c.obj)
 .text.le_conn_update_complete
                0x00000000000081ac      0x10c zephyr/subsys/bluetooth/host/libsubsys__bluetooth__host.a(hci_core.c.obj)
 .text.hci_event
                0x00000000000082b8       0xa8 zephyr/subsys/bluetooth/host/libsubsys__bluetooth__host.a(hci_core.c.obj)
 .text.rx_work_handler
                0x0000000000008360      0x154 zephyr/subsys/bluetooth/host/libsubsys__bluetooth__host.a(hci_core.c.obj)
 .text.bt_hci_cmd_state_set_init
                0x00000000000084b4       0x24 zephyr/subsys/bluetooth/host/libsubsys__bluetooth__host.a(hci_core.c.obj)
                0x00000000000084b4                bt_hci_cmd_state_set_init
 .text.bt_hci_cmd_create
                0x00000000000084d8       0x7c zephyr/subsys/bluetooth/host/libsubsys__bluetooth__host.a(hci_core.c.obj)
                0x00000000000084d8                bt_hci_cmd_create
 .text.bt_hci_cmd_send_sync
                0x0000000000008554      0x170 zephyr/subsys/bluetooth/host/libsubsys__bluetooth__host.a(hci_core.c.obj)
                0x0000000000008554                bt_hci_cmd_send_sync
 .text.set_flow_control
                0x00000000000086c4       0xd8 zephyr/subsys/bluetooth/host/libsubsys__bluetooth__host.a(hci_core.c.obj)
 .text.common_init
                0x000000000000879c       0xa4 zephyr/subsys/bluetooth/host/libsubsys__bluetooth__host.a(hci_core.c.obj)
 .text.hci_le_read_max_data_len
                0x0000000000008840       0x88 zephyr/subsys/bluetooth/host/libsubsys__bluetooth__host.a(hci_core.c.obj)
 .text.le_set_event_mask
                0x00000000000088c8       0x80 zephyr/subsys/bluetooth/host/libsubsys__bluetooth__host.a(hci_core.c.obj)
 .text.le_init  0x0000000000008948      0x17c zephyr/subsys/bluetooth/host/libsubsys__bluetooth__host.a(hci_core.c.obj)
 .text.bt_br_init
                0x0000000000008ac4       0x38 zephyr/subsys/bluetooth/host/libsubsys__bluetooth__host.a(hci_core.c.obj)
 .text.hci_vs_init
                0x0000000000008afc      0x3e8 zephyr/subsys/bluetooth/host/libsubsys__bluetooth__host.a(hci_core.c.obj)
 .text.hci_init
                0x0000000000008ee4       0xb0 zephyr/subsys/bluetooth/host/libsubsys__bluetooth__host.a(hci_core.c.obj)
 .text.bt_hci_le_rand
                0x0000000000008f94       0x58 zephyr/subsys/bluetooth/host/libsubsys__bluetooth__host.a(hci_core.c.obj)
                0x0000000000008f94                bt_hci_le_rand
 .text.conn_auto_initiate
                0x0000000000008fec      0x218 zephyr/subsys/bluetooth/host/libsubsys__bluetooth__host.a(hci_core.c.obj)
 .text.bt_hci_le_enh_conn_complete
                0x0000000000009204      0x290 zephyr/subsys/bluetooth/host/libsubsys__bluetooth__host.a(hci_core.c.obj)
                0x0000000000009204                bt_hci_le_enh_conn_complete
 .text.bt_send  0x0000000000009494       0x14 zephyr/subsys/bluetooth/host/libsubsys__bluetooth__host.a(hci_core.c.obj)
                0x0000000000009494                bt_send
 .text.bt_hci_cmd_send
                0x00000000000094a8       0xd0 zephyr/subsys/bluetooth/host/libsubsys__bluetooth__host.a(hci_core.c.obj)
                0x00000000000094a8                bt_hci_cmd_send
 .text.bt_hci_host_num_completed_packets
                0x0000000000009578      0x19c zephyr/subsys/bluetooth/host/libsubsys__bluetooth__host.a(hci_core.c.obj)
                0x0000000000009578                bt_hci_host_num_completed_packets
 .text.le_conn_param_neg_reply
                0x0000000000009714       0x84 zephyr/subsys/bluetooth/host/libsubsys__bluetooth__host.a(hci_core.c.obj)
 .text.le_conn_param_req
                0x0000000000009798       0xd8 zephyr/subsys/bluetooth/host/libsubsys__bluetooth__host.a(hci_core.c.obj)
 .text.send_cmd
                0x0000000000009870      0x184 zephyr/subsys/bluetooth/host/libsubsys__bluetooth__host.a(hci_core.c.obj)
 .text.process_events
                0x00000000000099f4       0xc8 zephyr/subsys/bluetooth/host/libsubsys__bluetooth__host.a(hci_core.c.obj)
 .text.hci_tx_thread
                0x0000000000009abc       0x64 zephyr/subsys/bluetooth/host/libsubsys__bluetooth__host.a(hci_core.c.obj)
 .text.hci_event_prio
                0x0000000000009b20       0xd4 zephyr/subsys/bluetooth/host/libsubsys__bluetooth__host.a(hci_core.c.obj)
                0x0000000000009b20                hci_event_prio
 .text.bt_recv  0x0000000000009bf4       0xf8 zephyr/subsys/bluetooth/host/libsubsys__bluetooth__host.a(hci_core.c.obj)
                0x0000000000009bf4                bt_recv
 .text.bt_hci_driver_register
                0x0000000000009cec       0x30 zephyr/subsys/bluetooth/host/libsubsys__bluetooth__host.a(hci_core.c.obj)
                0x0000000000009cec                bt_hci_driver_register
 .text.bt_finalize_init
                0x0000000000009d1c       0x20 zephyr/subsys/bluetooth/host/libsubsys__bluetooth__host.a(hci_core.c.obj)
                0x0000000000009d1c                bt_finalize_init
 .text.init_work
                0x0000000000009d3c       0x14 zephyr/subsys/bluetooth/host/libsubsys__bluetooth__host.a(hci_core.c.obj)
 .text.bt_enable
                0x0000000000009d50      0x1d0 zephyr/subsys/bluetooth/host/libsubsys__bluetooth__host.a(hci_core.c.obj)
                0x0000000000009d50                bt_enable
 .text.bt_get_name
                0x0000000000009f20        0x8 zephyr/subsys/bluetooth/host/libsubsys__bluetooth__host.a(hci_core.c.obj)
                0x0000000000009f20                bt_get_name
 .text.id_find  0x0000000000009f28       0x38 zephyr/subsys/bluetooth/host/libsubsys__bluetooth__host.a(id.c.obj)
 .text.set_random_address
                0x0000000000009f60       0x5c zephyr/subsys/bluetooth/host/libsubsys__bluetooth__host.a(id.c.obj)
 .text.id_create
                0x0000000000009fbc       0x70 zephyr/subsys/bluetooth/host/libsubsys__bluetooth__host.a(id.c.obj)
 .text.bt_id_create
                0x000000000000a02c      0x100 zephyr/subsys/bluetooth/host/libsubsys__bluetooth__host.a(id.c.obj)
                0x000000000000a02c                bt_id_create
 .text.bt_id_read_public_addr
                0x000000000000a12c       0xc4 zephyr/subsys/bluetooth/host/libsubsys__bluetooth__host.a(id.c.obj)
                0x000000000000a12c                bt_id_read_public_addr
 .text.bt_setup_public_id_addr
                0x000000000000a1f0       0x28 zephyr/subsys/bluetooth/host/libsubsys__bluetooth__host.a(id.c.obj)
                0x000000000000a1f0                bt_setup_public_id_addr
 .text.bt_read_static_addr
                0x000000000000a218      0x14c zephyr/subsys/bluetooth/host/libsubsys__bluetooth__host.a(id.c.obj)
                0x000000000000a218                bt_read_static_addr
 .text.bt_setup_random_id_addr
                0x000000000000a364       0x68 zephyr/subsys/bluetooth/host/libsubsys__bluetooth__host.a(id.c.obj)
                0x000000000000a364                bt_setup_random_id_addr
 .text.bt_id_set_adv_own_addr
                0x000000000000a3cc       0xa8 zephyr/subsys/bluetooth/host/libsubsys__bluetooth__host.a(id.c.obj)
                0x000000000000a3cc                bt_id_set_adv_own_addr
 .text.bt_id_init
                0x000000000000a474      0x130 zephyr/subsys/bluetooth/host/libsubsys__bluetooth__host.a(id.c.obj)
                0x000000000000a474                bt_id_init
 .text.adv_new_legacy
                0x000000000000a5a4        0x8 zephyr/subsys/bluetooth/host/libsubsys__bluetooth__host.a(adv.c.obj)
 .text.set_data_add_complete
                0x000000000000a5ac       0xe4 zephyr/subsys/bluetooth/host/libsubsys__bluetooth__host.a(adv.c.obj)
 .text.valid_adv_ext_param
                0x000000000000a690       0x9c zephyr/subsys/bluetooth/host/libsubsys__bluetooth__host.a(adv.c.obj)
 .text.le_adv_start_add_conn
                0x000000000000a72c       0x94 zephyr/subsys/bluetooth/host/libsubsys__bluetooth__host.a(adv.c.obj)
 .text.le_adv_stop_free_conn
                0x000000000000a7c0       0x68 zephyr/subsys/bluetooth/host/libsubsys__bluetooth__host.a(adv.c.obj)
 .text.bt_le_adv_lookup_legacy
                0x000000000000a828        0x8 zephyr/subsys/bluetooth/host/libsubsys__bluetooth__host.a(adv.c.obj)
                0x000000000000a828                bt_le_adv_lookup_legacy
 .text.bt_le_adv_start_legacy
                0x000000000000a830      0x380 zephyr/subsys/bluetooth/host/libsubsys__bluetooth__host.a(adv.c.obj)
                0x000000000000a830                bt_le_adv_start_legacy
 .text.bt_le_adv_start
                0x000000000000abb0       0x60 zephyr/subsys/bluetooth/host/libsubsys__bluetooth__host.a(adv.c.obj)
                0x000000000000abb0                bt_le_adv_start
 .text.bt_le_adv_stop
                0x000000000000ac10       0xac zephyr/subsys/bluetooth/host/libsubsys__bluetooth__host.a(adv.c.obj)
                0x000000000000ac10                bt_le_adv_stop
 .text.adv_timeout
                0x000000000000acbc       0x8c zephyr/subsys/bluetooth/host/libsubsys__bluetooth__host.a(adv.c.obj)
 .text.prng_reseed
                0x000000000000ad48       0xb8 zephyr/subsys/bluetooth/host/libsubsys__bluetooth__host.a(crypto.c.obj)
 .text.prng_init
                0x000000000000ae00       0x88 zephyr/subsys/bluetooth/host/libsubsys__bluetooth__host.a(crypto.c.obj)
                0x000000000000ae00                prng_init
 .text.bt_rand  0x000000000000ae88       0x3c zephyr/subsys/bluetooth/host/libsubsys__bluetooth__host.a(crypto.c.obj)
                0x000000000000ae88                bt_rand
 .text.notify_connected
                0x000000000000aec4       0x44 zephyr/subsys/bluetooth/host/libsubsys__bluetooth__host.a(conn.c.obj)
 .text.notify_disconnected
                0x000000000000af08       0x44 zephyr/subsys/bluetooth/host/libsubsys__bluetooth__host.a(conn.c.obj)
 .text.tx_free  0x000000000000af4c       0x18 zephyr/subsys/bluetooth/host/libsubsys__bluetooth__host.a(conn.c.obj)
 .text.conn_tx_alloc
                0x000000000000af64       0x30 zephyr/subsys/bluetooth/host/libsubsys__bluetooth__host.a(conn.c.obj)
 .text.bt_conn_get_pkts
                0x000000000000af94        0x8 zephyr/subsys/bluetooth/host/libsubsys__bluetooth__host.a(conn.c.obj)
                0x000000000000af94                bt_conn_get_pkts
 .text.send_frag
                0x000000000000af9c      0x1ac zephyr/subsys/bluetooth/host/libsubsys__bluetooth__host.a(conn.c.obj)
 .text.bt_conn_new
                0x000000000000b148       0x60 zephyr/subsys/bluetooth/host/libsubsys__bluetooth__host.a(conn.c.obj)
                0x000000000000b148                bt_conn_new
 .text.acl_conn_new
                0x000000000000b1a8       0x10 zephyr/subsys/bluetooth/host/libsubsys__bluetooth__host.a(conn.c.obj)
 .text.bt_acl_recv
                0x000000000000b1b8      0x2a4 zephyr/subsys/bluetooth/host/libsubsys__bluetooth__host.a(conn.c.obj)
 .text.bt_conn_send_cb
                0x000000000000b45c      0x150 zephyr/subsys/bluetooth/host/libsubsys__bluetooth__host.a(conn.c.obj)
                0x000000000000b45c                bt_conn_send_cb
 .text.bt_conn_prepare_events
                0x000000000000b5ac       0x48 zephyr/subsys/bluetooth/host/libsubsys__bluetooth__host.a(conn.c.obj)
                0x000000000000b5ac                bt_conn_prepare_events
 .text.bt_conn_lookup_handle
                0x000000000000b5f4       0x14 zephyr/subsys/bluetooth/host/libsubsys__bluetooth__host.a(conn.c.obj)
                0x000000000000b5f4                bt_conn_lookup_handle
 .text.bt_conn_set_state
                0x000000000000b608      0x32c zephyr/subsys/bluetooth/host/libsubsys__bluetooth__host.a(conn.c.obj)
                0x000000000000b608                bt_conn_set_state
 .text.bt_conn_index
                0x000000000000b934       0x18 zephyr/subsys/bluetooth/host/libsubsys__bluetooth__host.a(conn.c.obj)
                0x000000000000b934                bt_conn_index
 .text.bt_conn_create_pdu_timeout
                0x000000000000b94c       0x7c zephyr/subsys/bluetooth/host/libsubsys__bluetooth__host.a(conn.c.obj)
                0x000000000000b94c                bt_conn_create_pdu_timeout
 .text.notify_le_param_updated
                0x000000000000b9c8       0x98 zephyr/subsys/bluetooth/host/libsubsys__bluetooth__host.a(conn.c.obj)
                0x000000000000b9c8                notify_le_param_updated
 .text.le_param_req
                0x000000000000ba60       0x74 zephyr/subsys/bluetooth/host/libsubsys__bluetooth__host.a(conn.c.obj)
                0x000000000000ba60                le_param_req
 .text.bt_conn_lookup_addr_le
                0x000000000000bad4       0x48 zephyr/subsys/bluetooth/host/libsubsys__bluetooth__host.a(conn.c.obj)
                0x000000000000bad4                bt_conn_lookup_addr_le
 .text.bt_conn_exists_le
                0x000000000000bb1c      0x134 zephyr/subsys/bluetooth/host/libsubsys__bluetooth__host.a(conn.c.obj)
                0x000000000000bb1c                bt_conn_exists_le
 .text.bt_conn_lookup_state_le
                0x000000000000bc50       0x64 zephyr/subsys/bluetooth/host/libsubsys__bluetooth__host.a(conn.c.obj)
                0x000000000000bc50                bt_conn_lookup_state_le
 .text.send_conn_le_param_update
                0x000000000000bcb4       0x70 zephyr/subsys/bluetooth/host/libsubsys__bluetooth__host.a(conn.c.obj)
 .text.deferred_work
                0x000000000000bd24       0x9c zephyr/subsys/bluetooth/host/libsubsys__bluetooth__host.a(conn.c.obj)
 .text.bt_conn_create_frag_timeout
                0x000000000000bdc0       0x10 zephyr/subsys/bluetooth/host/libsubsys__bluetooth__host.a(conn.c.obj)
                0x000000000000bdc0                bt_conn_create_frag_timeout
 .text.create_frag
                0x000000000000bdd0       0x68 zephyr/subsys/bluetooth/host/libsubsys__bluetooth__host.a(conn.c.obj)
 .text.send_buf
                0x000000000000be38       0x7c zephyr/subsys/bluetooth/host/libsubsys__bluetooth__host.a(conn.c.obj)
 .text.bt_conn_process_tx
                0x000000000000beb4       0x88 zephyr/subsys/bluetooth/host/libsubsys__bluetooth__host.a(conn.c.obj)
                0x000000000000beb4                bt_conn_process_tx
 .text.bt_conn_lookup_index
                0x000000000000bf3c       0x1c zephyr/subsys/bluetooth/host/libsubsys__bluetooth__host.a(conn.c.obj)
                0x000000000000bf3c                bt_conn_lookup_index
 .text.bt_conn_init
                0x000000000000bf58       0x38 zephyr/subsys/bluetooth/host/libsubsys__bluetooth__host.a(conn.c.obj)
                0x000000000000bf58                bt_conn_init
 .text.get_ident
                0x000000000000bf90       0x1c zephyr/subsys/bluetooth/host/libsubsys__bluetooth__host.a(l2cap.c.obj)
 .text.l2cap_accept
                0x000000000000bfac       0xc0 zephyr/subsys/bluetooth/host/libsubsys__bluetooth__host.a(l2cap.c.obj)
 .text.le_conn_param_rsp
                0x000000000000c06c       0x64 zephyr/subsys/bluetooth/host/libsubsys__bluetooth__host.a(l2cap.c.obj)
 .text.l2cap_chan_add
                0x000000000000c0d0       0x80 zephyr/subsys/bluetooth/host/libsubsys__bluetooth__host.a(l2cap.c.obj)
 .text.bt_l2cap_connected
                0x000000000000c150       0x6c zephyr/subsys/bluetooth/host/libsubsys__bluetooth__host.a(l2cap.c.obj)
                0x000000000000c150                bt_l2cap_connected
 .text.l2cap_create_le_sig_pdu
                0x000000000000c1bc       0xb8 zephyr/subsys/bluetooth/host/libsubsys__bluetooth__host.a(l2cap.c.obj)
 .text.l2cap_recv
                0x000000000000c274      0x1ec zephyr/subsys/bluetooth/host/libsubsys__bluetooth__host.a(l2cap.c.obj)
 .text.bt_l2cap_recv
                0x000000000000c460      0x114 zephyr/subsys/bluetooth/host/libsubsys__bluetooth__host.a(l2cap.c.obj)
                0x000000000000c460                bt_l2cap_recv
 .text.att_cb   0x000000000000c574       0x40 zephyr/subsys/bluetooth/host/libsubsys__bluetooth__host.a(att.c.obj)
 .text.tx_meta_data_alloc
                0x000000000000c5b4       0x14 zephyr/subsys/bluetooth/host/libsubsys__bluetooth__host.a(att.c.obj)
 .text.att_get  0x000000000000c5c8       0xc4 zephyr/subsys/bluetooth/host/libsubsys__bluetooth__host.a(att.c.obj)
 .text.att_chan_new
                0x000000000000c68c      0x194 zephyr/subsys/bluetooth/host/libsubsys__bluetooth__host.a(att.c.obj)
 .text.bt_att_accept
                0x000000000000c820       0xe4 zephyr/subsys/bluetooth/host/libsubsys__bluetooth__host.a(att.c.obj)
 .text.bt_att_released
                0x000000000000c904       0x1c zephyr/subsys/bluetooth/host/libsubsys__bluetooth__host.a(att.c.obj)
 .text.read_group_cb
                0x000000000000c920       0xb4 zephyr/subsys/bluetooth/host/libsubsys__bluetooth__host.a(att.c.obj)
 .text.read_type_cb
                0x000000000000c9d4       0xa8 zephyr/subsys/bluetooth/host/libsubsys__bluetooth__host.a(att.c.obj)
 .text.find_type_cb
                0x000000000000ca7c      0x278 zephyr/subsys/bluetooth/host/libsubsys__bluetooth__host.a(att.c.obj)
 .text.bt_att_connected
                0x000000000000ccf4       0x44 zephyr/subsys/bluetooth/host/libsubsys__bluetooth__host.a(att.c.obj)
 .text.chan_unknown
                0x000000000000cd38       0x1c zephyr/subsys/bluetooth/host/libsubsys__bluetooth__host.a(att.c.obj)
 .text.chan_cfm_sent
                0x000000000000cd54       0x30 zephyr/subsys/bluetooth/host/libsubsys__bluetooth__host.a(att.c.obj)
 .text.chan_rsp_sent
                0x000000000000cd84       0x30 zephyr/subsys/bluetooth/host/libsubsys__bluetooth__host.a(att.c.obj)
 .text.chan_req_sent
                0x000000000000cdb4       0x30 zephyr/subsys/bluetooth/host/libsubsys__bluetooth__host.a(att.c.obj)
 .text.chan_tx_complete
                0x000000000000cde4       0x48 zephyr/subsys/bluetooth/host/libsubsys__bluetooth__host.a(att.c.obj)
 .text.chan_send
                0x000000000000ce2c       0xf0 zephyr/subsys/bluetooth/host/libsubsys__bluetooth__host.a(att.c.obj)
 .text.bt_att_chan_create_pdu
                0x000000000000cf1c      0x1c0 zephyr/subsys/bluetooth/host/libsubsys__bluetooth__host.a(att.c.obj)
                0x000000000000cf1c                bt_att_chan_create_pdu
 .text.bt_att_recv
                0x000000000000d0dc      0x2e4 zephyr/subsys/bluetooth/host/libsubsys__bluetooth__host.a(att.c.obj)
 .text.att_write_rsp
                0x000000000000d3c0      0x100 zephyr/subsys/bluetooth/host/libsubsys__bluetooth__host.a(att.c.obj)
 .text.bt_att_create_pdu
                0x000000000000d4c0       0xf0 zephyr/subsys/bluetooth/host/libsubsys__bluetooth__host.a(att.c.obj)
                0x000000000000d4c0                bt_att_create_pdu
 .text.att_read_group_rsp
                0x000000000000d5b0       0xa4 zephyr/subsys/bluetooth/host/libsubsys__bluetooth__host.a(att.c.obj)
 .text.att_read_mult_vl_req
                0x000000000000d654       0xcc zephyr/subsys/bluetooth/host/libsubsys__bluetooth__host.a(att.c.obj)
 .text.att_read_mult_req
                0x000000000000d720       0xcc zephyr/subsys/bluetooth/host/libsubsys__bluetooth__host.a(att.c.obj)
 .text.att_read_rsp
                0x000000000000d7ec       0xd0 zephyr/subsys/bluetooth/host/libsubsys__bluetooth__host.a(att.c.obj)
 .text.att_read_type_rsp
                0x000000000000d8bc       0xa8 zephyr/subsys/bluetooth/host/libsubsys__bluetooth__host.a(att.c.obj)
 .text.att_find_type_rsp
                0x000000000000d964       0xa8 zephyr/subsys/bluetooth/host/libsubsys__bluetooth__host.a(att.c.obj)
 .text.att_find_info_rsp
                0x000000000000da0c       0x88 zephyr/subsys/bluetooth/host/libsubsys__bluetooth__host.a(att.c.obj)
 .text.bt_att_init
                0x000000000000da94       0x2c zephyr/subsys/bluetooth/host/libsubsys__bluetooth__host.a(att.c.obj)
                0x000000000000da94                bt_att_init
 .text.bt_att_req_alloc
                0x000000000000dac0       0x48 zephyr/subsys/bluetooth/host/libsubsys__bluetooth__host.a(att.c.obj)
                0x000000000000dac0                bt_att_req_alloc
 .text.bt_att_req_free
                0x000000000000db08       0x40 zephyr/subsys/bluetooth/host/libsubsys__bluetooth__host.a(att.c.obj)
                0x000000000000db08                bt_att_req_free
 .text.att_handle_rsp
                0x000000000000db48       0xbc zephyr/subsys/bluetooth/host/libsubsys__bluetooth__host.a(att.c.obj)
 .text.att_error_rsp
                0x000000000000dc04       0x30 zephyr/subsys/bluetooth/host/libsubsys__bluetooth__host.a(att.c.obj)
 .text.att_chan_detach
                0x000000000000dc34       0x94 zephyr/subsys/bluetooth/host/libsubsys__bluetooth__host.a(att.c.obj)
 .text.att_reset
                0x000000000000dcc8       0x80 zephyr/subsys/bluetooth/host/libsubsys__bluetooth__host.a(att.c.obj)
 .text.att_timeout
                0x000000000000dd48       0x64 zephyr/subsys/bluetooth/host/libsubsys__bluetooth__host.a(att.c.obj)
 .text.bt_att_chan_req_cancel
                0x000000000000ddac       0x24 zephyr/subsys/bluetooth/host/libsubsys__bluetooth__host.a(att.c.obj)
 .text.bt_att_send
                0x000000000000ddd0       0x44 zephyr/subsys/bluetooth/host/libsubsys__bluetooth__host.a(att.c.obj)
                0x000000000000ddd0                bt_att_send
 .text.bt_gatt_service_init
                0x000000000000de14       0x40 zephyr/subsys/bluetooth/host/libsubsys__bluetooth__host.a(gatt.c.obj)
 .text.find_cf_cfg
                0x000000000000de54       0x54 zephyr/subsys/bluetooth/host/libsubsys__bluetooth__host.a(gatt.c.obj)
 .text.find_sc_cfg
                0x000000000000dea8       0x48 zephyr/subsys/bluetooth/host/libsubsys__bluetooth__host.a(gatt.c.obj)
 .text.gatt_sub_find
                0x000000000000def0       0x54 zephyr/subsys/bluetooth/host/libsubsys__bluetooth__host.a(gatt.c.obj)
 .text.cf_write
                0x000000000000df44       0xd0 zephyr/subsys/bluetooth/host/libsubsys__bluetooth__host.a(gatt.c.obj)
 .text.sc_save  0x000000000000e014       0xb0 zephyr/subsys/bluetooth/host/libsubsys__bluetooth__host.a(gatt.c.obj)
 .text.bt_gatt_attr_write_ccc
                0x000000000000e0c4      0x108 zephyr/subsys/bluetooth/host/libsubsys__bluetooth__host.a(gatt.c.obj)
                0x000000000000e0c4                bt_gatt_attr_write_ccc
 .text.sc_clear
                0x000000000000e1cc       0xbc zephyr/subsys/bluetooth/host/libsubsys__bluetooth__host.a(gatt.c.obj)
 .text.sc_indicate_rsp
                0x000000000000e288       0x68 zephyr/subsys/bluetooth/host/libsubsys__bluetooth__host.a(gatt.c.obj)
 .text.gatt_write_ccc_rsp
                0x000000000000e2f0       0xe0 zephyr/subsys/bluetooth/host/libsubsys__bluetooth__host.a(gatt.c.obj)
 .text.disconnected_cb
                0x000000000000e3d0       0xc0 zephyr/subsys/bluetooth/host/libsubsys__bluetooth__host.a(gatt.c.obj)
 .text.gatt_write_ccc
                0x000000000000e490       0x28 zephyr/subsys/bluetooth/host/libsubsys__bluetooth__host.a(gatt.c.obj)
 .text.bt_gatt_init
                0x000000000000e4b8       0x60 zephyr/subsys/bluetooth/host/libsubsys__bluetooth__host.a(gatt.c.obj)
                0x000000000000e4b8                bt_gatt_init
 .text.bt_gatt_attr_get_handle
                0x000000000000e518       0x64 zephyr/subsys/bluetooth/host/libsubsys__bluetooth__host.a(gatt.c.obj)
                0x000000000000e518                bt_gatt_attr_get_handle
 .text.bt_gatt_foreach_attr_type
                0x000000000000e57c       0x90 zephyr/subsys/bluetooth/host/libsubsys__bluetooth__host.a(gatt.c.obj)
                0x000000000000e57c                bt_gatt_foreach_attr_type
 .text.db_hash_gen
                0x000000000000e60c      0x120 zephyr/subsys/bluetooth/host/libsubsys__bluetooth__host.a(gatt.c.obj)
 .text.db_hash_read
                0x000000000000e72c       0x84 zephyr/subsys/bluetooth/host/libsubsys__bluetooth__host.a(gatt.c.obj)
 .text.gatt_find_by_uuid
                0x000000000000e7b0       0x30 zephyr/subsys/bluetooth/host/libsubsys__bluetooth__host.a(gatt.c.obj)
 .text.bt_gatt_attr_next
                0x000000000000e7e0       0x30 zephyr/subsys/bluetooth/host/libsubsys__bluetooth__host.a(gatt.c.obj)
                0x000000000000e7e0                bt_gatt_attr_next
 .text.gatt_indicate
                0x000000000000e810      0x1ac zephyr/subsys/bluetooth/host/libsubsys__bluetooth__host.a(gatt.c.obj)
 .text.bt_gatt_indicate
                0x000000000000e9bc       0xe4 zephyr/subsys/bluetooth/host/libsubsys__bluetooth__host.a(gatt.c.obj)
                0x000000000000e9bc                bt_gatt_indicate
 .text.sc_process
                0x000000000000eaa0       0x74 zephyr/subsys/bluetooth/host/libsubsys__bluetooth__host.a(gatt.c.obj)
 .text.sc_restore
                0x000000000000eb14       0xb4 zephyr/subsys/bluetooth/host/libsubsys__bluetooth__host.a(gatt.c.obj)
 .text.update_ccc
                0x000000000000ebc8      0x104 zephyr/subsys/bluetooth/host/libsubsys__bluetooth__host.a(gatt.c.obj)
 .text.gatt_notify
                0x000000000000eccc      0x170 zephyr/subsys/bluetooth/host/libsubsys__bluetooth__host.a(gatt.c.obj)
 .text.bt_gatt_notify_cb
                0x000000000000ee3c       0xdc zephyr/subsys/bluetooth/host/libsubsys__bluetooth__host.a(gatt.c.obj)
                0x000000000000ee3c                bt_gatt_notify_cb
 .text.notify_cb
                0x000000000000ef18      0x1c4 zephyr/subsys/bluetooth/host/libsubsys__bluetooth__host.a(gatt.c.obj)
 .text.bt_gatt_mult_notification
                0x000000000000f0dc      0x154 zephyr/subsys/bluetooth/host/libsubsys__bluetooth__host.a(gatt.c.obj)
                0x000000000000f0dc                bt_gatt_mult_notification
 .text.bt_gatt_connected
                0x000000000000f230       0x34 zephyr/subsys/bluetooth/host/libsubsys__bluetooth__host.a(gatt.c.obj)
                0x000000000000f230                bt_gatt_connected
 .text.bt_gatt_att_max_mtu_changed
                0x000000000000f264       0x38 zephyr/subsys/bluetooth/host/libsubsys__bluetooth__host.a(gatt.c.obj)
                0x000000000000f264                bt_gatt_att_max_mtu_changed
 .text.bt_gatt_disconnected
                0x000000000000f29c       0x30 zephyr/subsys/bluetooth/host/libsubsys__bluetooth__host.a(gatt.c.obj)
                0x000000000000f29c                bt_gatt_disconnected
 .text.bt_smp_accept
                0x000000000000f2cc       0xc0 zephyr/subsys/bluetooth/host/libsubsys__bluetooth__host.a(smp_null.c.obj)
 .text.pool_id  0x000000000000f38c       0x18 zephyr/subsys/net/libsubsys__net.a(buf.c.obj)
 .text.net_buf_pool_get
                0x000000000000f3a4       0x10 zephyr/subsys/net/libsubsys__net.a(buf.c.obj)
                0x000000000000f3a4                net_buf_pool_get
 .text.get_hf_flags
                0x000000000000f3b4        0x8 zephyr/drivers/clock_control/libdrivers__clock_control.a(clock_control_nrf.c.obj)
 .text.get_subsys
                0x000000000000f3bc       0x18 zephyr/drivers/clock_control/libdrivers__clock_control.a(clock_control_nrf.c.obj)
 .text.onoff_stop
                0x000000000000f3d4       0x20 zephyr/drivers/clock_control/libdrivers__clock_control.a(clock_control_nrf.c.obj)
 .text.onoff_start
                0x000000000000f3f4       0x34 zephyr/drivers/clock_control/libdrivers__clock_control.a(clock_control_nrf.c.obj)
 .text.clock_event_handler
                0x000000000000f428       0x4c zephyr/drivers/clock_control/libdrivers__clock_control.a(clock_control_nrf.c.obj)
 .text.generic_hfclk_start
                0x000000000000f474       0x68 zephyr/drivers/clock_control/libdrivers__clock_control.a(clock_control_nrf.c.obj)
 .text.generic_hfclk_stop
                0x000000000000f4dc       0x28 zephyr/drivers/clock_control/libdrivers__clock_control.a(clock_control_nrf.c.obj)
 .text.api_blocking_start
                0x000000000000f504       0x3c zephyr/drivers/clock_control/libdrivers__clock_control.a(clock_control_nrf.c.obj)
 .text.clk_init
                0x000000000000f540       0x60 zephyr/drivers/clock_control/libdrivers__clock_control.a(clock_control_nrf.c.obj)
 .text.lfclk_spinwait
                0x000000000000f5a0       0xec zephyr/drivers/clock_control/libdrivers__clock_control.a(clock_control_nrf.c.obj)
 .text.z_nrf_clock_control_lf_on
                0x000000000000f68c       0x4c zephyr/drivers/clock_control/libdrivers__clock_control.a(clock_control_nrf.c.obj)
                0x000000000000f68c                z_nrf_clock_control_lf_on
 .text.rtt_console_init
                0x000000000000f6d8       0x18 zephyr/drivers/console/libdrivers__console.a(rtt_console.c.obj)
 .text.rtt_console_out
                0x000000000000f6f0       0x4c zephyr/drivers/console/libdrivers__console.a(rtt_console.c.obj)
 .text.console_out
                0x000000000000f73c       0x2c zephyr/drivers/console/libdrivers__console.a(uart_console.c.obj)
 .text.uart_console_hook_install
                0x000000000000f768       0x18 zephyr/drivers/console/libdrivers__console.a(uart_console.c.obj)
 .text.uart_console_init
                0x000000000000f780       0x24 zephyr/drivers/console/libdrivers__console.a(uart_console.c.obj)
 .text.get_dev  0x000000000000f7a4       0x1c zephyr/drivers/gpio/libdrivers__gpio.a(gpio_nrfx.c.obj)
 .text.gpio_nrfx_pin_interrupt_configure
                0x000000000000f7c0       0xc8 zephyr/drivers/gpio/libdrivers__gpio.a(gpio_nrfx.c.obj)
 .text.gpio_nrfx_pin_configure
                0x000000000000f888      0x110 zephyr/drivers/gpio/libdrivers__gpio.a(gpio_nrfx.c.obj)
 .text.gpio_nrfx_init
                0x000000000000f998       0x3c zephyr/drivers/gpio/libdrivers__gpio.a(gpio_nrfx.c.obj)
 .text.i2c_nrfx_twim_configure
                0x000000000000f9d4       0xa8 zephyr/drivers/i2c/libdrivers__i2c.a(i2c_nrfx_twim.c.obj)
 .text.event_handler
                0x000000000000fa7c       0x40 zephyr/drivers/i2c/libdrivers__i2c.a(i2c_nrfx_twim.c.obj)
 .text.i2c_nrfx_twim_init
                0x000000000000fabc      0x10c zephyr/drivers/i2c/libdrivers__i2c.a(i2c_nrfx_twim.c.obj)
 .text.i2c_nrfx_twim_recover_bus
                0x000000000000fbc8       0x58 zephyr/drivers/i2c/libdrivers__i2c.a(i2c_nrfx_twim.c.obj)
 .text.i2c_nrfx_twim_transfer
                0x000000000000fc20      0x4a4 zephyr/drivers/i2c/libdrivers__i2c.a(i2c_nrfx_twim.c.obj)
 .text.adxl362_freq_to_odr_val
                0x00000000000100c4       0x3c zephyr/drivers/sensor/adxl362/libdrivers__sensor__adxl362.a(adxl362.c.obj)
 .text.adxl362_range_to_reg_val
                0x0000000000010100       0x28 zephyr/drivers/sensor/adxl362/libdrivers__sensor__adxl362.a(adxl362.c.obj)
 .text.adxl362_accel_convert
                0x0000000000010128       0x5c zephyr/drivers/sensor/adxl362/libdrivers__sensor__adxl362.a(adxl362.c.obj)
 .text.adxl362_temp_convert
                0x0000000000010184       0x2c zephyr/drivers/sensor/adxl362/libdrivers__sensor__adxl362.a(adxl362.c.obj)
 .text.adxl362_init
                0x00000000000101b0      0x174 zephyr/drivers/sensor/adxl362/libdrivers__sensor__adxl362.a(adxl362.c.obj)
 .text.bme680_calc_humidity
                0x0000000000010324       0xc8 zephyr/drivers/sensor/bme680/libdrivers__sensor__bme680.a(bme680.c.obj)
 .text.bme680_calc_gas_resistance
                0x00000000000103ec       0x88 zephyr/drivers/sensor/bme680/libdrivers__sensor__bme680.a(bme680.c.obj)
 .text.bme680_calc_res_heat
                0x0000000000010474       0xa8 zephyr/drivers/sensor/bme680/libdrivers__sensor__bme680.a(bme680.c.obj)
 .text.bme680_channel_get
                0x000000000001051c       0xb8 zephyr/drivers/sensor/bme680/libdrivers__sensor__bme680.a(bme680.c.obj)
 .text.bme680_init
                0x00000000000105d4      0x1ec zephyr/drivers/sensor/bme680/libdrivers__sensor__bme680.a(bme680.c.obj)
 .text.bmm150_convert
                0x00000000000107c0       0x38 zephyr/drivers/sensor/bmm150/libdrivers__sensor__bmm150.a(bmm150.c.obj)
 .text.bmm150_sample_fetch
                0x00000000000107f8       0xe4 zephyr/drivers/sensor/bmm150/libdrivers__sensor__bmm150.a(bmm150.c.obj)
 .text.bmm150_set_odr
                0x00000000000108dc       0xa8 zephyr/drivers/sensor/bmm150/libdrivers__sensor__bmm150.a(bmm150.c.obj)
 .text.bmm150_init_chip
                0x0000000000010984      0x51c zephyr/drivers/sensor/bmm150/libdrivers__sensor__bmm150.a(bmm150.c.obj)
 .text.bmm150_init
                0x0000000000010ea0       0xcc zephyr/drivers/sensor/bmm150/libdrivers__sensor__bmm150.a(bmm150.c.obj)
 .text.configure
                0x0000000000010f6c      0x404 zephyr/drivers/spi/libdrivers__spi.a(spi_nrfx_spim.c.obj)
 .text.spi_context_cs_configure_all
                0x0000000000011370      0x138 zephyr/drivers/spi/libdrivers__spi.a(spi_nrfx_spim.c.obj)
 .text.transfer_next_chunk
                0x00000000000114a8      0x120 zephyr/drivers/spi/libdrivers__spi.a(spi_nrfx_spim.c.obj)
 .text.transceive
                0x00000000000115c8      0x1dc zephyr/drivers/spi/libdrivers__spi.a(spi_nrfx_spim.c.obj)
 .text.event_handler
                0x00000000000117a4      0x15c zephyr/drivers/spi/libdrivers__spi.a(spi_nrfx_spim.c.obj)
 .text.common_init
                0x0000000000011900      0x138 zephyr/drivers/regulator/libdrivers__regulator.a(regulator_fixed.c.obj)
 .text.regulator_fixed_init_sync
                0x0000000000011a38       0xcc zephyr/drivers/regulator/libdrivers__regulator.a(regulator_fixed.c.obj)
 .text.baudrate_set
                0x0000000000011b04      0x150 zephyr/drivers/serial/libdrivers__serial.a(uart_nrfx_uarte.c.obj)
 .text.uarte_nrfx_poll_out
                0x0000000000011c54       0x74 zephyr/drivers/serial/libdrivers__serial.a(uart_nrfx_uarte.c.obj)
 .text.endtx_stoptx_ppi_init
                0x0000000000011cc8       0x98 zephyr/drivers/serial/libdrivers__serial.a(uart_nrfx_uarte.c.obj)
 .text.hci_ept_bound
                0x0000000000011d60       0x10 zephyr/drivers/bluetooth/libdrivers__bluetooth.a(rpmsg.c.obj)
 .text.bt_rpmsg_init
                0x0000000000011d70       0xa0 zephyr/drivers/bluetooth/libdrivers__bluetooth.a(rpmsg.c.obj)
 .text.bt_rpmsg_send
                0x0000000000011e10      0x144 zephyr/drivers/bluetooth/libdrivers__bluetooth.a(rpmsg.c.obj)
 .text.bt_rpmsg_open
                0x0000000000011f54      0x1cc zephyr/drivers/bluetooth/libdrivers__bluetooth.a(rpmsg.c.obj)
 .text.bt_rpmsg_evt_recv
                0x0000000000012120      0x1ec zephyr/drivers/bluetooth/libdrivers__bluetooth.a(rpmsg.c.obj)
 .text.bt_rpmsg_acl_recv
                0x000000000001230c      0x1e0 zephyr/drivers/bluetooth/libdrivers__bluetooth.a(rpmsg.c.obj)
 .text.bt_rpmsg_iso_recv
                0x00000000000124ec      0x1e4 zephyr/drivers/bluetooth/libdrivers__bluetooth.a(rpmsg.c.obj)
 .text.bt_rpmsg_rx
                0x00000000000126d0       0xb4 zephyr/drivers/bluetooth/libdrivers__bluetooth.a(rpmsg.c.obj)
 .text.set_comparator
                0x0000000000012784       0x14 zephyr/drivers/timer/libdrivers__timer.a(nrf_rtc_timer.c.obj)
 .text.get_comparator
                0x0000000000012798       0x10 zephyr/drivers/timer/libdrivers__timer.a(nrf_rtc_timer.c.obj)
 .text.event_enable
                0x00000000000127a8       0x14 zephyr/drivers/timer/libdrivers__timer.a(nrf_rtc_timer.c.obj)
 .text.event_disable
                0x00000000000127bc       0x14 zephyr/drivers/timer/libdrivers__timer.a(nrf_rtc_timer.c.obj)
 .text.counter  0x00000000000127d0        0xc zephyr/drivers/timer/libdrivers__timer.a(nrf_rtc_timer.c.obj)
 .text.compare_int_lock
                0x00000000000127dc       0x44 zephyr/drivers/timer/libdrivers__timer.a(nrf_rtc_timer.c.obj)
 .text.channel_processing_check_and_clear
                0x0000000000012820       0x70 zephyr/drivers/timer/libdrivers__timer.a(nrf_rtc_timer.c.obj)
 .text.compare_int_unlock
                0x0000000000012890       0x54 zephyr/drivers/timer/libdrivers__timer.a(nrf_rtc_timer.c.obj)
 .text.sys_clock_timeout_handler
                0x00000000000128e4       0x78 zephyr/drivers/timer/libdrivers__timer.a(nrf_rtc_timer.c.obj)
 .text.z_nrf_rtc_timer_compare_evt_address_get
                0x000000000001295c       0x10 zephyr/drivers/timer/libdrivers__timer.a(nrf_rtc_timer.c.obj)
                0x000000000001295c                z_nrf_rtc_timer_compare_evt_address_get
 .text.z_nrf_rtc_timer_compare_read
                0x000000000001296c       0x10 zephyr/drivers/timer/libdrivers__timer.a(nrf_rtc_timer.c.obj)
                0x000000000001296c                z_nrf_rtc_timer_compare_read
 .text.z_nrf_rtc_timer_read
                0x000000000001297c       0x40 zephyr/drivers/timer/libdrivers__timer.a(nrf_rtc_timer.c.obj)
                0x000000000001297c                z_nrf_rtc_timer_read
 .text.compare_set_nolocks
                0x00000000000129bc       0x98 zephyr/drivers/timer/libdrivers__timer.a(nrf_rtc_timer.c.obj)
 .text.sys_clock_driver_init
                0x0000000000012a54       0xa0 zephyr/drivers/timer/libdrivers__timer.a(nrf_rtc_timer.c.obj)
 .text.process_channel
                0x0000000000012af4       0x74 zephyr/drivers/timer/libdrivers__timer.a(nrf_rtc_timer.c.obj)
 .text.rtc_nrf_isr
                0x0000000000012b68       0x44 zephyr/drivers/timer/libdrivers__timer.a(nrf_rtc_timer.c.obj)
                0x0000000000012b68                rtc_nrf_isr
 .text.z_nrf_rtc_timer_chan_alloc
                0x0000000000012bac       0x64 zephyr/drivers/timer/libdrivers__timer.a(nrf_rtc_timer.c.obj)
                0x0000000000012bac                z_nrf_rtc_timer_chan_alloc
 .text.z_nrf_rtc_timer_chan_free
                0x0000000000012c10       0x1c zephyr/drivers/timer/libdrivers__timer.a(nrf_rtc_timer.c.obj)
                0x0000000000012c10                z_nrf_rtc_timer_chan_free
 .text.sys_clock_set_timeout
                0x0000000000012c2c       0x64 zephyr/drivers/timer/libdrivers__timer.a(nrf_rtc_timer.c.obj)
                0x0000000000012c2c                sys_clock_set_timeout
 .text.sys_clock_elapsed
                0x0000000000012c90       0x14 zephyr/drivers/timer/libdrivers__timer.a(nrf_rtc_timer.c.obj)
                0x0000000000012c90                sys_clock_elapsed
 .text.nrf_pin_configure
                0x0000000000012ca4       0x48 zephyr/drivers/pinctrl/libdrivers__pinctrl.a(pinctrl_nrf.c.obj)
 .text.pinctrl_configure_pins
                0x0000000000012cec      0x3ac zephyr/drivers/pinctrl/libdrivers__pinctrl.a(pinctrl_nrf.c.obj)
                0x0000000000012cec                pinctrl_configure_pins
 .text.mbox_nrf_set_enabled
                0x0000000000013098      0x110 zephyr/drivers/mbox/libdrivers__mbox.a(mbox_nrfx_ipc.c.obj)
 .text.mbox_nrf_send
                0x00000000000131a8       0x94 zephyr/drivers/mbox/libdrivers__mbox.a(mbox_nrfx_ipc.c.obj)
 .text.mbox_dispatcher
                0x000000000001323c      0x11c zephyr/drivers/mbox/libdrivers__mbox.a(mbox_nrfx_ipc.c.obj)
 .text.enable_dt_channels
                0x0000000000013358      0x10c zephyr/drivers/mbox/libdrivers__mbox.a(mbox_nrfx_ipc.c.obj)
 .text.mbox_nrf_init
                0x0000000000013464       0x2c zephyr/drivers/mbox/libdrivers__mbox.a(mbox_nrfx_ipc.c.obj)
 .text.k_sys_fatal_error_handler
                0x0000000000013490       0x64 modules/nrf/lib/fatal_error/lib..__nrf__lib__fatal_error.a(fatal_error.c.obj)
                0x0000000000013490                k_sys_fatal_error_handler
 .text.SystemCoreClockUpdate
                0x00000000000134f4       0x20 modules/hal_nordic/nrfx/libmodules__hal_nordic__nrfx.a(system_nrf5340_application.c.obj)
                0x00000000000134f4                SystemCoreClockUpdate
 .text.SystemInit
                0x0000000000013514      0x160 modules/hal_nordic/nrfx/libmodules__hal_nordic__nrfx.a(system_nrf5340_application.c.obj)
                0x0000000000013514                SystemInit
 .text.nrfx_flag32_alloc
                0x0000000000013674       0x48 modules/hal_nordic/nrfx/libmodules__hal_nordic__nrfx.a(nrfx_flag32_allocator.c.obj)
                0x0000000000013674                nrfx_flag32_alloc
 .text.nrfx_flag32_free
                0x00000000000136bc       0x3c modules/hal_nordic/nrfx/libmodules__hal_nordic__nrfx.a(nrfx_flag32_allocator.c.obj)
                0x00000000000136bc                nrfx_flag32_free
 .text.clock_stop
                0x00000000000136f8      0x14c modules/hal_nordic/nrfx/libmodules__hal_nordic__nrfx.a(nrfx_clock.c.obj)
 .text.nrfx_clock_init
                0x0000000000013844       0x24 modules/hal_nordic/nrfx/libmodules__hal_nordic__nrfx.a(nrfx_clock.c.obj)
                0x0000000000013844                nrfx_clock_init
 .text.nrfx_power_clock_irq_handler
                0x0000000000013868       0xc8 modules/hal_nordic/nrfx/libmodules__hal_nordic__nrfx.a(nrfx_clock.c.obj)
                0x0000000000013868                nrfx_power_clock_irq_handler
 .text.nrfx_dppi_channel_alloc
                0x0000000000013930       0x10 modules/hal_nordic/nrfx/libmodules__hal_nordic__nrfx.a(nrfx_dppi.c.obj)
                0x0000000000013930                nrfx_dppi_channel_alloc
 .text.nrfx_dppi_channel_free
                0x0000000000013940       0x20 modules/hal_nordic/nrfx/libmodules__hal_nordic__nrfx.a(nrfx_dppi.c.obj)
                0x0000000000013940                nrfx_dppi_channel_free
 .text.pin_in_use
                0x0000000000013960       0x14 modules/hal_nordic/nrfx/libmodules__hal_nordic__nrfx.a(nrfx_gpiote.c.obj)
 .text.pin_in_use_by_te
                0x0000000000013974       0x14 modules/hal_nordic/nrfx/libmodules__hal_nordic__nrfx.a(nrfx_gpiote.c.obj)
 .text.pin_has_trigger
                0x0000000000013988       0x18 modules/hal_nordic/nrfx/libmodules__hal_nordic__nrfx.a(nrfx_gpiote.c.obj)
 .text.pin_is_output
                0x00000000000139a0       0x14 modules/hal_nordic/nrfx/libmodules__hal_nordic__nrfx.a(nrfx_gpiote.c.obj)
 .text.pin_te_get
                0x00000000000139b4       0x10 modules/hal_nordic/nrfx/libmodules__hal_nordic__nrfx.a(nrfx_gpiote.c.obj)
 .text.handler_in_use
                0x00000000000139c4       0x34 modules/hal_nordic/nrfx/libmodules__hal_nordic__nrfx.a(nrfx_gpiote.c.obj)
 .text.find_handler
                0x00000000000139f8       0x2c modules/hal_nordic/nrfx/libmodules__hal_nordic__nrfx.a(nrfx_gpiote.c.obj)
 .text.channel_handler_get
                0x0000000000013a24       0x20 modules/hal_nordic/nrfx/libmodules__hal_nordic__nrfx.a(nrfx_gpiote.c.obj)
 .text.call_handler
                0x0000000000013a44       0x2c modules/hal_nordic/nrfx/libmodules__hal_nordic__nrfx.a(nrfx_gpiote.c.obj)
 .text.release_handler
                0x0000000000013a70       0x44 modules/hal_nordic/nrfx/libmodules__hal_nordic__nrfx.a(nrfx_gpiote.c.obj)
 .text.pin_handler_trigger_uninit
                0x0000000000013ab4       0x3c modules/hal_nordic/nrfx/libmodules__hal_nordic__nrfx.a(nrfx_gpiote.c.obj)
 .text.pin_handler_set
                0x0000000000013af0       0x6c modules/hal_nordic/nrfx/libmodules__hal_nordic__nrfx.a(nrfx_gpiote.c.obj)
 .text.gpiote_evt_handle
                0x0000000000013b5c       0x44 modules/hal_nordic/nrfx/libmodules__hal_nordic__nrfx.a(nrfx_gpiote.c.obj)
 .text.latch_pending_read_and_check
                0x0000000000013ba0       0x4c modules/hal_nordic/nrfx/libmodules__hal_nordic__nrfx.a(nrfx_gpiote.c.obj)
 .text.next_sense_cond_call_handler
                0x0000000000013bec       0xd0 modules/hal_nordic/nrfx/libmodules__hal_nordic__nrfx.a(nrfx_gpiote.c.obj)
 .text.port_event_handle
                0x0000000000013cbc       0xd0 modules/hal_nordic/nrfx/libmodules__hal_nordic__nrfx.a(nrfx_gpiote.c.obj)
 .text.nrfx_gpiote_input_configure
                0x0000000000013d8c      0x174 modules/hal_nordic/nrfx/libmodules__hal_nordic__nrfx.a(nrfx_gpiote.c.obj)
                0x0000000000013d8c                nrfx_gpiote_input_configure
 .text.nrfx_gpiote_output_configure
                0x0000000000013f00      0x18c modules/hal_nordic/nrfx/libmodules__hal_nordic__nrfx.a(nrfx_gpiote.c.obj)
                0x0000000000013f00                nrfx_gpiote_output_configure
 .text.nrfx_gpiote_global_callback_set
                0x000000000001408c        0xc modules/hal_nordic/nrfx/libmodules__hal_nordic__nrfx.a(nrfx_gpiote.c.obj)
                0x000000000001408c                nrfx_gpiote_global_callback_set
 .text.nrfx_gpiote_channel_get
                0x0000000000014098       0x30 modules/hal_nordic/nrfx/libmodules__hal_nordic__nrfx.a(nrfx_gpiote.c.obj)
                0x0000000000014098                nrfx_gpiote_channel_get
 .text.nrfx_gpiote_init
                0x00000000000140c8       0x54 modules/hal_nordic/nrfx/libmodules__hal_nordic__nrfx.a(nrfx_gpiote.c.obj)
                0x00000000000140c8                nrfx_gpiote_init
 .text.nrfx_gpiote_is_init
                0x000000000001411c       0x14 modules/hal_nordic/nrfx/libmodules__hal_nordic__nrfx.a(nrfx_gpiote.c.obj)
                0x000000000001411c                nrfx_gpiote_is_init
 .text.nrfx_gpiote_channel_free
                0x0000000000014130       0x10 modules/hal_nordic/nrfx/libmodules__hal_nordic__nrfx.a(nrfx_gpiote.c.obj)
                0x0000000000014130                nrfx_gpiote_channel_free
 .text.nrfx_gpiote_channel_alloc
                0x0000000000014140       0x10 modules/hal_nordic/nrfx/libmodules__hal_nordic__nrfx.a(nrfx_gpiote.c.obj)
                0x0000000000014140                nrfx_gpiote_channel_alloc
 .text.nrfx_gpiote_trigger_enable
                0x0000000000014150       0xc4 modules/hal_nordic/nrfx/libmodules__hal_nordic__nrfx.a(nrfx_gpiote.c.obj)
                0x0000000000014150                nrfx_gpiote_trigger_enable
 .text.nrfx_gpiote_trigger_disable
                0x0000000000014214       0x60 modules/hal_nordic/nrfx/libmodules__hal_nordic__nrfx.a(nrfx_gpiote.c.obj)
                0x0000000000014214                nrfx_gpiote_trigger_disable
 .text.nrfx_gpiote_pin_uninit
                0x0000000000014274       0x50 modules/hal_nordic/nrfx/libmodules__hal_nordic__nrfx.a(nrfx_gpiote.c.obj)
                0x0000000000014274                nrfx_gpiote_pin_uninit
 .text.nrfx_gpiote_irq_handler
                0x00000000000142c4       0x60 modules/hal_nordic/nrfx/libmodules__hal_nordic__nrfx.a(nrfx_gpiote.c.obj)
                0x00000000000142c4                nrfx_gpiote_irq_handler
 .text.nrfx_ipc_init
                0x0000000000014324       0x30 modules/hal_nordic/nrfx/libmodules__hal_nordic__nrfx.a(nrfx_ipc.c.obj)
                0x0000000000014324                nrfx_ipc_init
 .text.nrfx_ipc_config_load
                0x0000000000014354       0x4c modules/hal_nordic/nrfx/libmodules__hal_nordic__nrfx.a(nrfx_ipc.c.obj)
                0x0000000000014354                nrfx_ipc_config_load
 .text.nrfx_ipc_receive_event_enable
                0x00000000000143a0       0x10 modules/hal_nordic/nrfx/libmodules__hal_nordic__nrfx.a(nrfx_ipc.c.obj)
                0x00000000000143a0                nrfx_ipc_receive_event_enable
 .text.nrfx_ipc_receive_event_disable
                0x00000000000143b0       0x10 modules/hal_nordic/nrfx/libmodules__hal_nordic__nrfx.a(nrfx_ipc.c.obj)
                0x00000000000143b0                nrfx_ipc_receive_event_disable
 .text.nrfx_ipc_irq_handler
                0x00000000000143c0       0x40 modules/hal_nordic/nrfx/libmodules__hal_nordic__nrfx.a(nrfx_ipc.c.obj)
                0x00000000000143c0                nrfx_ipc_irq_handler
 .text.spim_pin_uninit
                0x0000000000014400       0x34 modules/hal_nordic/nrfx/libmodules__hal_nordic__nrfx.a(nrfx_spim.c.obj)
 .text.set_ss_pin_state
                0x0000000000014434       0x54 modules/hal_nordic/nrfx/libmodules__hal_nordic__nrfx.a(nrfx_spim.c.obj)
 .text.spim_xfer
                0x0000000000014488       0x94 modules/hal_nordic/nrfx/libmodules__hal_nordic__nrfx.a(nrfx_spim.c.obj)
 .text.configure_pins
                0x000000000001451c      0x20c modules/hal_nordic/nrfx/libmodules__hal_nordic__nrfx.a(nrfx_spim.c.obj)
 .text.nrfx_spim_init
                0x0000000000014728      0x100 modules/hal_nordic/nrfx/libmodules__hal_nordic__nrfx.a(nrfx_spim.c.obj)
                0x0000000000014728                nrfx_spim_init
 .text.nrfx_spim_uninit
                0x0000000000014828       0xa8 modules/hal_nordic/nrfx/libmodules__hal_nordic__nrfx.a(nrfx_spim.c.obj)
                0x0000000000014828                nrfx_spim_uninit
 .text.nrfx_spim_xfer
                0x00000000000148d0       0x64 modules/hal_nordic/nrfx/libmodules__hal_nordic__nrfx.a(nrfx_spim.c.obj)
                0x00000000000148d0                nrfx_spim_xfer
 .text.nrfx_spim_3_irq_handler
                0x0000000000014934       0x14 modules/hal_nordic/nrfx/libmodules__hal_nordic__nrfx.a(nrfx_spim.c.obj)
                0x0000000000014934                nrfx_spim_3_irq_handler
 .text.twi_process_error
                0x0000000000014948       0x34 modules/hal_nordic/nrfx/libmodules__hal_nordic__nrfx.a(nrfx_twim.c.obj)
 .text.twim_pins_configure
                0x000000000001497c       0xac modules/hal_nordic/nrfx/libmodules__hal_nordic__nrfx.a(nrfx_twim.c.obj)
 .text.twim_xfer
                0x0000000000014a28      0x2b0 modules/hal_nordic/nrfx/libmodules__hal_nordic__nrfx.a(nrfx_twim.c.obj)
 .text.twim_irq_handler
                0x0000000000014cd8      0x1dc modules/hal_nordic/nrfx/libmodules__hal_nordic__nrfx.a(nrfx_twim.c.obj)
 .text.nrfx_twim_init
                0x0000000000014eb4       0x94 modules/hal_nordic/nrfx/libmodules__hal_nordic__nrfx.a(nrfx_twim.c.obj)
                0x0000000000014eb4                nrfx_twim_init
 .text.nrfx_twim_enable
                0x0000000000014f48       0x20 modules/hal_nordic/nrfx/libmodules__hal_nordic__nrfx.a(nrfx_twim.c.obj)
                0x0000000000014f48                nrfx_twim_enable
 .text.nrfx_twim_disable
                0x0000000000014f68       0x3c modules/hal_nordic/nrfx/libmodules__hal_nordic__nrfx.a(nrfx_twim.c.obj)
                0x0000000000014f68                nrfx_twim_disable
 .text.nrfx_twim_xfer
                0x0000000000014fa4       0x20 modules/hal_nordic/nrfx/libmodules__hal_nordic__nrfx.a(nrfx_twim.c.obj)
                0x0000000000014fa4                nrfx_twim_xfer
 .text.nrfx_twim_1_irq_handler
                0x0000000000014fc4       0x14 modules/hal_nordic/nrfx/libmodules__hal_nordic__nrfx.a(nrfx_twim.c.obj)
                0x0000000000014fc4                nrfx_twim_1_irq_handler
 .text.nrfx_twi_twim_bus_recover
                0x0000000000014fd8       0xc4 modules/hal_nordic/nrfx/libmodules__hal_nordic__nrfx.a(nrfx_twi_twim.c.obj)
                0x0000000000014fd8                nrfx_twi_twim_bus_recover
 .text.metal_generic_dev_open
                0x000000000001509c       0x40 modules/libmetal/libmetal/lib/libmetal.a(device.c.obj)
                0x000000000001509c                metal_generic_dev_open
 .text.metal_bus_find
                0x00000000000150dc       0x40 modules/libmetal/libmetal/lib/libmetal.a(device.c.obj)
                0x00000000000150dc                metal_bus_find
 .text.metal_bus_register
                0x000000000001511c       0x74 modules/libmetal/libmetal/lib/libmetal.a(device.c.obj)
                0x000000000001511c                metal_bus_register
 .text.metal_register_generic_device
                0x0000000000015190       0x40 modules/libmetal/libmetal/lib/libmetal.a(device.c.obj)
                0x0000000000015190                metal_register_generic_device
 .text.metal_init
                0x00000000000151d0       0x3c modules/libmetal/libmetal/lib/libmetal.a(init.c.obj)
                0x00000000000151d0                metal_init
 .text.metal_sys_init
                0x000000000001520c       0x10 modules/libmetal/libmetal/lib/libmetal.a(init.c.obj)
                0x000000000001520c                metal_sys_init
 .text.metal_zephyr_log_handler
                0x000000000001521c       0x38 modules/libmetal/libmetal/lib/libmetal.a(log.c.obj)
                0x000000000001521c                metal_zephyr_log_handler
 .text.virtio_create_virtqueues
                0x0000000000015254       0xa4 modules/open-amp/open-amp/lib/libopen_amp.a(virtio.c.obj)
                0x0000000000015254                virtio_create_virtqueues
 .text.virtqueue_add_consumed_buffer
                0x00000000000152f8       0x40 modules/open-amp/open-amp/lib/libopen_amp.a(virtqueue.c.obj)
                0x00000000000152f8                virtqueue_add_consumed_buffer
 .text.rpmsg_is_address_set
                0x0000000000015338       0x2c modules/open-amp/open-amp/lib/libopen_amp.a(rpmsg.c.obj)
 .text.rpmsg_set_address
                0x0000000000015364       0x30 modules/open-amp/open-amp/lib/libopen_amp.a(rpmsg.c.obj)
 .text.rpmsg_send_offchannel_raw
                0x0000000000015394       0x44 modules/open-amp/open-amp/lib/libopen_amp.a(rpmsg.c.obj)
                0x0000000000015394                rpmsg_send_offchannel_raw
 .text.rpmsg_send_offchannel_nocopy
                0x00000000000153d8       0x40 modules/open-amp/open-amp/lib/libopen_amp.a(rpmsg.c.obj)
                0x00000000000153d8                rpmsg_send_offchannel_nocopy
 .text.rpmsg_register_endpoint
                0x0000000000015418       0x40 modules/open-amp/open-amp/lib/libopen_amp.a(rpmsg.c.obj)
                0x0000000000015418                rpmsg_register_endpoint
 .text.rpmsg_create_ept
                0x0000000000015458       0xd8 modules/open-amp/open-amp/lib/libopen_amp.a(rpmsg.c.obj)
                0x0000000000015458                rpmsg_create_ept
 .text._rpmsg_virtio_get_buffer_size
                0x0000000000015530       0x34 modules/open-amp/open-amp/lib/libopen_amp.a(rpmsg_virtio.c.obj)
 .text.rpmsg_virtio_send_offchannel_raw
                0x0000000000015564       0x60 modules/open-amp/open-amp/lib/libopen_amp.a(rpmsg_virtio.c.obj)
 .text.rpmsg_virtio_get_buffer_size
                0x00000000000155c4       0x34 modules/open-amp/open-amp/lib/libopen_amp.a(rpmsg_virtio.c.obj)
                0x00000000000155c4                rpmsg_virtio_get_buffer_size
 .text.rpmsg_init_vdev_with_config
                0x00000000000155f8      0x204 modules/open-amp/open-amp/lib/libopen_amp.a(rpmsg_virtio.c.obj)
                0x00000000000155f8                rpmsg_init_vdev_with_config
 .text.rpmsg_init_vdev
                0x00000000000157fc       0x28 modules/open-amp/open-amp/lib/libopen_amp.a(rpmsg_virtio.c.obj)
                0x00000000000157fc                rpmsg_init_vdev
 .text._DoInit  0x0000000000015824       0x60 modules/segger/libmodules__segger.a(SEGGER_RTT.c.obj)
 .text.SEGGER_RTT_WriteSkipNoLock
                0x0000000000015884       0xc8 modules/segger/libmodules__segger.a(SEGGER_RTT.c.obj)
                0x0000000000015884                SEGGER_RTT_WriteSkipNoLock
 .text.SEGGER_RTT_WriteNoLock
                0x000000000001594c       0x6c modules/segger/libmodules__segger.a(SEGGER_RTT.c.obj)
                0x000000000001594c                SEGGER_RTT_WriteNoLock
 .text.SEGGER_RTT_HasDataUp
                0x00000000000159b8       0x20 modules/segger/libmodules__segger.a(SEGGER_RTT.c.obj)
                0x00000000000159b8                SEGGER_RTT_HasDataUp
 .text.zephyr_rtt_mutex_lock
                0x00000000000159d8       0x18 modules/segger/libmodules__segger.a(SEGGER_RTT_zephyr.c.obj)
                0x00000000000159d8                zephyr_rtt_mutex_lock
 .text.zephyr_rtt_mutex_unlock
                0x00000000000159f0       0x10 modules/segger/libmodules__segger.a(SEGGER_RTT_zephyr.c.obj)
                0x00000000000159f0                zephyr_rtt_mutex_unlock
 .text.z_device_state_init
                0x0000000000015a00       0x18 zephyr/kernel/libkernel.a(device.c.obj)
                0x0000000000015a00                z_device_state_init
 .text.z_sys_init_run_level
                0x0000000000015a18       0x50 zephyr/kernel/libkernel.a(device.c.obj)
                0x0000000000015a18                z_sys_init_run_level
 .text.reason_to_str
                0x0000000000015a68       0x40 zephyr/kernel/libkernel.a(fatal.c.obj)
 .text.thread_name_get
                0x0000000000015aa8       0x20 zephyr/kernel/libkernel.a(fatal.c.obj)
 .text.z_fatal_error
                0x0000000000015ac8      0x228 zephyr/kernel/libkernel.a(fatal.c.obj)
                0x0000000000015ac8                z_fatal_error
 .text.init_idle_thread
                0x0000000000015cf0       0x60 zephyr/kernel/libkernel.a(init.c.obj)
 .text.bg_thread_main
                0x0000000000015d50       0x34 zephyr/kernel/libkernel.a(init.c.obj)
 .text.switch_to_main_thread
                0x0000000000015d84       0x14 zephyr/kernel/libkernel.a(init.c.obj)
 .text.z_bss_zero
                0x0000000000015d98       0x18 zephyr/kernel/libkernel.a(init.c.obj)
                0x0000000000015d98                z_bss_zero
 .text.z_init_cpu
                0x0000000000015db0       0x40 zephyr/kernel/libkernel.a(init.c.obj)
                0x0000000000015db0                z_init_cpu
 .text.prepare_multithreading
                0x0000000000015df0       0x60 zephyr/kernel/libkernel.a(init.c.obj)
 .text.z_cstart
                0x0000000000015e50       0x90 zephyr/kernel/libkernel.a(init.c.obj)
                0x0000000000015e50                z_cstart
 .text.statics_init
                0x0000000000015ee0       0x24 zephyr/kernel/libkernel.a(kheap.c.obj)
 .text.init_mem_slab_module