Archive member included to satisfy reference by file (symbol)

app/libapp.a(main.c.obj)      (--whole-archive)
zephyr/libzephyr.a(cbprintf_packaged.c.obj)
                              (--whole-archive)
zephyr/libzephyr.a(crc32c_sw.c.obj)
                              (--whole-archive)
zephyr/libzephyr.a(crc32_sw.c.obj)
                              (--whole-archive)
zephyr/libzephyr.a(crc16_sw.c.obj)
                              (--whole-archive)
zephyr/libzephyr.a(crc8_sw.c.obj)
                              (--whole-archive)
zephyr/libzephyr.a(crc7_sw.c.obj)
                              (--whole-archive)
zephyr/libzephyr.a(dec.c.obj)
                              (--whole-archive)
zephyr/libzephyr.a(fdtable.c.obj)
                              (--whole-archive)
zephyr/libzephyr.a(hex.c.obj)
                              (--whole-archive)
zephyr/libzephyr.a(notify.c.obj)
                              (--whole-archive)
zephyr/libzephyr.a(printk.c.obj)
                              (--whole-archive)
zephyr/libzephyr.a(onoff.c.obj)
                              (--whole-archive)
zephyr/libzephyr.a(rb.c.obj)  (--whole-archive)
zephyr/libzephyr.a(sem.c.obj)
                              (--whole-archive)
zephyr/libzephyr.a(thread_entry.c.obj)
                              (--whole-archive)
zephyr/libzephyr.a(timeutil.c.obj)
                              (--whole-archive)
zephyr/libzephyr.a(heap.c.obj)
                              (--whole-archive)
zephyr/libzephyr.a(heap-validate.c.obj)
                              (--whole-archive)
zephyr/libzephyr.a(bitarray.c.obj)
                              (--whole-archive)
zephyr/libzephyr.a(multi_heap.c.obj)
                              (--whole-archive)
zephyr/libzephyr.a(cbprintf_complete.c.obj)
                              (--whole-archive)
zephyr/libzephyr.a(cbprintf.c.obj)
                              (--whole-archive)
zephyr/libzephyr.a(assert.c.obj)
                              (--whole-archive)
zephyr/libzephyr.a(reboot.c.obj)
                              (--whole-archive)
zephyr/libzephyr.a(configs.c.obj)
                              (--whole-archive)
zephyr/libzephyr.a(soc.c.obj)
                              (--whole-archive)
zephyr/libzephyr.a(soc_nrf_common.S.obj)
                              (--whole-archive)
zephyr/libzephyr.a(validate_base_addresses.c.obj)
                              (--whole-archive)
zephyr/libzephyr.a(validate_enabled_instances.c.obj)
                              (--whole-archive)
zephyr/libzephyr.a(ipc_service.c.obj)
                              (--whole-archive)
zephyr/libzephyr.a(ipc_rpmsg_static_vrings.c.obj)
                              (--whole-archive)
zephyr/libzephyr.a(ipc_rpmsg.c.obj)
                              (--whole-archive)
zephyr/libzephyr.a(ipc_static_vrings.c.obj)
                              (--whole-archive)
zephyr/libzephyr.a(addr_utils.c.obj)
                              (--whole-archive)
zephyr/libzephyr.a(tracing_none.c.obj)
                              (--whole-archive)
zephyr/libzephyr.a(flash_map_partition_manager.c.obj)
                              (--whole-archive)
zephyr/libzephyr.a(utils.c.obj)
                              (--whole-archive)
zephyr/libzephyr.a(aes_decrypt.c.obj)
                              (--whole-archive)
zephyr/libzephyr.a(aes_encrypt.c.obj)
                              (--whole-archive)
zephyr/arch/common/libarch__common.a(sw_isr_common.c.obj)
                              (--whole-archive)
zephyr/arch/arch/arm/core/aarch32/libarch__arm__core__aarch32.a(cpu_idle.S.obj)
                              (--whole-archive)
zephyr/arch/arch/arm/core/aarch32/libarch__arm__core__aarch32.a(fatal.c.obj)
                              (--whole-archive)
zephyr/arch/arch/arm/core/aarch32/libarch__arm__core__aarch32.a(irq_manage.c.obj)
                              (--whole-archive)
zephyr/arch/arch/arm/core/aarch32/libarch__arm__core__aarch32.a(nmi.c.obj)
                              (--whole-archive)
zephyr/arch/arch/arm/core/aarch32/libarch__arm__core__aarch32.a(nmi_on_reset.S.obj)
                              (--whole-archive)
zephyr/arch/arch/arm/core/aarch32/libarch__arm__core__aarch32.a(prep_c.c.obj)
                              (--whole-archive)
zephyr/arch/arch/arm/core/aarch32/libarch__arm__core__aarch32.a(swap.c.obj)
                              (--whole-archive)
zephyr/arch/arch/arm/core/aarch32/libarch__arm__core__aarch32.a(swap_helper.S.obj)
                              (--whole-archive)
zephyr/arch/arch/arm/core/aarch32/libarch__arm__core__aarch32.a(thread.c.obj)
                              (--whole-archive)
zephyr/arch/arch/arm/core/aarch32/libarch__arm__core__aarch32.a(isr_wrapper.S.obj)
                              (--whole-archive)
zephyr/arch/arch/arm/core/aarch32/cortex_m/libarch__arm__core__aarch32__cortex_m.a(exc_exit.S.obj)
                              (--whole-archive)
[...]
Memory Configuration

Name             Origin             Length             Attributes
FLASH            0x0000000001000000 0x0000000000040000 xr
SRAM             0x0000000021000000 0x0000000000010000 xw
SRAM1            0x0000000021000000 0x0000000000010000
IDT_LIST         0x00000000fffff7ff 0x0000000000000800 xw
*default*        0x0000000000000000 0xffffffffffffffff

Linker script and memory map

LOAD zephyr/CMakeFiles/zephyr_final.dir/misc/empty_file.c.obj
LOAD zephyr/CMakeFiles/zephyr_final.dir/dev_handles.c.obj
LOAD zephyr/CMakeFiles/zephyr_final.dir/isr_tables.c.obj
                0x0000000000000020                _region_min_align = 0x20

.rel.plt        0x0000000001000000        0x0
 *(SORT_BY_ALIGNMENT(.rel.plt))
                [!provide]                        PROVIDE (__rel_iplt_start = .)
 *(SORT_BY_ALIGNMENT(.rel.iplt))
 .rel.iplt      0x0000000001000000        0x0 zephyr/CMakeFiles/zephyr_final.dir/isr_tables.c.obj
                [!provide]                        PROVIDE (__rel_iplt_end = .)

.rela.plt       0x0000000000000000        0x0
 *(SORT_BY_ALIGNMENT(.rela.plt))
                [!provide]                        PROVIDE (__rela_iplt_start = .)
 *(SORT_BY_ALIGNMENT(.rela.iplt))
                [!provide]                        PROVIDE (__rela_iplt_end = .)

.rel.dyn
 *(SORT_BY_ALIGNMENT(.rel.*))

.rela.dyn
 *(SORT_BY_ALIGNMENT(.rela.*))

/DISCARD/
 *(SORT_BY_ALIGNMENT(.plt))
 *(SORT_BY_ALIGNMENT(.iplt))
 *(SORT_BY_ALIGNMENT(.got.plt))
 *(SORT_BY_ALIGNMENT(.igot.plt))
 *(SORT_BY_ALIGNMENT(.got))
 *(SORT_BY_ALIGNMENT(.igot))
 *(SORT_BY_ALIGNMENT(.irq_info*))
 *(SORT_BY_ALIGNMENT(.intList*))
 *(SORT_BY_ALIGNMENT(.note.GNU-stack))
                0x0000000001000000                __rom_region_start = 0x1000000

rom_start       0x0000000001000000       0xb8
                0x0000000000000000                . = 0x0
                0x0000000000000000                . = ALIGN (0x4)
                0x0000000000000000                . = ALIGN (0x80)
                0x0000000000000000                . = ALIGN (0x100)
                0x0000000001000000                _vector_start = .
 *(SORT_BY_ALIGNMENT(.exc_vector_table))
 *(SORT_BY_ALIGNMENT(.exc_vector_table.*))
 .exc_vector_table._vector_table_section
                0x0000000001000000       0x40 zephyr/arch/arch/arm/core/aarch32/cortex_m/libarch__arm__core__aarch32__cortex_m.a(vector_table.S.obj)
                0x0000000001000000                _vector_table
 *(SORT_BY_ALIGNMENT(.vectors))
                0x00000000010000b8                _vector_end = .
                0x0000000001000040                . = ALIGN (0x4)
 *(SORT_BY_ALIGNMENT(.gnu.linkonce.irq_vector_table*))
 .gnu.linkonce.irq_vector_table
                0x0000000001000040       0x78 zephyr/CMakeFiles/zephyr_final.dir/isr_tables.c.obj
                0x0000000001000040                _irq_vector_table
                0x00000000010000b8                _vector_end = .

text            0x00000000010000b8    0x2a78e
                0x00000000010000b8                __text_region_start = .
 *(SORT_BY_ALIGNMENT(.text))
 .text          0x00000000010000b8       0x30 c:/ncs/toolchains/v2.1.0/opt/zephyr-sdk/arm-zephyr-eabi/bin/../lib/gcc/arm-zephyr-eabi/10.3.0/thumb/v8-m.main/nofp\libgcc.a(_aeabi_uldivmod.o)
                0x00000000010000b8                __aeabi_uldivmod
 .text          0x00000000010000e8        0x4 c:/ncs/toolchains/v2.1.0/opt/zephyr-sdk/arm-zephyr-eabi/bin/../lib/gcc/arm-zephyr-eabi/10.3.0/thumb/v8-m.main/nofp\libgcc.a(_dvmd_tls.o)
                0x00000000010000e8                __aeabi_idiv0
                0x00000000010000e8                __aeabi_ldiv0
 .text          0x00000000010000ec      0x5a0 C:/ncs/v2.1.0/nrfxlib/crypto/nrf_oberon/lib/cortex-m33+nodsp/soft-float/liboberon_3.0.12.a(ocrypto_bigint256.s.obj)
                0x00000000010000ec                ocrypto_bigint_add256
                0x000000000100012c                ocrypto_bigint_sub256
                0x000000000100016c                ocrypto_bigint_cadd256
                0x00000000010001c8                ocrypto_bigint_csub256
                0x0000000001000224                ocrypto_bigint_cswap256
                0x0000000001000258                ocrypto_mul256_noframe
                0x00000000010004cc                ocrypto_bigint_mul256
                0x00000000010004ec                ocrypto_sqr256_noframe
                0x000000000100066c                ocrypto_bigint_sqr256
 .text          0x000000000100068c       0x5c C:/ncs/v2.1.0/nrfxlib/crypto/nrf_oberon/lib/cortex-m33+nodsp/soft-float/liboberon_3.0.12.a(ocrypto_constant_time.s.obj)
                0x000000000100068c                ocrypto_constant_time_equal
                0x00000000010006b4                ocrypto_constant_time_is_zero
                0x00000000010006d0                ocrypto_constant_time_xor
 .text          0x00000000010006e8      0x20c C:/ncs/v2.1.0/nrfxlib/crypto/nrf_oberon/lib/cortex-m33+nodsp/soft-float/liboberon_3.0.12.a(ocrypto_mod_p256_base.s.obj)
                0x00000000010006e8                ocrypto_mod_p256_add
                0x0000000001000764                ocrypto_mod_p256_sub
                0x0000000001000894                ocrypto_mod_p256_mul
                0x00000000010008c4                ocrypto_mod_p256_sqr
 .text          0x00000000010008f4        0xc C:/ncs/v2.1.0/nrfxlib/mpsl/lib/cortex-m33+nodsp/soft-float/libmpsl.a(libmpsl_debug_soft__obfuscated.elf)
                0x00000000010008f4                sym_3NUECOSAIC227DBCPHAP4U7EQ3UBTGANU5ASIOA
 .text          0x0000000001000900       0x34 C:/ncs/v2.1.0/nrfxlib/mpsl/lib/cortex-m33+nodsp/soft-float/libmpsl.a(libmpsl_debug_soft__obfuscated.elf)
                0x0000000001000900                sym_QLJBNB55XHXGY3EZ4W3ZZ3U6AVPE2YGDOXRUZSQ
 .text          0x0000000001000934       0x24 C:/ncs/v2.1.0/nrfxlib/mpsl/lib/cortex-m33+nodsp/soft-float/libmpsl.a(libmpsl_debug_soft__obfuscated.elf)
                0x0000000001000934                mpsl_tx_power_radio_supported_power_adjust
 .text          0x0000000001000958        0xc C:/ncs/v2.1.0/nrfxlib/mpsl/lib/cortex-m33+nodsp/soft-float/libmpsl.a(libmpsl_debug_soft__obfuscated.elf)
                0x0000000001000958                sym_SKFSQME5SGNPYLL7B75KY7PHXFYWSRI2HSTT45A
 .text          0x0000000001000964       0x18 C:/ncs/v2.1.0/nrfxlib/mpsl/lib/cortex-m33+nodsp/soft-float/libmpsl.a(libmpsl_debug_soft__obfuscated.elf)
                0x0000000001000964                sym_4RNEPYYQOFM4LAOGLN2TB27X7L3XBISTGAWYOHQ
 .text          0x000000000100097c       0xc0 C:/ncs/v2.1.0/nrfxlib/mpsl/lib/cortex-m33+nodsp/soft-float/libmpsl.a(libmpsl_debug_soft__obfuscated.elf)
 .text          0x0000000001000a3c       0x7c C:/ncs/v2.1.0/nrfxlib/mpsl/lib/cortex-m33+nodsp/soft-float/libmpsl.a(libmpsl_debug_soft__obfuscated.elf)
 .text          0x0000000001000ab8      0x108 C:/ncs/v2.1.0/nrfxlib/mpsl/lib/cortex-m33+nodsp/soft-float/libmpsl.a(libmpsl_debug_soft__obfuscated.elf)
 .text          0x0000000001000bc0      0x590 C:/ncs/v2.1.0/nrfxlib/mpsl/lib/cortex-m33+nodsp/soft-float/libmpsl.a(libmpsl_debug_soft__obfuscated.elf)
 .text          0x0000000001001150      0x1e8 C:/ncs/v2.1.0/nrfxlib/mpsl/lib/cortex-m33+nodsp/soft-float/libmpsl.a(libmpsl_debug_soft__obfuscated.elf)
 .text          0x0000000001001338      0x178 C:/ncs/v2.1.0/nrfxlib/mpsl/lib/cortex-m33+nodsp/soft-float/libmpsl.a(libmpsl_debug_soft__obfuscated.elf)
 .text          0x00000000010014b0       0xf0 C:/ncs/v2.1.0/nrfxlib/mpsl/lib/cortex-m33+nodsp/soft-float/libmpsl.a(libmpsl_debug_soft__obfuscated.elf)
 .text          0x00000000010015a0      0x124 C:/ncs/v2.1.0/nrfxlib/mpsl/lib/cortex-m33+nodsp/soft-float/libmpsl.a(libmpsl_debug_soft__obfuscated.elf)
 .text          0x00000000010016c4        0x4 C:/ncs/v2.1.0/nrfxlib/mpsl/lib/cortex-m33+nodsp/soft-float/libmpsl.a(libmpsl_debug_soft__obfuscated.elf)
                0x00000000010016c4                sym_5POQORD6JKUMWUFK7EQMHJRVL6FP7FFCXP7FODA
 .text          0x00000000010016c8       0x78 C:/ncs/v2.1.0/nrfxlib/mpsl/lib/cortex-m33+nodsp/soft-float/libmpsl.a(libmpsl_debug_soft__obfuscated.elf)
                0x00000000010016c8                sym_ZC6NJBPUISWILQK6OTOBMJVVUT63JRIDGH5WNCY
 .text          0x0000000001001740       0x20 C:/ncs/v2.1.0/nrfxlib/mpsl/lib/cortex-m33+nodsp/soft-float/libmpsl.a(libmpsl_debug_soft__obfuscated.elf)
                0x0000000001001740                sym_RWBLK2534FJMTER76IYUPZQ3YF74JEALZ2OBIDI
 .text          0x0000000001001760       0x34 C:/ncs/v2.1.0/nrfxlib/mpsl/lib/cortex-m33+nodsp/soft-float/libmpsl.a(libmpsl_debug_soft__obfuscated.elf)
                0x0000000001001760                sym_4FXF7BZT2IZ3YRYSE3Z2XCICKWZPGDZTXL2ECZQ
 .text          0x0000000001001794      0x300 C:/ncs/v2.1.0/nrfxlib/mpsl/lib/cortex-m33+nodsp/soft-float/libmpsl.a(libmpsl_debug_soft__obfuscated.elf)
                0x0000000001001794                sym_SFR5TVV24PZRIRC5QGOHL2X436PUHKRY2QWKP5Y
 .text          0x0000000001001a94       0x58 C:/ncs/v2.1.0/nrfxlib/mpsl/lib/cortex-m33+nodsp/soft-float/libmpsl.a(libmpsl_debug_soft__obfuscated.elf)
                0x0000000001001a94                sym_RPHL2J7CVNKM6GKLDIFI4NVAPZE2FHTYW4VJSJI
 .text          0x0000000001001aec       0x24 C:/ncs/v2.1.0/nrfxlib/mpsl/lib/cortex-m33+nodsp/soft-float/libmpsl.a(libmpsl_debug_soft__obfuscated.elf)
                0x0000000001001aec                sym_MLZNDMDYRI6WNTNQ4RIQGPD423CK7RT4YVI5CAI
 .text          0x0000000001001b10       0x14 C:/ncs/v2.1.0/nrfxlib/mpsl/lib/cortex-m33+nodsp/soft-float/libmpsl.a(libmpsl_debug_soft__obfuscated.elf)
                0x0000000001001b10                sym_MGCUANL7Q2CUPWKYBFLWSWSNXIEEYBPZTHT2VZI
 .text          0x0000000001001b24       0x4c C:/ncs/v2.1.0/nrfxlib/mpsl/lib/cortex-m33+nodsp/soft-float/libmpsl.a(libmpsl_debug_soft__obfuscated.elf)
                0x0000000001001b24                sym_CFZK3G6ZC4ONUAYO2UALWQ4CBO7A6ADNAS2FS7Y
 .text          0x0000000001001b70       0x24 C:/ncs/v2.1.0/nrfxlib/mpsl/lib/cortex-m33+nodsp/soft-float/libmpsl.a(libmpsl_debug_soft__obfuscated.elf)
                0x0000000001001b70                sym_PIDJEDDM47FHOOZQXISY5YBB3CBP5VAXWPCUL2Q
 .text          0x0000000001001b94       0x70 C:/ncs/v2.1.0/nrfxlib/mpsl/lib/cortex-m33+nodsp/soft-float/libmpsl.a(libmpsl_debug_soft__obfuscated.elf)
                0x0000000001001b94                sym_W447CEMR6K6QRW3N63PRPIR7NK6ENOSBFXLCPRQ
 .text          0x0000000001001c04      0x2dc C:/ncs/v2.1.0/nrfxlib/mpsl/lib/cortex-m33+nodsp/soft-float/libmpsl.a(libmpsl_debug_soft__obfuscated.elf)
                0x0000000001001c04                sym_CVH6S6LMSFPC2RM6I6LYWFRVOJUD3A6OCMG7AAI
 .text          0x0000000001001ee0      0x774 C:/ncs/v2.1.0/nrfxlib/mpsl/lib/cortex-m33+nodsp/soft-float/libmpsl.a(libmpsl_debug_soft__obfuscated.elf)
                0x0000000001001ee0                sym_NFDFVOR5BUFND4TNTGYIYR4ARXJRXWSQ4PVFUKY
 .text          0x0000000001002654      0x2ec C:/ncs/v2.1.0/nrfxlib/mpsl/lib/cortex-m33+nodsp/soft-float/libmpsl.a(libmpsl_debug_soft__obfuscated.elf)
                0x0000000001002654                sym_R4Y3KWNYX4PGGLE5X2L7DXMWMJUY3DOXD7LSUKY
 .text          0x0000000001002940       0x14 C:/ncs/v2.1.0/nrfxlib/mpsl/lib/cortex-m33+nodsp/soft-float/libmpsl.a(libmpsl_debug_soft__obfuscated.elf)
                0x0000000001002940                sym_F77FUTRRLLWPYDS7BBANG2WE3C4EDMYMAPNI54A
 .text          0x0000000001002954        0xc C:/ncs/v2.1.0/nrfxlib/mpsl/lib/cortex-m33+nodsp/soft-float/libmpsl.a(libmpsl_debug_soft__obfuscated.elf)
                0x0000000001002954                sym_VJEK4XS7F73UVK3OKMWLYLJEHOD3EB5MY72V6OQ
 .text          0x0000000001002960      0x1dc C:/ncs/v2.1.0/nrfxlib/mpsl/lib/cortex-m33+nodsp/soft-float/libmpsl.a(libmpsl_debug_soft__obfuscated.elf)
                0x0000000001002960                sym_J5F7QGRFPKMLWRNSXZXS5YI7BM4DUTISCOASCOA
 .text          0x0000000001002b3c       0x40 C:/ncs/v2.1.0/nrfxlib/mpsl/lib/cortex-m33+nodsp/soft-float/libmpsl.a(libmpsl_debug_soft__obfuscated.elf)
                0x0000000001002b3c                MPSL_IRQ_RADIO_Handler
 .text          0x0000000001002b7c      0x104 C:/ncs/v2.1.0/nrfxlib/mpsl/lib/cortex-m33+nodsp/soft-float/libmpsl.a(libmpsl_debug_soft__obfuscated.elf)
                0x0000000001002b7c                sym_URFU24FFGR2HYB6CCPIPKPNZNMTWHKDYOATUJNY
 .text          0x0000000001002c80       0x30 C:/ncs/v2.1.0/nrfxlib/mpsl/lib/cortex-m33+nodsp/soft-float/libmpsl.a(libmpsl_debug_soft__obfuscated.elf)
                0x0000000001002c80                sym_VEWW3RW4OAPPUFDQOJ7JRKBAAFEHR5NLTH3O5OQ
 .text          0x0000000001002cb0       0x48 C:/ncs/v2.1.0/nrfxlib/mpsl/lib/cortex-m33+nodsp/soft-float/libmpsl.a(libmpsl_debug_soft__obfuscated.elf)
                0x0000000001002cb0                sym_KRIFY7ONBBSU6QHFDWYLN5WQPGGEBIZW5444PSQ
 .text          0x0000000001002cf8        0x4 C:/ncs/v2.1.0/nrfxlib/mpsl/lib/cortex-m33+nodsp/soft-float/libmpsl.a(libmpsl_debug_soft__obfuscated.elf)
                0x0000000001002cf8                sym_6TZLBWMEWRMPI4KKAUVLC2XHUBDGXEA4B4JJJYQ
 .text          0x0000000001002cfc       0x9c C:/ncs/v2.1.0/nrfxlib/mpsl/lib/cortex-m33+nodsp/soft-float/libmpsl.a(libmpsl_debug_soft__obfuscated.elf)
                0x0000000001002cfc                sym_FWJGAV6HUABGKXBT6K4XJ76WZDWHK3EOQOQRNOI
 .text          0x0000000001002d98       0x20 C:/ncs/v2.1.0/nrfxlib/mpsl/lib/cortex-m33+nodsp/soft-float/libmpsl.a(libmpsl_debug_soft__obfuscated.elf)
                0x0000000001002d98                sym_HVFGTYCGAECGUJHOFSPMGUV2G4PTWWUYTJVAPNA
 .text          0x0000000001002db8      0x244 C:/ncs/v2.1.0/nrfxlib/mpsl/lib/cortex-m33+nodsp/soft-float/libmpsl.a(libmpsl_debug_soft__obfuscated.elf)
                0x0000000001002db8                sym_QWOE5H22ZADGJX5JSROW7BOI32Z6PPEEJCISNOQ
 .text          0x0000000001002ffc      0x2a4 C:/ncs/v2.1.0/nrfxlib/mpsl/lib/cortex-m33+nodsp/soft-float/libmpsl.a(libmpsl_debug_soft__obfuscated.elf)
                0x0000000001002ffc                sym_DQFOGVCNU4NTOMWSL3IYDNCMIXT2LT7SZHL5IHI
 .text          0x00000000010032a0       0xa0 C:/ncs/v2.1.0/nrfxlib/mpsl/lib/cortex-m33+nodsp/soft-float/libmpsl.a(libmpsl_debug_soft__obfuscated.elf)
                0x00000000010032a0                sym_ORUJDMUJV7RZIFXM3X5KLRROPKJ7VPLJ65JMLRQ
 .text          0x0000000001003340       0x1c C:/ncs/v2.1.0/nrfxlib/mpsl/lib/cortex-m33+nodsp/soft-float/libmpsl.a(libmpsl_debug_soft__obfuscated.elf)
                0x0000000001003340                sym_XYQTP7YX2XFVREW5KFDH2NNPGRIPEHKIO2RURYI
 .text          0x000000000100335c       0x58 C:/ncs/v2.1.0/nrfxlib/mpsl/lib/cortex-m33+nodsp/soft-float/libmpsl.a(libmpsl_debug_soft__obfuscated.elf)
                0x000000000100335c                sym_AOU55ZK756JLPLCLZ5TZSSVKOAWWFUNQZATBXUI
 .text          0x00000000010033b4       0x34 C:/ncs/v2.1.0/nrfxlib/mpsl/lib/cortex-m33+nodsp/soft-float/libmpsl.a(libmpsl_debug_soft__obfuscated.elf)
                0x00000000010033b4                sym_PITJNQC6YSCEFAH23N5QRORZDKCSKOAUGBUS6GA
 .text          0x00000000010033e8       0xd4 C:/ncs/v2.1.0/nrfxlib/mpsl/lib/cortex-m33+nodsp/soft-float/libmpsl.a(libmpsl_debug_soft__obfuscated.elf)
                0x00000000010033e8                sym_3SK52U5TD4ACVVYKWS6UI6ZPWKSLV6BW5IGCPJI
 .text          0x00000000010034bc      0x198 C:/ncs/v2.1.0/nrfxlib/mpsl/lib/cortex-m33+nodsp/soft-float/libmpsl.a(libmpsl_debug_soft__obfuscated.elf)
                0x00000000010034bc                sym_2ZDZA75WOMRNSQ6XL7IZWAQKYFFSRJOGBGKPTIQ
 .text          0x0000000001003654       0xc4 C:/ncs/v2.1.0/nrfxlib/mpsl/lib/cortex-m33+nodsp/soft-float/libmpsl.a(libmpsl_debug_soft__obfuscated.elf)
                0x0000000001003654                sym_UGOJA475OXR5HR5WFINUK27HP5BRGNWCZXQLKDI
 .text          0x0000000001003718      0x12c C:/ncs/v2.1.0/nrfxlib/mpsl/lib/cortex-m33+nodsp/soft-float/libmpsl.a(libmpsl_debug_soft__obfuscated.elf)
                0x0000000001003718                sym_QUBGY7RMPG7R5F6DVNURH4AVGDAWMK46YXU4DRA
 .text          0x0000000001003844        0xc C:/ncs/v2.1.0/nrfxlib/mpsl/lib/cortex-m33+nodsp/soft-float/libmpsl.a(libmpsl_debug_soft__obfuscated.elf)
                0x0000000001003844                sym_RUQO26WM5KVVEW7O3OHCXPO7LLLXRBDPIPSWIWY
 .text          0x0000000001003850        0xc C:/ncs/v2.1.0/nrfxlib/mpsl/lib/cortex-m33+nodsp/soft-float/libmpsl.a(libmpsl_debug_soft__obfuscated.elf)
                0x0000000001003850                sym_M4DIQOXJAE3BNHQBIUCZXAABSM24CWUEJOCU7DY
 .text          0x000000000100385c       0x44 C:/ncs/v2.1.0/nrfxlib/mpsl/lib/cortex-m33+nodsp/soft-float/libmpsl.a(libmpsl_debug_soft__obfuscated.elf)
                0x000000000100385c                sym_ER2LFPTHTSYOYONJR4JS5HXOBOW2Y522PSIGIAQ
 .text          0x00000000010038a0      0x114 C:/ncs/v2.1.0/nrfxlib/mpsl/lib/cortex-m33+nodsp/soft-float/libmpsl.a(libmpsl_debug_soft__obfuscated.elf)
                0x00000000010038a0                sym_X2K67YH6UCW6TFK6NTLPZZFGWYHTTPZYK5PXHNQ
 .text          0x00000000010039b4        0x4 C:/ncs/v2.1.0/nrfxlib/mpsl/lib/cortex-m33+nodsp/soft-float/libmpsl.a(libmpsl_debug_soft__obfuscated.elf)
                0x00000000010039b4                sym_2XHWCFCONWNVOJMSX36K54RLWKHKBPZWGYV3IRI
 .text          0x00000000010039b8       0x30 C:/ncs/v2.1.0/nrfxlib/mpsl/lib/cortex-m33+nodsp/soft-float/libmpsl.a(libmpsl_debug_soft__obfuscated.elf)
                0x00000000010039b8                sym_DY4TH3UYBBOUULSDPZZ7Y6J5DTNRGWFEBHJXKVA
 .text          0x00000000010039e8       0x30 C:/ncs/v2.1.0/nrfxlib/mpsl/lib/cortex-m33+nodsp/soft-float/libmpsl.a(libmpsl_debug_soft__obfuscated.elf)
                0x00000000010039e8                sym_CQWZ455IMTLTPY5LEEZHXHRRNX223B3HTDD45HA
 .text          0x0000000001003a18      0x110 C:/ncs/v2.1.0/nrfxlib/mpsl/lib/cortex-m33+nodsp/soft-float/libmpsl.a(libmpsl_debug_soft__obfuscated.elf)
                0x0000000001003a18                sym_TSYEIN5CZPQE3YK6VECZD5C2M4LMXKKH6O7LNAY
 .text          0x0000000001003b28       0x94 C:/ncs/v2.1.0/nrfxlib/mpsl/lib/cortex-m33+nodsp/soft-float/libmpsl.a(libmpsl_debug_soft__obfuscated.elf)
                0x0000000001003b28                sym_OLTN5HGCU3P74AJAQRGNYBUXASUKWF3RI2Q3H5Q
 .text          0x0000000001003bbc      0x120 C:/ncs/v2.1.0/nrfxlib/mpsl/lib/cortex-m33+nodsp/soft-float/libmpsl.a(libmpsl_debug_soft__obfuscated.elf)
                0x0000000001003bbc                MPSL_IRQ_RTC0_Handler
 .text          0x0000000001003cdc      0x174 C:/ncs/v2.1.0/nrfxlib/mpsl/lib/cortex-m33+nodsp/soft-float/libmpsl.a(libmpsl_debug_soft__obfuscated.elf)
                0x0000000001003cdc                MPSL_IRQ_TIMER0_Handler
 .text          0x0000000001003e50       0x28 C:/ncs/v2.1.0/nrfxlib/mpsl/lib/cortex-m33+nodsp/soft-float/libmpsl.a(libmpsl_debug_soft__obfuscated.elf)
                0x0000000001003e50                sym_52O7VXVVZYQGD3Z6C3FDJLGBNMQQ6XC5LJ3IFRQ
 .text          0x0000000001003e78       0x10 C:/ncs/v2.1.0/nrfxlib/mpsl/lib/cortex-m33+nodsp/soft-float/libmpsl.a(libmpsl_debug_soft__obfuscated.elf)
                0x0000000001003e78                sym_476ZEBCLN4VRBESFX6B7F6TMVQVNPVCGXRXSHHY
 .text          0x0000000001003e88        0xc C:/ncs/v2.1.0/nrfxlib/mpsl/lib/cortex-m33+nodsp/soft-float/libmpsl.a(libmpsl_debug_soft__obfuscated.elf)
                0x0000000001003e88                sym_HUWGHJMM42MANQTSVL3EY7E3VE4XM4JTQUIQAII
 .text          0x0000000001003e94       0x14 C:/ncs/v2.1.0/nrfxlib/mpsl/lib/cortex-m33+nodsp/soft-float/libmpsl.a(libmpsl_debug_soft__obfuscated.elf)
                0x0000000001003e94                sym_3RLTHYPNUGF2GJUCXUGLNFS6UK7UWZOBB6PWVDI
 .text          0x0000000001003ea8       0x14 C:/ncs/v2.1.0/nrfxlib/mpsl/lib/cortex-m33+nodsp/soft-float/libmpsl.a(libmpsl_debug_soft__obfuscated.elf)
                0x0000000001003ea8                sym_7TCBS6SSQW4V3WJBKAXLOSA2HN4KF7UYAM2QFKI
 .text          0x0000000001003ebc       0x14 C:/ncs/v2.1.0/nrfxlib/mpsl/lib/cortex-m33+nodsp/soft-float/libmpsl.a(libmpsl_debug_soft__obfuscated.elf)
 .text          0x0000000001003ed0       0x20 C:/ncs/v2.1.0/nrfxlib/mpsl/lib/cortex-m33+nodsp/soft-float/libmpsl.a(libmpsl_debug_soft__obfuscated.elf)
 .text          0x0000000001003ef0       0x34 C:/ncs/v2.1.0/nrfxlib/mpsl/lib/cortex-m33+nodsp/soft-float/libmpsl.a(libmpsl_debug_soft__obfuscated.elf)
 .text          0x0000000001003f24       0x40 C:/ncs/v2.1.0/nrfxlib/mpsl/lib/cortex-m33+nodsp/soft-float/libmpsl.a(libmpsl_debug_soft__obfuscated.elf)
 .text          0x0000000001003f64       0x24 C:/ncs/v2.1.0/nrfxlib/mpsl/lib/cortex-m33+nodsp/soft-float/libmpsl.a(libmpsl_debug_soft__obfuscated.elf)
 .text          0x0000000001003f88       0xf8 C:/ncs/v2.1.0/nrfxlib/mpsl/lib/cortex-m33+nodsp/soft-float/libmpsl.a(libmpsl_debug_soft__obfuscated.elf)
 .text          0x0000000001004080        0xc C:/ncs/v2.1.0/nrfxlib/mpsl/lib/cortex-m33+nodsp/soft-float/libmpsl.a(libmpsl_debug_soft__obfuscated.elf)
                0x0000000001004080                sym_JNBYD5ZJ5MPK62ZKHKS33GEXMN2T7JK3PFE544A
 .text          0x000000000100408c      0x100 C:/ncs/v2.1.0/nrfxlib/mpsl/lib/cortex-m33+nodsp/soft-float/libmpsl.a(libmpsl_debug_soft__obfuscated.elf)
                0x000000000100408c                sym_SMM7FXAGNH5CGLSU6FKRBG24XS3XTMWJCOJFD6Q
 .text          0x000000000100418c        0xc C:/ncs/v2.1.0/nrfxlib/mpsl/lib/cortex-m33+nodsp/soft-float/libmpsl.a(libmpsl_debug_soft__obfuscated.elf)
                0x000000000100418c                sym_ETIE3PCEXQYLK2GIVZENQ6V7PLBRV57MB7BDMNY
 .text          0x0000000001004198        0xc C:/ncs/v2.1.0/nrfxlib/mpsl/lib/cortex-m33+nodsp/soft-float/libmpsl.a(libmpsl_debug_soft__obfuscated.elf)
                0x0000000001004198                sym_MGDULS4U2D5VQ5NBLZDC7UTSC6O3GJASJZPQJ2Q
 .text          0x00000000010041a4       0x28 C:/ncs/v2.1.0/nrfxlib/mpsl/lib/cortex-m33+nodsp/soft-float/libmpsl.a(libmpsl_debug_soft__obfuscated.elf)
                0x00000000010041a4                sym_PEUB6CZG5CWXXD4M2S6OVBXZGDFOG4XII7USUDQ
 .text          0x00000000010041cc       0x38 C:/ncs/v2.1.0/nrfxlib/mpsl/lib/cortex-m33+nodsp/soft-float/libmpsl.a(libmpsl_debug_soft__obfuscated.elf)
                0x00000000010041cc                mpsl_clock_hfclk_request
 .text          0x0000000001004204       0x34 C:/ncs/v2.1.0/nrfxlib/mpsl/lib/cortex-m33+nodsp/soft-float/libmpsl.a(libmpsl_debug_soft__obfuscated.elf)
 .text          0x0000000001004238       0x4c C:/ncs/v2.1.0/nrfxlib/mpsl/lib/cortex-m33+nodsp/soft-float/libmpsl.a(libmpsl_debug_soft__obfuscated.elf)
 .text          0x0000000001004284       0x38 C:/ncs/v2.1.0/nrfxlib/mpsl/lib/cortex-m33+nodsp/soft-float/libmpsl.a(libmpsl_debug_soft__obfuscated.elf)
                0x0000000001004284                sym_AF5XKA2WT4DMFZTLKHOBWE7E2EZAMLDDFPQGGTQ
 .text          0x00000000010042bc       0x1c C:/ncs/v2.1.0/nrfxlib/mpsl/lib/cortex-m33+nodsp/soft-float/libmpsl.a(libmpsl_debug_soft__obfuscated.elf)
                0x00000000010042bc                mpsl_clock_hfclk_release
 .text          0x00000000010042d8       0x10 C:/ncs/v2.1.0/nrfxlib/mpsl/lib/cortex-m33+nodsp/soft-float/libmpsl.a(libmpsl_debug_soft__obfuscated.elf)
                0x00000000010042d8                sym_4CZSFTTT34WDYFZKE2NSCSVSYLPHLZYN7QUTGHY
 .text          0x00000000010042e8       0x84 C:/ncs/v2.1.0/nrfxlib/mpsl/lib/cortex-m33+nodsp/soft-float/libmpsl.a(libmpsl_debug_soft__obfuscated.elf)
                0x00000000010042e8                sym_A4JUKJUCTJV55V2WD6TXU63VO5GAMB4XA4EE56Q
 .text          0x000000000100436c       0xa4 C:/ncs/v2.1.0/nrfxlib/mpsl/lib/cortex-m33+nodsp/soft-float/libmpsl.a(libmpsl_debug_soft__obfuscated.elf)
                0x000000000100436c                MPSL_IRQ_CLOCK_Handler
 .text          0x0000000001004410       0x18 C:/ncs/v2.1.0/nrfxlib/mpsl/lib/cortex-m33+nodsp/soft-float/libmpsl.a(libmpsl_debug_soft__obfuscated.elf)
                0x0000000001004410                sym_4PX37LW4KIUYQZ73JWLPH5GAGIRWAKTV3E6F62Q
 .text          0x0000000001004428      0x1ac C:/ncs/v2.1.0/nrfxlib/mpsl/lib/cortex-m33+nodsp/soft-float/libmpsl.a(libmpsl_debug_soft__obfuscated.elf)
                0x0000000001004428                sym_FYHKZOVAJN6VDDHY43FT7PF4YLRDHWRTEWHFG6I
 .text          0x00000000010045d4        0xc C:/ncs/v2.1.0/nrfxlib/mpsl/lib/cortex-m33+nodsp/soft-float/libmpsl.a(libmpsl_debug_soft__obfuscated.elf)
                0x00000000010045d4                sym_IFJHPQV3B4EIN6OIUP3LZSPJBF5HLX2VYD323GA
 .text          0x00000000010045e0       0x1c C:/ncs/v2.1.0/nrfxlib/mpsl/lib/cortex-m33+nodsp/soft-float/libmpsl.a(libmpsl_debug_soft__obfuscated.elf)
                0x00000000010045e0                sym_XK3TMLCZALCYYWGULGHQIRSOBMPIIPJ7HEMOZIQ
 .text          0x00000000010045fc        0xc C:/ncs/v2.1.0/nrfxlib/mpsl/lib/cortex-m33+nodsp/soft-float/libmpsl.a(libmpsl_debug_soft__obfuscated.elf)
                0x00000000010045fc                sym_PIRI3CTIHOPR5MPDQRHBJRRZEA2NVOD4J3GXGOA
 .text          0x0000000001004608       0x20 C:/ncs/v2.1.0/nrfxlib/mpsl/lib/cortex-m33+nodsp/soft-float/libmpsl.a(libmpsl_debug_soft__obfuscated.elf)
                0x0000000001004608                sym_LIY23QT3GHIV7NCGJ6ZW6LB2ZUSI56CIFCL6HUY
 .text          0x0000000001004628       0x10 C:/ncs/v2.1.0/nrfxlib/mpsl/lib/cortex-m33+nodsp/soft-float/libmpsl.a(libmpsl_debug_soft__obfuscated.elf)
                0x0000000001004628                sym_TIWHB6UQGI33JQCQDL7C2BRAEXCRAFYENVN6QEI
 .text          0x0000000001004638       0x10 C:/ncs/v2.1.0/nrfxlib/mpsl/lib/cortex-m33+nodsp/soft-float/libmpsl.a(libmpsl_debug_soft__obfuscated.elf)
                0x0000000001004638                sym_AL7FCNVVCF72BNYCTLA5UGAWCQFXFPGE2ULTWOA
 .text          0x0000000001004648       0x10 C:/ncs/v2.1.0/nrfxlib/mpsl/lib/cortex-m33+nodsp/soft-float/libmpsl.a(libmpsl_debug_soft__obfuscated.elf)
                0x0000000001004648                sym_7BUNPUBNWNFVXXIMNFFNK765OVON5LBIUZ66QRI
 .text          0x0000000001004658       0x24 C:/ncs/v2.1.0/nrfxlib/mpsl/lib/cortex-m33+nodsp/soft-float/libmpsl.a(libmpsl_debug_soft__obfuscated.elf)
                0x0000000001004658                sym_LZEJCP3HZIBKMJQC47UQXAHGCQ52QF47EXOH2WA
 .text          0x000000000100467c       0x24 C:/ncs/v2.1.0/nrfxlib/mpsl/lib/cortex-m33+nodsp/soft-float/libmpsl.a(libmpsl_debug_soft__obfuscated.elf)
 .text          0x00000000010046a0       0x30 C:/ncs/v2.1.0/nrfxlib/mpsl/lib/cortex-m33+nodsp/soft-float/libmpsl.a(libmpsl_debug_soft__obfuscated.elf)
 .text          0x00000000010046d0       0x30 C:/ncs/v2.1.0/nrfxlib/mpsl/lib/cortex-m33+nodsp/soft-float/libmpsl.a(libmpsl_debug_soft__obfuscated.elf)
 .text          0x0000000001004700       0x70 C:/ncs/v2.1.0/nrfxlib/mpsl/lib/cortex-m33+nodsp/soft-float/libmpsl.a(libmpsl_debug_soft__obfuscated.elf)
                0x0000000001004700                mpsl_init
 .text          0x0000000001004770       0x58 C:/ncs/v2.1.0/nrfxlib/mpsl/lib/cortex-m33+nodsp/soft-float/libmpsl.a(libmpsl_debug_soft__obfuscated.elf)
                0x0000000001004770                sym_S2UAPMFVIQXDUOA6CV7GJMB33TYHEUH5D6LHO5Q
 .text          0x00000000010047c8       0x28 C:/ncs/v2.1.0/nrfxlib/mpsl/lib/cortex-m33+nodsp/soft-float/libmpsl.a(libmpsl_debug_soft__obfuscated.elf)
                0x00000000010047c8                sym_XR32KBBIVYD5OVRJM2RBQ57EGCCM2C3F5IY6OHQ
 .text          0x00000000010047f0        0xc C:/ncs/v2.1.0/nrfxlib/mpsl/lib/cortex-m33+nodsp/soft-float/libmpsl.a(libmpsl_debug_soft__obfuscated.elf)
                0x00000000010047f0                mpsl_is_initialized
 .text          0x00000000010047fc       0x7c C:/ncs/v2.1.0/nrfxlib/mpsl/lib/cortex-m33+nodsp/soft-float/libmpsl.a(libmpsl_debug_soft__obfuscated.elf)
                0x00000000010047fc                mpsl_temperature_get
 .text          0x0000000001004878       0x38 C:/ncs/v2.1.0/nrfxlib/mpsl/lib/cortex-m33+nodsp/soft-float/libmpsl.a(libmpsl_debug_soft__obfuscated.elf)
                0x0000000001004878                sym_W7ROFHNOSDKPIRUKDGIZZ5YR3MC3DAM2YLJOUIA
 .text          0x00000000010048b0       0x38 C:/ncs/v2.1.0/nrfxlib/mpsl/lib/cortex-m33+nodsp/soft-float/libmpsl.a(libmpsl_debug_soft__obfuscated.elf)
                0x00000000010048b0                sym_GURZ3AH6X65RGSKYMYNWZVP6HM56LA5MRAQWT6Q
 .text          0x00000000010048e8       0x50 C:/ncs/v2.1.0/nrfxlib/mpsl/lib/cortex-m33+nodsp/soft-float/libmpsl.a(libmpsl_debug_soft__obfuscated.elf)
                0x00000000010048e8                sym_VWGRUQT3LYZHLYS5KJ7UOCJEHLDJTWH4RVJBGKQ
 .text          0x0000000001004938        0x8 C:/ncs/v2.1.0/nrfxlib/mpsl/lib/cortex-m33+nodsp/soft-float/libmpsl.a(libmpsl_debug_soft__obfuscated.elf)
                0x0000000001004938                sym_4WL3TG4Q7RCTFEMPQ2CQTOL4PAKUULDPJUM5DTY
 .text          0x0000000001004940       0x30 C:/ncs/v2.1.0/nrfxlib/mpsl/lib/cortex-m33+nodsp/soft-float/libmpsl.a(libmpsl_debug_soft__obfuscated.elf)
                0x0000000001004940                sym_4RKOCKE3FGONP2EKGFS2MI4DYP6ZTZMGSCTB27Q
 .text          0x0000000001004970       0x24 C:/ncs/v2.1.0/nrfxlib/mpsl/lib/cortex-m33+nodsp/soft-float/libmpsl.a(libmpsl_debug_soft__obfuscated.elf)
                0x0000000001004970                sym_I67W47XQOX6K474IF74BV26DITSSLPXJW6MWOAQ
 .text          0x0000000001004994       0x40 C:/ncs/v2.1.0/nrfxlib/mpsl/lib/cortex-m33+nodsp/soft-float/libmpsl.a(libmpsl_debug_soft__obfuscated.elf)
                0x0000000001004994                sym_K65IFLJONCLHPD5IQ4ENBWGA3PVI55UHZKOIVDQ
 .text          0x00000000010049d4       0xec C:/ncs/v2.1.0/nrfxlib/mpsl/lib/cortex-m33+nodsp/soft-float/libmpsl.a(libmpsl_debug_soft__obfuscated.elf)
                0x00000000010049d4                sym_DQONLUECJTIEYFOFJXXAPJO4POIAJKJNKBGVN5A
 .text          0x0000000001004ac0       0xd8 C:/ncs/v2.1.0/nrfxlib/mpsl/lib/cortex-m33+nodsp/soft-float/libmpsl.a(libmpsl_debug_soft__obfuscated.elf)
                0x0000000001004ac0                sym_VSILKYHVQ5DVF6LG5MG267DQVA3A2XZQ6FSCLXA
 .text          0x0000000001004b98        0xc C:/ncs/v2.1.0/nrfxlib/mpsl/lib/cortex-m33+nodsp/soft-float/libmpsl.a(libmpsl_debug_soft__obfuscated.elf)
                0x0000000001004b98                mpsl_cx_request
 .text          0x0000000001004ba4        0xc C:/ncs/v2.1.0/nrfxlib/mpsl/lib/cortex-m33+nodsp/soft-float/libmpsl.a(libmpsl_debug_soft__obfuscated.elf)
                0x0000000001004ba4                mpsl_cx_release
 .text          0x0000000001004bb0        0xc C:/ncs/v2.1.0/nrfxlib/mpsl/lib/cortex-m33+nodsp/soft-float/libmpsl.a(libmpsl_debug_soft__obfuscated.elf)
                0x0000000001004bb0                mpsl_cx_granted_ops_get
 .text          0x0000000001004bbc        0xc C:/ncs/v2.1.0/nrfxlib/mpsl/lib/cortex-m33+nodsp/soft-float/libmpsl.a(libmpsl_debug_soft__obfuscated.elf)
                0x0000000001004bbc                mpsl_cx_register_callback
 .text          0x0000000001004bc8       0x40 C:/ncs/v2.1.0/nrfxlib/mpsl/lib/cortex-m33+nodsp/soft-float/libmpsl.a(libmpsl_debug_soft__obfuscated.elf)
 .text          0x0000000001004c08        0xc C:/ncs/v2.1.0/nrfxlib/mpsl/lib/cortex-m33+nodsp/soft-float/libmpsl.a(libmpsl_debug_soft__obfuscated.elf)
                0x0000000001004c08                sym_FLYO2O6PDDEK6WCFFGJRAPCMRB5FFHTEEHI4Z2Q
 .text          0x0000000001004c14       0x58 C:/ncs/v2.1.0/nrfxlib/mpsl/lib/cortex-m33+nodsp/soft-float/libmpsl.a(libmpsl_debug_soft__obfuscated.elf)
                0x0000000001004c14                sym_GNQQQFEWM5SWEGVB5JHP7HYAZGI4CDQXSGHR4SQ
 .text          0x0000000001004c6c       0x2c C:/ncs/v2.1.0/nrfxlib/mpsl/lib/cortex-m33+nodsp/soft-float/libmpsl.a(libmpsl_debug_soft__obfuscated.elf)
                0x0000000001004c6c                sym_H2AKPOL4Q6GKGQJVBUBWLPO3RBNKXXQE2HSOELQ
 .text          0x0000000001004c98       0x28 C:/ncs/v2.1.0/nrfxlib/mpsl/lib/cortex-m33+nodsp/soft-float/libmpsl.a(libmpsl_debug_soft__obfuscated.elf)
                0x0000000001004c98                sym_24DWUIEE2POS3GYSEVA4IAL4G7TGCCCJXT6D5AA
 .text          0x0000000001004cc0       0x1c C:/ncs/v2.1.0/nrfxlib/mpsl/lib/cortex-m33+nodsp/soft-float/libmpsl.a(libmpsl_debug_soft__obfuscated.elf)
                0x0000000001004cc0                sym_65YCAVBDKPZHZGRZXNQZCLS62UDJXZDBEFWVSII
 .text          0x0000000001004cdc       0x1c C:/ncs/v2.1.0/nrfxlib/mpsl/lib/cortex-m33+nodsp/soft-float/libmpsl.a(libmpsl_debug_soft__obfuscated.elf)
                0x0000000001004cdc                sym_UCUZCD3IIQBIFBTQEAMBH3ROVF42G3OC6HCQXWQ
 .text          0x0000000001004cf8       0x10 C:/ncs/v2.1.0/nrfxlib/mpsl/lib/cortex-m33+nodsp/soft-float/libmpsl.a(libmpsl_debug_soft__obfuscated.elf)
                0x0000000001004cf8                sym_TSTNWLRH7RAXHHT2FC4R3RPI2WC3O7TXKBYGVCI
 .text          0x0000000001004d08       0xbc C:/ncs/v2.1.0/nrfxlib/mpsl/lib/cortex-m33+nodsp/soft-float/libmpsl.a(libmpsl_debug_soft__obfuscated.elf)
 .text          0x0000000001004dc4      0x1f4 C:/ncs/v2.1.0/nrfxlib/mpsl/lib/cortex-m33+nodsp/soft-float/libmpsl.a(libmpsl_debug_soft__obfuscated.elf)
 .text          0x0000000001004fb8      0x1c0 C:/ncs/v2.1.0/nrfxlib/mpsl/lib/cortex-m33+nodsp/soft-float/libmpsl.a(libmpsl_debug_soft__obfuscated.elf)
 .text          0x0000000001005178       0xb8 C:/ncs/v2.1.0/nrfxlib/mpsl/lib/cortex-m33+nodsp/soft-float/libmpsl.a(libmpsl_debug_soft__obfuscated.elf)
 .text          0x0000000001005230      0x170 C:/ncs/v2.1.0/nrfxlib/mpsl/lib/cortex-m33+nodsp/soft-float/libmpsl.a(libmpsl_debug_soft__obfuscated.elf)
 .text          0x00000000010053a0       0x1c C:/ncs/v2.1.0/nrfxlib/mpsl/lib/cortex-m33+nodsp/soft-float/libmpsl.a(libmpsl_debug_soft__obfuscated.elf)
 .text          0x00000000010053bc       0x14 C:/ncs/v2.1.0/nrfxlib/mpsl/lib/cortex-m33+nodsp/soft-float/libmpsl.a(libmpsl_debug_soft__obfuscated.elf)
 .text          0x00000000010053d0       0x18 C:/ncs/v2.1.0/nrfxlib/mpsl/lib/cortex-m33+nodsp/soft-float/libmpsl.a(libmpsl_debug_soft__obfuscated.elf)
 .text          0x00000000010053e8       0xfc C:/ncs/v2.1.0/nrfxlib/mpsl/lib/cortex-m33+nodsp/soft-float/libmpsl.a(libmpsl_debug_soft__obfuscated.elf)
 .text          0x00000000010054e4       0xf4 C:/ncs/v2.1.0/nrfxlib/mpsl/lib/cortex-m33+nodsp/soft-float/libmpsl.a(libmpsl_debug_soft__obfuscated.elf)
 .text          0x00000000010055d8      0x140 C:/ncs/v2.1.0/nrfxlib/mpsl/lib/cortex-m33+nodsp/soft-float/libmpsl.a(libmpsl_debug_soft__obfuscated.elf)
 .text          0x0000000001005718       0x14 C:/ncs/v2.1.0/nrfxlib/mpsl/lib/cortex-m33+nodsp/soft-float/libmpsl.a(libmpsl_debug_soft__obfuscated.elf)
 .text          0x000000000100572c       0x14 C:/ncs/v2.1.0/nrfxlib/mpsl/lib/cortex-m33+nodsp/soft-float/libmpsl.a(libmpsl_debug_soft__obfuscated.elf)
                0x000000000100572c                sym_LKZ3ZNP3R7LS45BGGBRO6PNYTTOZOJGPU7W5PCA
 .text          0x0000000001005740        0xc C:/ncs/v2.1.0/nrfxlib/mpsl/lib/cortex-m33+nodsp/soft-float/libmpsl.a(libmpsl_debug_soft__obfuscated.elf)
                0x0000000001005740                mpsl_fem_disable
 .text          0x000000000100574c        0xc C:/ncs/v2.1.0/nrfxlib/mpsl/lib/cortex-m33+nodsp/soft-float/libmpsl.a(libmpsl_debug_soft__obfuscated.elf)
                0x000000000100574c                mpsl_fem_pa_configuration_set
 .text          0x0000000001005758        0xc C:/ncs/v2.1.0/nrfxlib/mpsl/lib/cortex-m33+nodsp/soft-float/libmpsl.a(libmpsl_debug_soft__obfuscated.elf)
                0x0000000001005758                mpsl_fem_lna_configuration_set
 .text          0x0000000001005764        0xc C:/ncs/v2.1.0/nrfxlib/mpsl/lib/cortex-m33+nodsp/soft-float/libmpsl.a(libmpsl_debug_soft__obfuscated.elf)
                0x0000000001005764                mpsl_fem_pa_configuration_clear
 .text          0x0000000001005770        0xc C:/ncs/v2.1.0/nrfxlib/mpsl/lib/cortex-m33+nodsp/soft-float/libmpsl.a(libmpsl_debug_soft__obfuscated.elf)
                0x0000000001005770                mpsl_fem_lna_configuration_clear
 .text          0x000000000100577c        0xc C:/ncs/v2.1.0/nrfxlib/mpsl/lib/cortex-m33+nodsp/soft-float/libmpsl.a(libmpsl_debug_soft__obfuscated.elf)
                0x000000000100577c                mpsl_fem_pa_gain_set
 .text          0x0000000001005788        0xc C:/ncs/v2.1.0/nrfxlib/mpsl/lib/cortex-m33+nodsp/soft-float/libmpsl.a(libmpsl_debug_soft__obfuscated.elf)
                0x0000000001005788                mpsl_fem_pa_is_configured
 .text          0x0000000001005794        0xc C:/ncs/v2.1.0/nrfxlib/mpsl/lib/cortex-m33+nodsp/soft-float/libmpsl.a(libmpsl_debug_soft__obfuscated.elf)
                0x0000000001005794                mpsl_fem_lna_is_configured
 .text          0x00000000010057a0        0xc C:/ncs/v2.1.0/nrfxlib/mpsl/lib/cortex-m33+nodsp/soft-float/libmpsl.a(libmpsl_debug_soft__obfuscated.elf)
                0x00000000010057a0                mpsl_fem_tx_power_split
 .text          0x00000000010057ac        0xc C:/ncs/v2.1.0/nrfxlib/mpsl/lib/cortex-m33+nodsp/soft-float/libmpsl.a(libmpsl_debug_soft__obfuscated.elf)
                0x00000000010057ac                mpsl_fem_device_config_254_apply_set
 .text          0x00000000010057b8       0x10 C:/ncs/v2.1.0/nrfxlib/mpsl/lib/cortex-m33+nodsp/soft-float/libmpsl.a(libmpsl_debug_soft__obfuscated.elf)
                0x00000000010057b8                sym_6TQUPGH3JCOXHF5S5KOV5JVT7ENJIB42OACFZEY
 .text          0x00000000010057c8        0xc C:/ncs/v2.1.0/nrfxlib/mpsl/lib/cortex-m33+nodsp/soft-float/libmpsl.a(libmpsl_debug_soft__obfuscated.elf)
                0x00000000010057c8                sym_UZUI4YQAV7IWWBS4QSQS6JUSLV3JFA6COL6SGJQ
 .text          0x00000000010057d4       0x10 C:/ncs/v2.1.0/nrfxlib/mpsl/lib/cortex-m33+nodsp/soft-float/libmpsl.a(libmpsl_debug_soft__obfuscated.elf)
                0x00000000010057d4                sym_XCJWKZY7PLHQ3WYDBXY2N635EFQYR732K4ZIXUI
 .text          0x00000000010057e4       0x48 C:/ncs/v2.1.0/nrfxlib/mpsl/lib/cortex-m33+nodsp/soft-float/libmpsl.a(libmpsl_debug_soft__obfuscated.elf)
 .text          0x000000000100582c       0x20 C:/ncs/v2.1.0/nrfxlib/mpsl/lib/cortex-m33+nodsp/soft-float/libmpsl.a(libmpsl_debug_soft__obfuscated.elf)
 .text          0x000000000100584c       0x40 C:/ncs/v2.1.0/nrfxlib/mpsl/lib/cortex-m33+nodsp/soft-float/libmpsl.a(libmpsl_debug_soft__obfuscated.elf)
 .text          0x000000000100588c       0xb4 C:/ncs/v2.1.0/nrfxlib/mpsl/lib/cortex-m33+nodsp/soft-float/libmpsl.a(libmpsl_debug_soft__obfuscated.elf)
 .text          0x0000000001005940      0x12c C:/ncs/v2.1.0/nrfxlib/mpsl/lib/cortex-m33+nodsp/soft-float/libmpsl.a(libmpsl_debug_soft__obfuscated.elf)
 .text          0x0000000001005a6c      0x110 C:/ncs/v2.1.0/nrfxlib/mpsl/lib/cortex-m33+nodsp/soft-float/libmpsl.a(libmpsl_debug_soft__obfuscated.elf)
 .text          0x0000000001005b7c      0x19c C:/ncs/v2.1.0/nrfxlib/mpsl/lib/cortex-m33+nodsp/soft-float/libmpsl.a(libmpsl_debug_soft__obfuscated.elf)
 .text          0x0000000001005d18       0xb4 C:/ncs/v2.1.0/nrfxlib/mpsl/lib/cortex-m33+nodsp/soft-float/libmpsl.a(libmpsl_debug_soft__obfuscated.elf)
                0x0000000001005d18                mpsl_fem_nrf21540_gpio_interface_config_set
 .text          0x0000000001005dcc       0x20 C:/ncs/v2.1.0/nrfxlib/mpsl/lib/cortex-m33+nodsp/soft-float/libmpsl.a(libmpsl_debug_soft__obfuscated.elf)
 .text          0x0000000001005dec       0x28 C:/ncs/v2.1.0/nrfxlib/mpsl/lib/cortex-m33+nodsp/soft-float/libmpsl.a(libmpsl_debug_soft__obfuscated.elf)
                0x0000000001005dec                sym_TSARTEM45GNSJMTTW7TY35JZUCGO4XDSOGO4ZZQ
 .text          0x0000000001005e14       0x18 C:/ncs/v2.1.0/nrfxlib/mpsl/lib/cortex-m33+nodsp/soft-float/libmpsl.a(libmpsl_debug_soft__obfuscated.elf)
                0x0000000001005e14                sym_SBSKADDCM455I5M7MUVGKVPKN7TISR42EIXKOLI
 .text          0x0000000001005e2c       0x18 C:/ncs/v2.1.0/nrfxlib/mpsl/lib/cortex-m33+nodsp/soft-float/libmpsl.a(libmpsl_debug_soft__obfuscated.elf)
                0x0000000001005e2c                sym_QRW3N66LO43KLPLBWVBHC2SBLZP4F6HGLD77ICA
 .text          0x0000000001005e44       0x6c C:/ncs/v2.1.0/nrfxlib/mpsl/lib/cortex-m33+nodsp/soft-float/libmpsl.a(libmpsl_debug_soft__obfuscated.elf)
                0x0000000001005e44                sym_EIMCOZR7MKLMYB62EEWREERTUNHHQDK6ITFS5HQ
 .text          0x0000000001005eb0       0x2c C:/ncs/v2.1.0/nrfxlib/mpsl/lib/cortex-m33+nodsp/soft-float/libmpsl.a(libmpsl_debug_soft__obfuscated.elf)
                0x0000000001005eb0                sym_O5XDVUVJVGI67OXYHXFZUGAXHD4DKFKVMS2P3NA
 .text          0x0000000001005edc       0x18 C:/ncs/v2.1.0/nrfxlib/mpsl/lib/cortex-m33+nodsp/soft-float/libmpsl.a(libmpsl_debug_soft__obfuscated.elf)
                0x0000000001005edc                sym_DINXTNKCSHYWKSOGFJLECC2P6Y7VHT5UJUX7RSQ
 .text          0x0000000001005ef4       0x8c C:/ncs/v2.1.0/nrfxlib/mpsl/lib/cortex-m33+nodsp/soft-float/libmpsl.a(libmpsl_debug_soft__obfuscated.elf)
                0x0000000001005ef4                sym_I57J2C7PMK7A7NP2UUEGO5Y5RTD3AAMUFKH7TJI
 .text          0x0000000001005f80       0x24 C:/ncs/v2.1.0/nrfxlib/mpsl/lib/cortex-m33+nodsp/soft-float/libmpsl.a(libmpsl_debug_soft__obfuscated.elf)
                0x0000000001005f80                sym_HYJVDKKJQTKLMNG7YVST4N7OHEC7S2J72M7FN3Q
 .text          0x0000000001005fa4       0x10 C:/ncs/v2.1.0/nrfxlib/mpsl/lib/cortex-m33+nodsp/soft-float/libmpsl.a(libmpsl_debug_soft__obfuscated.elf)
                0x0000000001005fa4                sym_CMW5Y2V4ZAQWO6OLYO7TFQKQPIHLUEEKEX6J7BY
 .text          0x0000000001005fb4       0x34 C:/ncs/v2.1.0/nrfxlib/mpsl/lib/cortex-m33+nodsp/soft-float/libmpsl.a(libmpsl_debug_soft__obfuscated.elf)
                0x0000000001005fb4                sym_I3Z2GQRGKQWA5EQS23LZRSTLKW6RHV35I6AIDQY
 .text          0x0000000001005fe8       0x10 C:/ncs/v2.1.0/nrfxlib/mpsl/lib/cortex-m33+nodsp/soft-float/libmpsl.a(libmpsl_debug_soft__obfuscated.elf)
                0x0000000001005fe8                sym_7Y7KR3HN6VAJOI24WXYPIIIP72KGQRHDY43HZQA
 .text          0x0000000001005ff8      0x18c C:/ncs/v2.1.0/nrfxlib/mpsl/lib/cortex-m33+nodsp/soft-float/libmpsl.a(libmpsl_debug_soft__obfuscated.elf)
 .text          0x0000000001006184       0x30 C:/ncs/v2.1.0/nrfxlib/mpsl/lib/cortex-m33+nodsp/soft-float/libmpsl.a(libmpsl_debug_soft__obfuscated.elf)
 .text          0x00000000010061b4       0x2c C:/ncs/v2.1.0/nrfxlib/mpsl/lib/cortex-m33+nodsp/soft-float/libmpsl.a(libmpsl_debug_soft__obfuscated.elf)
 .text          0x00000000010061e0       0x10 C:/ncs/v2.1.0/nrfxlib/mpsl/lib/cortex-m33+nodsp/soft-float/libmpsl.a(libmpsl_debug_soft__obfuscated.elf)
                0x00000000010061e0                sym_OZOSHR7RCVVSJSN34AHXEIGGITMYLPWJSOGU2GI
 .text          0x00000000010061f0        0xc C:/ncs/v2.1.0/nrfxlib/mpsl/lib/cortex-m33+nodsp/soft-float/libmpsl.a(libmpsl_debug_soft__obfuscated.elf)
                0x00000000010061f0                sym_WX6UB7ZVT4L7KZVG3JEYCY7OOPKVKNWPNDVIYJY
 .text          0x00000000010061fc       0x18 C:/ncs/v2.1.0/nrfxlib/mpsl/lib/cortex-m33+nodsp/soft-float/libmpsl.a(libmpsl_debug_soft__obfuscated.elf)
                0x00000000010061fc                sym_RXHDTMLLJFMOINTLQMBK6H6PC4W3R5DQSF6BYRQ
 .text          0x0000000001006214       0x18 C:/ncs/v2.1.0/nrfxlib/mpsl/lib/cortex-m33+nodsp/soft-float/libmpsl.a(libmpsl_debug_soft__obfuscated.elf)
                0x0000000001006214                sym_GFUMJNAE3BTH7FM3YLWM75IMGHGJTI3RB3O6Z3A
 .text          0x000000000100622c       0x64 C:/ncs/v2.1.0/nrfxlib/mpsl/lib/cortex-m33+nodsp/soft-float/libmpsl.a(libmpsl_debug_soft__obfuscated.elf)
                0x000000000100622c                sym_GNB7OCDUC5LXA5JH4GYV2XTFLXVO4KPQSALHSZI
 .text          0x0000000001006290      0x128 C:/ncs/v2.1.0/nrfxlib/softdevice_controller/lib/cortex-m33+nodsp/soft-float/libsoftdevice_controller_multirole.a(libsoftdevice_controller_s140_debug_soft__obfuscated.elf)
 .text          0x00000000010063b8       0x7c C:/ncs/v2.1.0/nrfxlib/softdevice_controller/lib/cortex-m33+nodsp/soft-float/libsoftdevice_controller_multirole.a(libsoftdevice_controller_s140_debug_soft__obfuscated.elf)
                0x00000000010063b8                sym_476LRB5XNUARAHCHHC7ZAIGPFC5VZ4W2N4467LI
 .text          0x0000000001006434       0x58 C:/ncs/v2.1.0/nrfxlib/softdevice_controller/lib/cortex-m33+nodsp/soft-float/libsoftdevice_controller_multirole.a(libsoftdevice_controller_s140_debug_soft__obfuscated.elf)
 .text          0x000000000100648c       0x94 C:/ncs/v2.1.0/nrfxlib/softdevice_controller/lib/cortex-m33+nodsp/soft-float/libsoftdevice_controller_multirole.a(libsoftdevice_controller_s140_debug_soft__obfuscated.elf)
                0x000000000100648c                sdc_init
 .text          0x0000000001006520       0xd4 C:/ncs/v2.1.0/nrfxlib/softdevice_controller/lib/cortex-m33+nodsp/soft-float/libsoftdevice_controller_multirole.a(libsoftdevice_controller_s140_debug_soft__obfuscated.elf)
                0x0000000001006520                sdc_cfg_set
 .text          0x00000000010065f4       0x50 C:/ncs/v2.1.0/nrfxlib/softdevice_controller/lib/cortex-m33+nodsp/soft-float/libsoftdevice_controller_multirole.a(libsoftdevice_controller_s140_debug_soft__obfuscated.elf)
                0x00000000010065f4                sdc_enable
 .text          0x0000000001006644       0x24 C:/ncs/v2.1.0/nrfxlib/softdevice_controller/lib/cortex-m33+nodsp/soft-float/libsoftdevice_controller_multirole.a(libsoftdevice_controller_s140_debug_soft__obfuscated.elf)
                0x0000000001006644                sdc_build_revision_get
 .text          0x0000000001006668       0x24 C:/ncs/v2.1.0/nrfxlib/softdevice_controller/lib/cortex-m33+nodsp/soft-float/libsoftdevice_controller_multirole.a(libsoftdevice_controller_s140_debug_soft__obfuscated.elf)
                0x0000000001006668                sdc_support_adv
 .text          0x000000000100668c       0x24 C:/ncs/v2.1.0/nrfxlib/softdevice_controller/lib/cortex-m33+nodsp/soft-float/libsoftdevice_controller_multirole.a(libsoftdevice_controller_s140_debug_soft__obfuscated.elf)
                0x000000000100668c                sdc_support_peripheral
 .text          0x00000000010066b0       0x30 C:/ncs/v2.1.0/nrfxlib/softdevice_controller/lib/cortex-m33+nodsp/soft-float/libsoftdevice_controller_multirole.a(libsoftdevice_controller_s140_debug_soft__obfuscated.elf)
                0x00000000010066b0                sdc_support_central
 .text          0x00000000010066e0       0x24 C:/ncs/v2.1.0/nrfxlib/softdevice_controller/lib/cortex-m33+nodsp/soft-float/libsoftdevice_controller_multirole.a(libsoftdevice_controller_s140_debug_soft__obfuscated.elf)
                0x00000000010066e0                sdc_support_dle_peripheral
 .text          0x0000000001006704       0x24 C:/ncs/v2.1.0/nrfxlib/softdevice_controller/lib/cortex-m33+nodsp/soft-float/libsoftdevice_controller_multirole.a(libsoftdevice_controller_s140_debug_soft__obfuscated.elf)
                0x0000000001006704                sdc_support_dle_central
 .text          0x0000000001006728       0x2c C:/ncs/v2.1.0/nrfxlib/softdevice_controller/lib/cortex-m33+nodsp/soft-float/libsoftdevice_controller_multirole.a(libsoftdevice_controller_s140_debug_soft__obfuscated.elf)
                0x0000000001006728                sdc_support_le_2m_phy
 .text          0x0000000001006754       0x2c C:/ncs/v2.1.0/nrfxlib/softdevice_controller/lib/cortex-m33+nodsp/soft-float/libsoftdevice_controller_multirole.a(libsoftdevice_controller_s140_debug_soft__obfuscated.elf)
                0x0000000001006754                sdc_support_le_coded_phy
 .text          0x0000000001006780       0x24 C:/ncs/v2.1.0/nrfxlib/softdevice_controller/lib/cortex-m33+nodsp/soft-float/libsoftdevice_controller_multirole.a(libsoftdevice_controller_s140_debug_soft__obfuscated.elf)
                0x0000000001006780                sdc_support_phy_update_central
 .text          0x00000000010067a4       0x24 C:/ncs/v2.1.0/nrfxlib/softdevice_controller/lib/cortex-m33+nodsp/soft-float/libsoftdevice_controller_multirole.a(libsoftdevice_controller_s140_debug_soft__obfuscated.elf)
                0x00000000010067a4                sdc_support_phy_update_peripheral
 .text          0x00000000010067c8       0x4c C:/ncs/v2.1.0/nrfxlib/softdevice_controller/lib/cortex-m33+nodsp/soft-float/libsoftdevice_controller_multirole.a(libsoftdevice_controller_s140_debug_soft__obfuscated.elf)
                0x00000000010067c8                sym_MEYOCD6AYGN6BYYH5M35H6GLLMHM6TYBBTCW2LI
 .text          0x0000000001006814       0x10 C:/ncs/v2.1.0/nrfxlib/softdevice_controller/lib/cortex-m33+nodsp/soft-float/libsoftdevice_controller_multirole.a(libsoftdevice_controller_s140_debug_soft__obfuscated.elf)
                0x0000000001006814                sdc_rand_source_register
 .text          0x0000000001006824       0x1c C:/ncs/v2.1.0/nrfxlib/softdevice_controller/lib/cortex-m33+nodsp/soft-float/libsoftdevice_controller_multirole.a(libsoftdevice_controller_s140_debug_soft__obfuscated.elf)
                0x0000000001006824                sym_RC3WH4TL55HJBAU6BTOKWYOXZCF7BBTLBHIRO6A
 .text          0x0000000001006840       0x1c C:/ncs/v2.1.0/nrfxlib/softdevice_controller/lib/cortex-m33+nodsp/soft-float/libsoftdevice_controller_multirole.a(libsoftdevice_controller_s140_debug_soft__obfuscated.elf)
                0x0000000001006840                sym_4BGPQMJJRBR2ET4K6M3CH3OLXQGTP2TS7FVXINA
 .text          0x000000000100685c       0x1c C:/ncs/v2.1.0/nrfxlib/softdevice_controller/lib/cortex-m33+nodsp/soft-float/libsoftdevice_controller_multirole.a(libsoftdevice_controller_s140_debug_soft__obfuscated.elf)
                0x000000000100685c                sym_CVMXQJYKHZVHIOMGOYEICPLVAIQNUBL6USVNZSA
 .text          0x0000000001006878       0x18 C:/ncs/v2.1.0/nrfxlib/softdevice_controller/lib/cortex-m33+nodsp/soft-float/libsoftdevice_controller_multirole.a(libsoftdevice_controller_s140_debug_soft__obfuscated.elf)
                0x0000000001006878                sym_EZ7BAEZZMYJFIJAONX254JF3WPGEXUT4NMP2WJQ
 .text          0x0000000001006890       0x30 C:/ncs/v2.1.0/nrfxlib/softdevice_controller/lib/cortex-m33+nodsp/soft-float/libsoftdevice_controller_multirole.a(libsoftdevice_controller_s140_debug_soft__obfuscated.elf)
 .text          0x00000000010068c0        0xc C:/ncs/v2.1.0/nrfxlib/softdevice_controller/lib/cortex-m33+nodsp/soft-float/libsoftdevice_controller_multirole.a(libsoftdevice_controller_s140_debug_soft__obfuscated.elf)
                0x00000000010068c0                sym_Q4MVB6BAYYKAN3YZ2SZEJW6V5OITCIHY2IOHXKY
 .text          0x00000000010068cc       0x9c C:/ncs/v2.1.0/nrfxlib/softdevice_controller/lib/cortex-m33+nodsp/soft-float/libsoftdevice_controller_multirole.a(libsoftdevice_controller_s140_debug_soft__obfuscated.elf)
                0x00000000010068cc                sym_DUIEI4YTK3TJQ2V3W7PLOGVTWVPNDBBG4WJWTAQ
 .text          0x0000000001006968       0x28 C:/ncs/v2.1.0/nrfxlib/softdevice_controller/lib/cortex-m33+nodsp/soft-float/libsoftdevice_controller_multirole.a(libsoftdevice_controller_s140_debug_soft__obfuscated.elf)
                0x0000000001006968                sym_TG7NSIC2UKHCUBZWZ4K4EMD5QRI2QVSKVKV6CFQ
 .text          0x0000000001006990       0x3c C:/ncs/v2.1.0/nrfxlib/softdevice_controller/lib/cortex-m33+nodsp/soft-float/libsoftdevice_controller_multirole.a(libsoftdevice_controller_s140_debug_soft__obfuscated.elf)
                0x0000000001006990                sym_Z7NJGBYWCKFTEHRYWAIDKWPEUN45273QSWUA5CY
 .text          0x00000000010069cc       0x24 C:/ncs/v2.1.0/nrfxlib/softdevice_controller/lib/cortex-m33+nodsp/soft-float/libsoftdevice_controller_multirole.a(libsoftdevice_controller_s140_debug_soft__obfuscated.elf)
                0x00000000010069cc                sym_TU2SMBIUC7JL6C3K2XB6727DQLBLV5LEGIMZAFQ
 .text          0x00000000010069f0       0x10 C:/ncs/v2.1.0/nrfxlib/softdevice_controller/lib/cortex-m33+nodsp/soft-float/libsoftdevice_controller_multirole.a(libsoftdevice_controller_s140_debug_soft__obfuscated.elf)
                0x00000000010069f0                sym_CIVMWIRGIOQ374UFFPIFNN4ZGKYK2FRKTT6YRYA
 .text          0x0000000001006a00       0x10 C:/ncs/v2.1.0/nrfxlib/softdevice_controller/lib/cortex-m33+nodsp/soft-float/libsoftdevice_controller_multirole.a(libsoftdevice_controller_s140_debug_soft__obfuscated.elf)
                0x0000000001006a00                sym_PPT6FEOF2T6DRALMCRRTUI7CHLEPBAN25HYV3KQ
 .text          0x0000000001006a10       0x20 C:/ncs/v2.1.0/nrfxlib/softdevice_controller/lib/cortex-m33+nodsp/soft-float/libsoftdevice_controller_multirole.a(libsoftdevice_controller_s140_debug_soft__obfuscated.elf)
                0x0000000001006a10                sym_CEENVC5DZRUT7MGF5LABXKT4NV7YUL5F6EX6TEQ
 .text          0x0000000001006a30        0xc C:/ncs/v2.1.0/nrfxlib/softdevice_controller/lib/cortex-m33+nodsp/soft-float/libsoftdevice_controller_multirole.a(libsoftdevice_controller_s140_debug_soft__obfuscated.elf)
                0x0000000001006a30                sym_G3KVRHCJDVHL7HV53526V3YI3DTK2IW2CADUWZQ
 .text          0x0000000001006a3c       0x24 C:/ncs/v2.1.0/nrfxlib/softdevice_controller/lib/cortex-m33+nodsp/soft-float/libsoftdevice_controller_multirole.a(libsoftdevice_controller_s140_debug_soft__obfuscated.elf)
                0x0000000001006a3c                sdc_hci_cmd_cb_reset
 .text          0x0000000001006a60       0xa4 C:/ncs/v2.1.0/nrfxlib/softdevice_controller/lib/cortex-m33+nodsp/soft-float/libsoftdevice_controller_multirole.a(libsoftdevice_controller_s140_debug_soft__obfuscated.elf)
                0x0000000001006a60                sdc_hci_cmd_vs_zephyr_read_static_addresses
 .text          0x0000000001006b04       0xa4 C:/ncs/v2.1.0/nrfxlib/softdevice_controller/lib/cortex-m33+nodsp/soft-float/libsoftdevice_controller_multirole.a(libsoftdevice_controller_s140_debug_soft__obfuscated.elf)
                0x0000000001006b04                sdc_hci_cmd_vs_zephyr_read_key_hierarchy_roots
 .text          0x0000000001006ba8       0xa4 C:/ncs/v2.1.0/nrfxlib/softdevice_controller/lib/cortex-m33+nodsp/soft-float/libsoftdevice_controller_multirole.a(libsoftdevice_controller_s140_debug_soft__obfuscated.elf)
 .text          0x0000000001006c4c       0x2c C:/ncs/v2.1.0/nrfxlib/softdevice_controller/lib/cortex-m33+nodsp/soft-float/libsoftdevice_controller_multirole.a(libsoftdevice_controller_s140_debug_soft__obfuscated.elf)
 .text          0x0000000001006c78       0x64 C:/ncs/v2.1.0/nrfxlib/softdevice_controller/lib/cortex-m33+nodsp/soft-float/libsoftdevice_controller_multirole.a(libsoftdevice_controller_s140_debug_soft__obfuscated.elf)
 .text          0x0000000001006cdc       0x5c C:/ncs/v2.1.0/nrfxlib/softdevice_controller/lib/cortex-m33+nodsp/soft-float/libsoftdevice_controller_multirole.a(libsoftdevice_controller_s140_debug_soft__obfuscated.elf)
 .text          0x0000000001006d38       0x7c C:/ncs/v2.1.0/nrfxlib/softdevice_controller/lib/cortex-m33+nodsp/soft-float/libsoftdevice_controller_multirole.a(libsoftdevice_controller_s140_debug_soft__obfuscated.elf)
 .text          0x0000000001006db4       0x98 C:/ncs/v2.1.0/nrfxlib/softdevice_controller/lib/cortex-m33+nodsp/soft-float/libsoftdevice_controller_multirole.a(libsoftdevice_controller_s140_debug_soft__obfuscated.elf)
 .text          0x0000000001006e4c       0x6c C:/ncs/v2.1.0/nrfxlib/softdevice_controller/lib/cortex-m33+nodsp/soft-float/libsoftdevice_controller_multirole.a(libsoftdevice_controller_s140_debug_soft__obfuscated.elf)
 .text          0x0000000001006eb8       0xcc C:/ncs/v2.1.0/nrfxlib/softdevice_controller/lib/cortex-m33+nodsp/soft-float/libsoftdevice_controller_multirole.a(libsoftdevice_controller_s140_debug_soft__obfuscated.elf)
 .text          0x0000000001006f84       0x44 C:/ncs/v2.1.0/nrfxlib/softdevice_controller/lib/cortex-m33+nodsp/soft-float/libsoftdevice_controller_multirole.a(libsoftdevice_controller_s140_debug_soft__obfuscated.elf)
 .text          0x0000000001006fc8       0xf0 C:/ncs/v2.1.0/nrfxlib/softdevice_controller/lib/cortex-m33+nodsp/soft-float/libsoftdevice_controller_multirole.a(libsoftdevice_controller_s140_debug_soft__obfuscated.elf)
                0x0000000001006fc8                sym_EQ53CEL7EDVHMFMHMFPRRQU46C5YKKFEBAACFOA
 .text          0x00000000010070b8       0x2c C:/ncs/v2.1.0/nrfxlib/softdevice_controller/lib/cortex-m33+nodsp/soft-float/libsoftdevice_controller_multirole.a(libsoftdevice_controller_s140_debug_soft__obfuscated.elf)
                0x00000000010070b8                sym_XHE47EZYHONCPR22HUAZULMCALDJINMYREOFDEI
 .text          0x00000000010070e4       0x9c C:/ncs/v2.1.0/nrfxlib/softdevice_controller/lib/cortex-m33+nodsp/soft-float/libsoftdevice_controller_multirole.a(libsoftdevice_controller_s140_debug_soft__obfuscated.elf)
                0x00000000010070e4                sym_4AWF7EXI3MMHUULTY73E756U3IY5DEXOZ265MZY
 .text          0x0000000001007180       0x98 C:/ncs/v2.1.0/nrfxlib/softdevice_controller/lib/cortex-m33+nodsp/soft-float/libsoftdevice_controller_multirole.a(libsoftdevice_controller_s140_debug_soft__obfuscated.elf)
                0x0000000001007180                sym_6I4XEOIW7LI2E3Z53L54ZHQQHYICXR4H4JQWXLA
 .text          0x0000000001007218       0x48 C:/ncs/v2.1.0/nrfxlib/softdevice_controller/lib/cortex-m33+nodsp/soft-float/libsoftdevice_controller_multirole.a(libsoftdevice_controller_s140_debug_soft__obfuscated.elf)
 .text          0x0000000001007260       0xb8 C:/ncs/v2.1.0/nrfxlib/softdevice_controller/lib/cortex-m33+nodsp/soft-float/libsoftdevice_controller_multirole.a(libsoftdevice_controller_s140_debug_soft__obfuscated.elf)
                0x0000000001007260                sym_6DYG6C6ROXZA67GZINNB2XIQHL3KE2RCKK4QFXA
 .text          0x0000000001007318      0x10c C:/ncs/v2.1.0/nrfxlib/softdevice_controller/lib/cortex-m33+nodsp/soft-float/libsoftdevice_controller_multirole.a(libsoftdevice_controller_s140_debug_soft__obfuscated.elf)
                0x0000000001007318                sym_24NU2MJKHN4R2Z7HXHMPDWTTDYSB32VL6HEQPZA
 .text          0x0000000001007424       0x98 C:/ncs/v2.1.0/nrfxlib/softdevice_controller/lib/cortex-m33+nodsp/soft-float/libsoftdevice_controller_multirole.a(libsoftdevice_controller_s140_debug_soft__obfuscated.elf)
                0x0000000001007424                sym_3QFBRH4ZSIA64QP2I3K547Y5WIALGQTCBP5Y5SQ
 .text          0x00000000010074bc       0x3c C:/ncs/v2.1.0/nrfxlib/softdevice_controller/lib/cortex-m33+nodsp/soft-float/libsoftdevice_controller_multirole.a(libsoftdevice_controller_s140_debug_soft__obfuscated.elf)
                0x00000000010074bc                sym_NOQRMQ5IH6SQFJEPI5A3UBMITO54HG4WO4DTTXA
 .text          0x00000000010074f8       0x64 C:/ncs/v2.1.0/nrfxlib/softdevice_controller/lib/cortex-m33+nodsp/soft-float/libsoftdevice_controller_multirole.a(libsoftdevice_controller_s140_debug_soft__obfuscated.elf)
                0x00000000010074f8                sym_YNBBHT54WKEGUNVC6TSBMRGLF67VFWBOYEMKGTQ
 .text          0x000000000100755c       0x64 C:/ncs/v2.1.0/nrfxlib/softdevice_controller/lib/cortex-m33+nodsp/soft-float/libsoftdevice_controller_multirole.a(libsoftdevice_controller_s140_debug_soft__obfuscated.elf)
                0x000000000100755c                sym_35ZAQW4ABRMBYES2ZHPK63BHZAFFFC4WMGEJ6NA
 .text          0x00000000010075c0      0x140 C:/ncs/v2.1.0/nrfxlib/softdevice_controller/lib/cortex-m33+nodsp/soft-float/libsoftdevice_controller_multirole.a(libsoftdevice_controller_s140_debug_soft__obfuscated.elf)
                0x00000000010075c0                sym_YL4RMM7WH2QQSRTLJX7L5Q2F5KYIEZ5IWMCN3UQ
 .text          0x0000000001007700      0x124 C:/ncs/v2.1.0/nrfxlib/softdevice_controller/lib/cortex-m33+nodsp/soft-float/libsoftdevice_controller_multirole.a(libsoftdevice_controller_s140_debug_soft__obfuscated.elf)
 .text          0x0000000001007824       0x90 C:/ncs/v2.1.0/nrfxlib/softdevice_controller/lib/cortex-m33+nodsp/soft-float/libsoftdevice_controller_multirole.a(libsoftdevice_controller_s140_debug_soft__obfuscated.elf)
                0x0000000001007824                sym_47U6MZ7GC5PU2CVEGYFSZO6JE3OMJD4DVLRAUZQ
 .text          0x00000000010078b4       0x3c C:/ncs/v2.1.0/nrfxlib/softdevice_controller/lib/cortex-m33+nodsp/soft-float/libsoftdevice_controller_multirole.a(libsoftdevice_controller_s140_debug_soft__obfuscated.elf)
                0x00000000010078b4                sym_LD2UWOJIHNEPQLGRHPDQLYGR7RM2YL5X5777QYQ
 .text          0x00000000010078f0       0x6c C:/ncs/v2.1.0/nrfxlib/softdevice_controller/lib/cortex-m33+nodsp/soft-float/libsoftdevice_controller_multirole.a(libsoftdevice_controller_s140_debug_soft__obfuscated.elf)
                0x00000000010078f0                sym_JKTUFSDBLEJK3JCIOVWBB4AVHFNXLCVLU47RLVA
 .text          0x000000000100795c       0x28 C:/ncs/v2.1.0/nrfxlib/softdevice_controller/lib/cortex-m33+nodsp/soft-float/libsoftdevice_controller_multirole.a(libsoftdevice_controller_s140_debug_soft__obfuscated.elf)
                0x000000000100795c                sym_2KMY2O5SI5PPAQCNJOFFAGVJQKWBRKEGNZW2ZHQ
 .text          0x0000000001007984       0x14 C:/ncs/v2.1.0/nrfxlib/softdevice_controller/lib/cortex-m33+nodsp/soft-float/libsoftdevice_controller_multirole.a(libsoftdevice_controller_s140_debug_soft__obfuscated.elf)
                0x0000000001007984                sym_GWOETDUP4AGSQI2MSVZQXBAMRLSGTNS7KFHSH6Q
 .text          0x0000000001007998       0x14 C:/ncs/v2.1.0/nrfxlib/softdevice_controller/lib/cortex-m33+nodsp/soft-float/libsoftdevice_controller_multirole.a(libsoftdevice_controller_s140_debug_soft__obfuscated.elf)
                0x0000000001007998                sym_T2QNNWUTM65WBDBLEARH7OL5MCXHDWSFLTDJXPA
 .text          0x00000000010079ac       0x64 C:/ncs/v2.1.0/nrfxlib/softdevice_controller/lib/cortex-m33+nodsp/soft-float/libsoftdevice_controller_multirole.a(libsoftdevice_controller_s140_debug_soft__obfuscated.elf)
                0x00000000010079ac                sym_V2ER27M3Z2LLE4VYOQCDQNPVPBUAHM6GAWBXY4Y
 .text          0x0000000001007a10       0x28 C:/ncs/v2.1.0/nrfxlib/softdevice_controller/lib/cortex-m33+nodsp/soft-float/libsoftdevice_controller_multirole.a(libsoftdevice_controller_s140_debug_soft__obfuscated.elf)
                0x0000000001007a10                sym_4BWYV6G4KVCKUYOBWE3RR7UUW2WCKQUGSW3GHWI
 .text          0x0000000001007a38       0x48 C:/ncs/v2.1.0/nrfxlib/softdevice_controller/lib/cortex-m33+nodsp/soft-float/libsoftdevice_controller_multirole.a(libsoftdevice_controller_s140_debug_soft__obfuscated.elf)
 .text          0x0000000001007a80       0x30 C:/ncs/v2.1.0/nrfxlib/softdevice_controller/lib/cortex-m33+nodsp/soft-float/libsoftdevice_controller_multirole.a(libsoftdevice_controller_s140_debug_soft__obfuscated.elf)
 .text          0x0000000001007ab0       0x2c C:/ncs/v2.1.0/nrfxlib/softdevice_controller/lib/cortex-m33+nodsp/soft-float/libsoftdevice_controller_multirole.a(libsoftdevice_controller_s140_debug_soft__obfuscated.elf)
                0x0000000001007ab0                sym_E5WZNPP2DINHF6K4PHXLYLX5AXTYBQYGQESRSGQ
 .text          0x0000000001007adc       0x1c C:/ncs/v2.1.0/nrfxlib/softdevice_controller/lib/cortex-m33+nodsp/soft-float/libsoftdevice_controller_multirole.a(libsoftdevice_controller_s140_debug_soft__obfuscated.elf)
                0x0000000001007adc                sym_RZ4KEX57U2ASIFFSRQDHBCB7WVJNTOCZSYKJFSA
 .text          0x0000000001007af8       0xc4 C:/ncs/v2.1.0/nrfxlib/softdevice_controller/lib/cortex-m33+nodsp/soft-float/libsoftdevice_controller_multirole.a(libsoftdevice_controller_s140_debug_soft__obfuscated.elf)
                0x0000000001007af8                sym_2ZCOT6ZEUU54S36NE627GOZVLBS26AFIUJKNLBI
 .text          0x0000000001007bbc       0x4c C:/ncs/v2.1.0/nrfxlib/softdevice_controller/lib/cortex-m33+nodsp/soft-float/libsoftdevice_controller_multirole.a(libsoftdevice_controller_s140_debug_soft__obfuscated.elf)
                0x0000000001007bbc                sym_YRXVGCYVFXOSIQO43AC5UEELHEXP2A4UAFUQRPI
 .text          0x0000000001007c08       0x10 C:/ncs/v2.1.0/nrfxlib/softdevice_controller/lib/cortex-m33+nodsp/soft-float/libsoftdevice_controller_multirole.a(libsoftdevice_controller_s140_debug_soft__obfuscated.elf)
                0x0000000001007c08                sym_7YLXP6BHTAWWWMXLB5XOZU3Q27WEPTH5PONOKOI
 .text          0x0000000001007c18        0xc C:/ncs/v2.1.0/nrfxlib/softdevice_controller/lib/cortex-m33+nodsp/soft-float/libsoftdevice_controller_multirole.a(libsoftdevice_controller_s140_debug_soft__obfuscated.elf)
                0x0000000001007c18                sym_O2AFZAWKVBYRIBDK67CHKRSMY4WR2S6V2VOPETI
 .text          0x0000000001007c24       0x2c C:/ncs/v2.1.0/nrfxlib/softdevice_controller/lib/cortex-m33+nodsp/soft-float/libsoftdevice_controller_multirole.a(libsoftdevice_controller_s140_debug_soft__obfuscated.elf)
                0x0000000001007c24                sym_QFSP7NEBRUPCXI7KU3RYDOWD7SSPVNXVSULPYYY
 .text          0x0000000001007c50       0x18 C:/ncs/v2.1.0/nrfxlib/softdevice_controller/lib/cortex-m33+nodsp/soft-float/libsoftdevice_controller_multirole.a(libsoftdevice_controller_s140_debug_soft__obfuscated.elf)
                0x0000000001007c50                sym_QXKT3PVMDTZRAAU2QNTWO5VOUEZ4NW6TWISREXY
 .text          0x0000000001007c68       0x18 C:/ncs/v2.1.0/nrfxlib/softdevice_controller/lib/cortex-m33+nodsp/soft-float/libsoftdevice_controller_multirole.a(libsoftdevice_controller_s140_debug_soft__obfuscated.elf)
                0x0000000001007c68                sym_MJCF2WRL4I323V23HKVENOJWV5IXH54R5X6LJRY
 .text          0x0000000001007c80       0x1c C:/ncs/v2.1.0/nrfxlib/softdevice_controller/lib/cortex-m33+nodsp/soft-float/libsoftdevice_controller_multirole.a(libsoftdevice_controller_s140_debug_soft__obfuscated.elf)
                0x0000000001007c80                sym_REO6MG4FRJTNQQ56RDJDYGEWFEO5TFVYGRW6OLI
 .text          0x0000000001007c9c        0xc C:/ncs/v2.1.0/nrfxlib/softdevice_controller/lib/cortex-m33+nodsp/soft-float/libsoftdevice_controller_multirole.a(libsoftdevice_controller_s140_debug_soft__obfuscated.elf)
                0x0000000001007c9c                sym_NKFCLZ5HTE6KVHDV5DGZ6TJP4KSZI43SYBECPRY
 .text          0x0000000001007ca8       0x30 C:/ncs/v2.1.0/nrfxlib/softdevice_controller/lib/cortex-m33+nodsp/soft-float/libsoftdevice_controller_multirole.a(libsoftdevice_controller_s140_debug_soft__obfuscated.elf)
                0x0000000001007ca8                sym_65LA7GM3MU7DDFQKTB75BYTZMPMROSWKS3VXCNI
 .text          0x0000000001007cd8       0x20 C:/ncs/v2.1.0/nrfxlib/softdevice_controller/lib/cortex-m33+nodsp/soft-float/libsoftdevice_controller_multirole.a(libsoftdevice_controller_s140_debug_soft__obfuscated.elf)
                0x0000000001007cd8                sym_AGWGY6I3YKHHV6TMAWL24HN4IKGOB7PZYXPWBRA
 .text          0x0000000001007cf8        0xc C:/ncs/v2.1.0/nrfxlib/softdevice_controller/lib/cortex-m33+nodsp/soft-float/libsoftdevice_controller_multirole.a(libsoftdevice_controller_s140_debug_soft__obfuscated.elf)
                0x0000000001007cf8                sym_IXGTNRGKILIZPWG2NJIZ2ALUPW2IM3XFVCGJW2I
 .text          0x0000000001007d04       0x24 C:/ncs/v2.1.0/nrfxlib/softdevice_controller/lib/cortex-m33+nodsp/soft-float/libsoftdevice_controller_multirole.a(libsoftdevice_controller_s140_debug_soft__obfuscated.elf)
                0x0000000001007d04                sym_JHXS4T25BAYOMDDZMWPX3HMPENRV73GSV2RYHAI
 .text          0x0000000001007d28       0x2c C:/ncs/v2.1.0/nrfxlib/softdevice_controller/lib/cortex-m33+nodsp/soft-float/libsoftdevice_controller_multirole.a(libsoftdevice_controller_s140_debug_soft__obfuscated.elf)
                0x0000000001007d28                sym_54CHYGRI3UHSVLN5ZOGJESXNRISJW5CS4IYBN7Y
 .text          0x0000000001007d54       0x20 C:/ncs/v2.1.0/nrfxlib/softdevice_controller/lib/cortex-m33+nodsp/soft-float/libsoftdevice_controller_multirole.a(libsoftdevice_controller_s140_debug_soft__obfuscated.elf)
                0x0000000001007d54                sym_V7MOOXL5SOLISKFFGWJC7M3XDITU574WBQOXGWY
 .text          0x0000000001007d74        0x4 C:/ncs/v2.1.0/nrfxlib/softdevice_controller/lib/cortex-m33+nodsp/soft-float/libsoftdevice_controller_multirole.a(libsoftdevice_controller_s140_debug_soft__obfuscated.elf)
                0x0000000001007d74                sym_BGPX36PUCNVPV3544HQ5RQFY5WG7CJAFVVBI7AY
 .text          0x0000000001007d78       0x30 C:/ncs/v2.1.0/nrfxlib/softdevice_controller/lib/cortex-m33+nodsp/soft-float/libsoftdevice_controller_multirole.a(libsoftdevice_controller_s140_debug_soft__obfuscated.elf)
                0x0000000001007d78                sym_QKSVBALUN2V4XT4OCC56LE75IAYLDFRRIVLBZ2Q
 .text          0x0000000001007da8       0x38 C:/ncs/v2.1.0/nrfxlib/softdevice_controller/lib/cortex-m33+nodsp/soft-float/libsoftdevice_controller_multirole.a(libsoftdevice_controller_s140_debug_soft__obfuscated.elf)
                0x0000000001007da8                sym_WCOWXKSKBH7DOKKKINFZAPWXKW4NYAUCJWTUKBI
 .text          0x0000000001007de0       0x54 C:/ncs/v2.1.0/nrfxlib/softdevice_controller/lib/cortex-m33+nodsp/soft-float/libsoftdevice_controller_multirole.a(libsoftdevice_controller_s140_debug_soft__obfuscated.elf)
                0x0000000001007de0                sym_4ZZLWI6QQY4KJYYVP4RVDTJJJ6MW72AL2TJDVOI
 .text          0x0000000001007e34       0x1c C:/ncs/v2.1.0/nrfxlib/softdevice_controller/lib/cortex-m33+nodsp/soft-float/libsoftdevice_controller_multirole.a(libsoftdevice_controller_s140_debug_soft__obfuscated.elf)
                0x0000000001007e34                sym_AO3U45UEGFLUPMT565ZR5UWUQUONF5AKILLCT3A
 .text          0x0000000001007e50       0x68 C:/ncs/v2.1.0/nrfxlib/softdevice_controller/lib/cortex-m33+nodsp/soft-float/libsoftdevice_controller_multirole.a(libsoftdevice_controller_s140_debug_soft__obfuscated.elf)
                0x0000000001007e50                sym_SKMZWIM7P4M3RGOEIN3DTVMYPDZXQTMHZI7K3AQ
 .text          0x0000000001007eb8       0x6c C:/ncs/v2.1.0/nrfxlib/softdevice_controller/lib/cortex-m33+nodsp/soft-float/libsoftdevice_controller_multirole.a(libsoftdevice_controller_s140_debug_soft__obfuscated.elf)
                0x0000000001007eb8                sym_BLMJ5IIKWMCUMGRAJC47JTAD5DUGOY4TIBII5HY
 .text          0x0000000001007f24       0x28 C:/ncs/v2.1.0/nrfxlib/softdevice_controller/lib/cortex-m33+nodsp/soft-float/libsoftdevice_controller_multirole.a(libsoftdevice_controller_s140_debug_soft__obfuscated.elf)
                0x0000000001007f24                sym_FEGTISSRZOTQRK4SD4MRDIWBV3TTZYGCCKXTY4Y
 .text          0x0000000001007f4c       0x7c C:/ncs/v2.1.0/nrfxlib/softdevice_controller/lib/cortex-m33+nodsp/soft-float/libsoftdevice_controller_multirole.a(libsoftdevice_controller_s140_debug_soft__obfuscated.elf)
 .text          0x0000000001007fc8      0x204 C:/ncs/v2.1.0/nrfxlib/softdevice_controller/lib/cortex-m33+nodsp/soft-float/libsoftdevice_controller_multirole.a(libsoftdevice_controller_s140_debug_soft__obfuscated.elf)
 .text          0x00000000010081cc       0x64 C:/ncs/v2.1.0/nrfxlib/softdevice_controller/lib/cortex-m33+nodsp/soft-float/libsoftdevice_controller_multirole.a(libsoftdevice_controller_s140_debug_soft__obfuscated.elf)
 .text          0x0000000001008230       0x14 C:/ncs/v2.1.0/nrfxlib/softdevice_controller/lib/cortex-m33+nodsp/soft-float/libsoftdevice_controller_multirole.a(libsoftdevice_controller_s140_debug_soft__obfuscated.elf)
 .text          0x0000000001008244       0x48 C:/ncs/v2.1.0/nrfxlib/softdevice_controller/lib/cortex-m33+nodsp/soft-float/libsoftdevice_controller_multirole.a(libsoftdevice_controller_s140_debug_soft__obfuscated.elf)
 .text          0x000000000100828c       0x64 C:/ncs/v2.1.0/nrfxlib/softdevice_controller/lib/cortex-m33+nodsp/soft-float/libsoftdevice_controller_multirole.a(libsoftdevice_controller_s140_debug_soft__obfuscated.elf)
 .text          0x00000000010082f0       0x30 C:/ncs/v2.1.0/nrfxlib/softdevice_controller/lib/cortex-m33+nodsp/soft-float/libsoftdevice_controller_multirole.a(libsoftdevice_controller_s140_debug_soft__obfuscated.elf)
 .text          0x0000000001008320       0xe8 C:/ncs/v2.1.0/nrfxlib/softdevice_controller/lib/cortex-m33+nodsp/soft-float/libsoftdevice_controller_multirole.a(libsoftdevice_controller_s140_debug_soft__obfuscated.elf)
 .text          0x0000000001008408      0x120 C:/ncs/v2.1.0/nrfxlib/softdevice_controller/lib/cortex-m33+nodsp/soft-float/libsoftdevice_controller_multirole.a(libsoftdevice_controller_s140_debug_soft__obfuscated.elf)
 .text          0x0000000001008528       0x30 C:/ncs/v2.1.0/nrfxlib/softdevice_controller/lib/cortex-m33+nodsp/soft-float/libsoftdevice_controller_multirole.a(libsoftdevice_controller_s140_debug_soft__obfuscated.elf)
                0x0000000001008528                sym_ULQ236TSMK6UJATLJCXSX5JBKSVB4ZM2NNU74PA
 .text          0x0000000001008558       0x1c C:/ncs/v2.1.0/nrfxlib/softdevice_controller/lib/cortex-m33+nodsp/soft-float/libsoftdevice_controller_multirole.a(libsoftdevice_controller_s140_debug_soft__obfuscated.elf)
                0x0000000001008558                sym_CZFK26FRDZ53FUV75DOIMFWVD4RTHYB6I22U4LA
 .text          0x0000000001008574        0xc C:/ncs/v2.1.0/nrfxlib/softdevice_controller/lib/cortex-m33+nodsp/soft-float/libsoftdevice_controller_multirole.a(libsoftdevice_controller_s140_debug_soft__obfuscated.elf)
                0x0000000001008574                sym_4OWM6DBJ6JLAWH2MVU52MKC56VOOJLN34T33LQA
 .text          0x0000000001008580      0x400 C:/ncs/v2.1.0/nrfxlib/softdevice_controller/lib/cortex-m33+nodsp/soft-float/libsoftdevice_controller_multirole.a(libsoftdevice_controller_s140_debug_soft__obfuscated.elf)
                0x0000000001008580                sym_SQINY6V2VHFAHM5HL3H753H3QE3VQ7FWHCIJ57Q
 .text          0x0000000001008980       0x64 C:/ncs/v2.1.0/nrfxlib/softdevice_controller/lib/cortex-m33+nodsp/soft-float/libsoftdevice_controller_multirole.a(libsoftdevice_controller_s140_debug_soft__obfuscated.elf)
                0x0000000001008980                sym_WCN6C6ROB2XGQKTGXN5OMY5TLRX5IYOWNO7A6PQ
 .text          0x00000000010089e4        0x4 C:/ncs/v2.1.0/nrfxlib/softdevice_controller/lib/cortex-m33+nodsp/soft-float/libsoftdevice_controller_multirole.a(libsoftdevice_controller_s140_debug_soft__obfuscated.elf)
                0x00000000010089e4                sym_DQHYQ3HZODNGY32MUV2QBXEWNH7ASP5VOSVL45Q
 .text          0x00000000010089e8       0x28 C:/ncs/v2.1.0/nrfxlib/softdevice_controller/lib/cortex-m33+nodsp/soft-float/libsoftdevice_controller_multirole.a(libsoftdevice_controller_s140_debug_soft__obfuscated.elf)
                0x00000000010089e8                sym_TMJZXA73A2C5DMM5JAVJMETINB7KCHBEWVPWZQI
 .text          0x0000000001008a10        0xc C:/ncs/v2.1.0/nrfxlib/softdevice_controller/lib/cortex-m33+nodsp/soft-float/libsoftdevice_controller_multirole.a(libsoftdevice_controller_s140_debug_soft__obfuscated.elf)
                0x0000000001008a10                sym_4UMPVHCMNEM5ENBBHCLGXZREGEKKHKHZOKNMH2I
 .text          0x0000000001008a1c        0xc C:/ncs/v2.1.0/nrfxlib/softdevice_controller/lib/cortex-m33+nodsp/soft-float/libsoftdevice_controller_multirole.a(libsoftdevice_controller_s140_debug_soft__obfuscated.elf)
                0x0000000001008a1c                sym_Q3RLGT2MQM6S4H2ODVJHPDU44HGSYVXJV7676ZY
 .text          0x0000000001008a28       0x10 C:/ncs/v2.1.0/nrfxlib/softdevice_controller/lib/cortex-m33+nodsp/soft-float/libsoftdevice_controller_multirole.a(libsoftdevice_controller_s140_debug_soft__obfuscated.elf)
                0x0000000001008a28                sym_ZWLSMB33C6NPFOBZGVPV4PN4UKQGSPLLR4WLDFI
 .text          0x0000000001008a38        0xc C:/ncs/v2.1.0/nrfxlib/softdevice_controller/lib/cortex-m33+nodsp/soft-float/libsoftdevice_controller_multirole.a(libsoftdevice_controller_s140_debug_soft__obfuscated.elf)
                0x0000000001008a38                sym_IHWHOAENEU2EYZP2UWQTUC6SSXGS5NNQSIFSEAQ
 .text          0x0000000001008a44      0x108 C:/ncs/v2.1.0/nrfxlib/softdevice_controller/lib/cortex-m33+nodsp/soft-float/libsoftdevice_controller_multirole.a(libsoftdevice_controller_s140_debug_soft__obfuscated.elf)
                0x0000000001008a44                sym_P6ESEOOF3E3ZRYNBCJWJZXMT4EPJJMHF472YBMQ
 .text          0x0000000001008b4c      0x3c0 C:/ncs/v2.1.0/nrfxlib/softdevice_controller/lib/cortex-m33+nodsp/soft-float/libsoftdevice_controller_multirole.a(libsoftdevice_controller_s140_debug_soft__obfuscated.elf)
 .text          0x0000000001008f0c      0x120 C:/ncs/v2.1.0/nrfxlib/softdevice_controller/lib/cortex-m33+nodsp/soft-float/libsoftdevice_controller_multirole.a(libsoftdevice_controller_s140_debug_soft__obfuscated.elf)
 .text          0x000000000100902c       0x18 C:/ncs/v2.1.0/nrfxlib/softdevice_controller/lib/cortex-m33+nodsp/soft-float/libsoftdevice_controller_multirole.a(libsoftdevice_controller_s140_debug_soft__obfuscated.elf)
                0x000000000100902c                sym_BAUTABQSJLBAZ6GNH7KOF4MJMAA6NF7CDAZNOEQ
 .text          0x0000000001009044       0x34 C:/ncs/v2.1.0/nrfxlib/softdevice_controller/lib/cortex-m33+nodsp/soft-float/libsoftdevice_controller_multirole.a(libsoftdevice_controller_s140_debug_soft__obfuscated.elf)
                0x0000000001009044                sym_62DUXM4M5AM4URNPP7IKDX3NCPAODBT4BMADGAY
 .text          0x0000000001009078      0x110 C:/ncs/v2.1.0/nrfxlib/softdevice_controller/lib/cortex-m33+nodsp/soft-float/libsoftdevice_controller_multirole.a(libsoftdevice_controller_s140_debug_soft__obfuscated.elf)
                0x0000000001009078                sym_GHVM34OXBYILMDKR3F5DVNCQCBMJUJL5PW2RQYQ
 .text          0x0000000001009188       0xb4 C:/ncs/v2.1.0/nrfxlib/softdevice_controller/lib/cortex-m33+nodsp/soft-float/libsoftdevice_controller_multirole.a(libsoftdevice_controller_s140_debug_soft__obfuscated.elf)
                0x0000000001009188                sym_JAE5CJ34QIQM34DAKQFWDERFAUN5NXFJM57HRLY
 .text          0x000000000100923c        0xc C:/ncs/v2.1.0/nrfxlib/softdevice_controller/lib/cortex-m33+nodsp/soft-float/libsoftdevice_controller_multirole.a(libsoftdevice_controller_s140_debug_soft__obfuscated.elf)
                0x000000000100923c                sym_JQOBED6Y6P46KNYF2UD53QPDVNRPPOKMQL6EEBY
 .text          0x0000000001009248        0xc C:/ncs/v2.1.0/nrfxlib/softdevice_controller/lib/cortex-m33+nodsp/soft-float/libsoftdevice_controller_multirole.a(libsoftdevice_controller_s140_debug_soft__obfuscated.elf)
                0x0000000001009248                sym_WPF5GN3T7F3CCL7OKOL6G2LW47JA44MC6XIU4NQ
 .text          0x0000000001009254      0x180 C:/ncs/v2.1.0/nrfxlib/softdevice_controller/lib/cortex-m33+nodsp/soft-float/libsoftdevice_controller_multirole.a(libsoftdevice_controller_s140_debug_soft__obfuscated.elf)
                0x0000000001009254                sym_KO3VCNGABVWM4325342CFFPZBSXFKFARUCMURAY
 .text          0x00000000010093d4      0x154 C:/ncs/v2.1.0/nrfxlib/softdevice_controller/lib/cortex-m33+nodsp/soft-float/libsoftdevice_controller_multirole.a(libsoftdevice_controller_s140_debug_soft__obfuscated.elf)
                0x00000000010093d4                sym_AH5PFWTC7OGNFGHZO3OGQJX75M4BUE2VWXVZZ5A
 .text          0x0000000001009528      0x1b4 C:/ncs/v2.1.0/nrfxlib/softdevice_controller/lib/cortex-m33+nodsp/soft-float/libsoftdevice_controller_multirole.a(libsoftdevice_controller_s140_debug_soft__obfuscated.elf)
                0x0000000001009528                sym_Z3745JZ5MC4MMBP2LFCOSP7OKPPVFDOPIURJWVQ
 .text          0x00000000010096dc      0x1e4 C:/ncs/v2.1.0/nrfxlib/softdevice_controller/lib/cortex-m33+nodsp/soft-float/libsoftdevice_controller_multirole.a(libsoftdevice_controller_s140_debug_soft__obfuscated.elf)
                0x00000000010096dc                sym_G6YVAU2J75AOT237PVQAC5AEQMWPZ6OKE6ASZAI
 .text          0x00000000010098c0      0x1fc C:/ncs/v2.1.0/nrfxlib/softdevice_controller/lib/cortex-m33+nodsp/soft-float/libsoftdevice_controller_multirole.a(libsoftdevice_controller_s140_debug_soft__obfuscated.elf)
                0x00000000010098c0                sym_FLX2PIIVHO3CLB5CJ7E7YSNFE2YWATNH27BL53A
 .text          0x0000000001009abc        0xc C:/ncs/v2.1.0/nrfxlib/softdevice_controller/lib/cortex-m33+nodsp/soft-float/libsoftdevice_controller_multirole.a(libsoftdevice_controller_s140_debug_soft__obfuscated.elf)
                0x0000000001009abc                sym_R5RFYNEZN3LQHKUKJDN3JLSNHLY4DPKXW3KZMYA
 .text          0x0000000001009ac8        0xc C:/ncs/v2.1.0/nrfxlib/softdevice_controller/lib/cortex-m33+nodsp/soft-float/libsoftdevice_controller_multirole.a(libsoftdevice_controller_s140_debug_soft__obfuscated.elf)
                0x0000000001009ac8                sym_WHSZ4VQHSDNZTVWJWAYGMNU7AWSUZKLKTBUNDPY
 .text          0x0000000001009ad4       0x20 C:/ncs/v2.1.0/nrfxlib/softdevice_controller/lib/cortex-m33+nodsp/soft-float/libsoftdevice_controller_multirole.a(libsoftdevice_controller_s140_debug_soft__obfuscated.elf)
                0x0000000001009ad4                sym_62B4NCI2CQZLPPINCQVCHO6SYLZVDAWVVCHWS3I
 .text          0x0000000001009af4        0xc C:/ncs/v2.1.0/nrfxlib/softdevice_controller/lib/cortex-m33+nodsp/soft-float/libsoftdevice_controller_multirole.a(libsoftdevice_controller_s140_debug_soft__obfuscated.elf)
                0x0000000001009af4                sym_RHRHCWPUPZHCOID576WBS7QZ2KAUT2GASS2T3QY
 .text          0x0000000001009b00      0x118 C:/ncs/v2.1.0/nrfxlib/softdevice_controller/lib/cortex-m33+nodsp/soft-float/libsoftdevice_controller_multirole.a(libsoftdevice_controller_s140_debug_soft__obfuscated.elf)
                0x0000000001009b00                sym_QW6JOH7RCJIC2YFNJEURX5QNB5EIQT646EHIWEA
 .text          0x0000000001009c18       0x18 C:/ncs/v2.1.0/nrfxlib/softdevice_controller/lib/cortex-m33+nodsp/soft-float/libsoftdevice_controller_multirole.a(libsoftdevice_controller_s140_debug_soft__obfuscated.elf)
                0x0000000001009c18                sym_F2LWAH27IT4H2IA7TZWGNABUCWINGT6MWXH2WIA
 .text          0x0000000001009c30       0x18 C:/ncs/v2.1.0/nrfxlib/softdevice_controller/lib/cortex-m33+nodsp/soft-float/libsoftdevice_controller_multirole.a(libsoftdevice_controller_s140_debug_soft__obfuscated.elf)
                0x0000000001009c30                sym_PLOW4TMGVQT52FP2ERNRL6S5EELE2YO563WRPJA
 .text          0x0000000001009c48       0x3c C:/ncs/v2.1.0/nrfxlib/softdevice_controller/lib/cortex-m33+nodsp/soft-float/libsoftdevice_controller_multirole.a(libsoftdevice_controller_s140_debug_soft__obfuscated.elf)
                0x0000000001009c48                sym_YAOI5BW7G2C6EUUY2B4S7A3CWX63A6MP2T3O5KA
 .text          0x0000000001009c84       0x3c C:/ncs/v2.1.0/nrfxlib/softdevice_controller/lib/cortex-m33+nodsp/soft-float/libsoftdevice_controller_multirole.a(libsoftdevice_controller_s140_debug_soft__obfuscated.elf)
                0x0000000001009c84                sym_CMDXCVZHYNPLMTHXOO2UL3QOD6EXLAZP5GS7LRI
 .text          0x0000000001009cc0       0x14 C:/ncs/v2.1.0/nrfxlib/softdevice_controller/lib/cortex-m33+nodsp/soft-float/libsoftdevice_controller_multirole.a(libsoftdevice_controller_s140_debug_soft__obfuscated.elf)
                0x0000000001009cc0                sym_GKUVQYGVTZ7DKWBNC3M5TXN4XZ4Q6TUJFSFOWBA
 .text          0x0000000001009cd4        0x4 C:/ncs/v2.1.0/nrfxlib/softdevice_controller/lib/cortex-m33+nodsp/soft-float/libsoftdevice_controller_multirole.a(libsoftdevice_controller_s140_debug_soft__obfuscated.elf)
                0x0000000001009cd4                sym_L5NT4KXGEDXZTIBIF6PJMXWXQJC7UYUXJYCCW3Y
 .text          0x0000000001009cd8       0x24 C:/ncs/v2.1.0/nrfxlib/softdevice_controller/lib/cortex-m33+nodsp/soft-float/libsoftdevice_controller_multirole.a(libsoftdevice_controller_s140_debug_soft__obfuscated.elf)
                0x0000000001009cd8                sym_IJTA37LCLZMYZVQ3I74HRUK4JDZEZR23VU3JFJI
 .text          0x0000000001009cfc      0x10c C:/ncs/v2.1.0/nrfxlib/softdevice_controller/lib/cortex-m33+nodsp/soft-float/libsoftdevice_controller_multirole.a(libsoftdevice_controller_s140_debug_soft__obfuscated.elf)
                0x0000000001009cfc                sym_NCQ5WTBCV7DGPK3QI3SSY5XGKOI2SE3XFCTKQKY
 .text          0x0000000001009e08       0x5c C:/ncs/v2.1.0/nrfxlib/softdevice_controller/lib/cortex-m33+nodsp/soft-float/libsoftdevice_controller_multirole.a(libsoftdevice_controller_s140_debug_soft__obfuscated.elf)
                0x0000000001009e08                sym_ZTNYVYBM2UM3CH2NF2DF4CYN3OTLVACDURSUDOQ
 .text          0x0000000001009e64       0x24 C:/ncs/v2.1.0/nrfxlib/softdevice_controller/lib/cortex-m33+nodsp/soft-float/libsoftdevice_controller_multirole.a(libsoftdevice_controller_s140_debug_soft__obfuscated.elf)
                0x0000000001009e64                sym_NILI2ETYIVMR32XQ6WFMUWXYMXNONBSH2DACBCQ
 .text          0x0000000001009e88       0x24 C:/ncs/v2.1.0/nrfxlib/softdevice_controller/lib/cortex-m33+nodsp/soft-float/libsoftdevice_controller_multirole.a(libsoftdevice_controller_s140_debug_soft__obfuscated.elf)
                0x0000000001009e88                sym_2X6ZBBHQKFJV27I6OQZLD4IRAL5JANEGA5N34WA
 .text          0x0000000001009eac       0x4c C:/ncs/v2.1.0/nrfxlib/softdevice_controller/lib/cortex-m33+nodsp/soft-float/libsoftdevice_controller_multirole.a(libsoftdevice_controller_s140_debug_soft__obfuscated.elf)
                0x0000000001009eac                sym_EV54ITVX6ZJNRIULZTHEWNSCWW5GNYKPCEWELSY
 .text          0x0000000001009ef8        0x8 C:/ncs/v2.1.0/nrfxlib/softdevice_controller/lib/cortex-m33+nodsp/soft-float/libsoftdevice_controller_multirole.a(libsoftdevice_controller_s140_debug_soft__obfuscated.elf)
                0x0000000001009ef8                sym_3Q2UQ65DVTXA3EZPN34QXGGEFSEA6HOSHLFXCMI
 .text          0x0000000001009f00       0x28 C:/ncs/v2.1.0/nrfxlib/softdevice_controller/lib/cortex-m33+nodsp/soft-float/libsoftdevice_controller_multirole.a(libsoftdevice_controller_s140_debug_soft__obfuscated.elf)
                0x0000000001009f00                sym_DHR6XELGSD2MHYS7JWGEPSKXD43VLKKJDN33HMA
 .text          0x0000000001009f28       0x1c C:/ncs/v2.1.0/nrfxlib/softdevice_controller/lib/cortex-m33+nodsp/soft-float/libsoftdevice_controller_multirole.a(libsoftdevice_controller_s140_debug_soft__obfuscated.elf)
                0x0000000001009f28                sym_GV7ZEDU63KACGR6K3NXW7W7XARTADNTCQ3P2HLA
 .text          0x0000000001009f44       0x20 C:/ncs/v2.1.0/nrfxlib/softdevice_controller/lib/cortex-m33+nodsp/soft-float/libsoftdevice_controller_multirole.a(libsoftdevice_controller_s140_debug_soft__obfuscated.elf)
                0x0000000001009f44                sym_QEQGMTIGG3AOZQY7JM4T2FY2O3KM2UFUMT6Q7PI
 .text          0x0000000001009f64      0x14c C:/ncs/v2.1.0/nrfxlib/softdevice_controller/lib/cortex-m33+nodsp/soft-float/libsoftdevice_controller_multirole.a(libsoftdevice_controller_s140_debug_soft__obfuscated.elf)
                0x0000000001009f64                sym_3DXBFDJKO3IQEXOOHBMVXVTLDDG5FSS3TKAZNFY
 .text          0x000000000100a0b0       0x18 C:/ncs/v2.1.0/nrfxlib/softdevice_controller/lib/cortex-m33+nodsp/soft-float/libsoftdevice_controller_multirole.a(libsoftdevice_controller_s140_debug_soft__obfuscated.elf)
                0x000000000100a0b0                sym_3LQGLF52CJLOKQOJSNFVLTD3CW6GGPJMARVGQNQ
 .text          0x000000000100a0c8       0x34 C:/ncs/v2.1.0/nrfxlib/softdevice_controller/lib/cortex-m33+nodsp/soft-float/libsoftdevice_controller_multirole.a(libsoftdevice_controller_s140_debug_soft__obfuscated.elf)
                0x000000000100a0c8                sym_UHWWEFDYCEMO6BV2Q3GVLMFC37EIDJEWGQC2XUA
 .text          0x000000000100a0fc      0x160 C:/ncs/v2.1.0/nrfxlib/softdevice_controller/lib/cortex-m33+nodsp/soft-float/libsoftdevice_controller_multirole.a(libsoftdevice_controller_s140_debug_soft__obfuscated.elf)
                0x000000000100a0fc                sym_4NT3PFFI5Z6RN57T2HW54HJZ23JEQUTUQPJLJGI
 .text          0x000000000100a25c      0x15c C:/ncs/v2.1.0/nrfxlib/softdevice_controller/lib/cortex-m33+nodsp/soft-float/libsoftdevice_controller_multirole.a(libsoftdevice_controller_s140_debug_soft__obfuscated.elf)
                0x000000000100a25c                sym_I6CP23ODGJWRR4E4LKGCN5RJCVBTXYTDYCCXNSQ
 .text          0x000000000100a3b8       0x2c C:/ncs/v2.1.0/nrfxlib/softdevice_controller/lib/cortex-m33+nodsp/soft-float/libsoftdevice_controller_multirole.a(libsoftdevice_controller_s140_debug_soft__obfuscated.elf)
                0x000000000100a3b8                sym_J5GU2YSZI45UA3YHIJMMX6SWAYPKQ5HXJLXKPXY
 .text          0x000000000100a3e4       0xd8 C:/ncs/v2.1.0/nrfxlib/softdevice_controller/lib/cortex-m33+nodsp/soft-float/libsoftdevice_controller_multirole.a(libsoftdevice_controller_s140_debug_soft__obfuscated.elf)
                0x000000000100a3e4                sym_35JWAFJL2IEYRDNORVIQ7BBAS7FQNUVOFCLQNSQ
 .text          0x000000000100a4bc       0x20 C:/ncs/v2.1.0/nrfxlib/softdevice_controller/lib/cortex-m33+nodsp/soft-float/libsoftdevice_controller_multirole.a(libsoftdevice_controller_s140_debug_soft__obfuscated.elf)
                0x000000000100a4bc                sym_C5MZWIO7BXLJIO65K7CGSHP3SLST2VORSHVBOVI
 .text          0x000000000100a4dc      0x144 C:/ncs/v2.1.0/nrfxlib/softdevice_controller/lib/cortex-m33+nodsp/soft-float/libsoftdevice_controller_multirole.a(libsoftdevice_controller_s140_debug_soft__obfuscated.elf)
                0x000000000100a4dc                sym_L64WJ6W52HQBFQCTPO5LHELOWQEJNMIWLQKG6JY
 .text          0x000000000100a620       0x74 C:/ncs/v2.1.0/nrfxlib/softdevice_controller/lib/cortex-m33+nodsp/soft-float/libsoftdevice_controller_multirole.a(libsoftdevice_controller_s140_debug_soft__obfuscated.elf)
                0x000000000100a620                sym_ATHPLOWBGAIKG7V5SSPNEEN27AC3OGL2HEWE4II
 .text          0x000000000100a694       0x20 C:/ncs/v2.1.0/nrfxlib/softdevice_controller/lib/cortex-m33+nodsp/soft-float/libsoftdevice_controller_multirole.a(libsoftdevice_controller_s140_debug_soft__obfuscated.elf)
                0x000000000100a694                sym_J22YCCWNUNOSXHAJQUUQAO7YZP2SNXLIWISZVHI
 .text          0x000000000100a6b4      0x114 C:/ncs/v2.1.0/nrfxlib/softdevice_controller/lib/cortex-m33+nodsp/soft-float/libsoftdevice_controller_multirole.a(libsoftdevice_controller_s140_debug_soft__obfuscated.elf)
                0x000000000100a6b4                sym_76SF2THVWBBVUHDFLIXMTXOYE2LFAIMVFAFT26I
 .text          0x000000000100a7c8       0x68 C:/ncs/v2.1.0/nrfxlib/softdevice_controller/lib/cortex-m33+nodsp/soft-float/libsoftdevice_controller_multirole.a(libsoftdevice_controller_s140_debug_soft__obfuscated.elf)
                0x000000000100a7c8                sym_K4XFYUFHWSS4WLYRDTKOJ7STOPYHBKAJBCXHBBY
 .text          0x000000000100a830       0x2c C:/ncs/v2.1.0/nrfxlib/softdevice_controller/lib/cortex-m33+nodsp/soft-float/libsoftdevice_controller_multirole.a(libsoftdevice_controller_s140_debug_soft__obfuscated.elf)
                0x000000000100a830                sym_75VOI5ZNFW3OXMHUCY2QF6IZX2BBZSQKA7XVCPQ
 .text          0x000000000100a85c       0x4c C:/ncs/v2.1.0/nrfxlib/softdevice_controller/lib/cortex-m33+nodsp/soft-float/libsoftdevice_controller_multirole.a(libsoftdevice_controller_s140_debug_soft__obfuscated.elf)
                0x000000000100a85c                sym_CMGYAOMYUJOSH7VMLD3ENK3VLSIPR3DVYN2F44Y
 .text          0x000000000100a8a8        0x8 C:/ncs/v2.1.0/nrfxlib/softdevice_controller/lib/cortex-m33+nodsp/soft-float/libsoftdevice_controller_multirole.a(libsoftdevice_controller_s140_debug_soft__obfuscated.elf)
                0x000000000100a8a8                sym_6NROXJNXJONASXBRH4ZGPEEQ42PSH3YLRTC74GQ
 .text          0x000000000100a8b0       0x1c C:/ncs/v2.1.0/nrfxlib/softdevice_controller/lib/cortex-m33+nodsp/soft-float/libsoftdevice_controller_multirole.a(libsoftdevice_controller_s140_debug_soft__obfuscated.elf)
                0x000000000100a8b0                sym_FRDCUWW6PTM2YTBQLG5XNT6WJGPFH2XWEMJXJRI
 .text          0x000000000100a8cc      0x160 C:/ncs/v2.1.0/nrfxlib/softdevice_controller/lib/cortex-m33+nodsp/soft-float/libsoftdevice_controller_multirole.a(libsoftdevice_controller_s140_debug_soft__obfuscated.elf)
                0x000000000100a8cc                sym_ZX776SCJSI3JTFST57XOZBXAMGDDC7FRRHZEJ7Q
 .text          0x000000000100aa2c       0x14 C:/ncs/v2.1.0/nrfxlib/softdevice_controller/lib/cortex-m33+nodsp/soft-float/libsoftdevice_controller_multirole.a(libsoftdevice_controller_s140_debug_soft__obfuscated.elf)
                0x000000000100aa2c                sym_N7ZC3LBWUJOAILVKSQ7VVQPJVGTFQ2IN2TKPVHQ
 .text          0x000000000100aa40       0xbc C:/ncs/v2.1.0/nrfxlib/softdevice_controller/lib/cortex-m33+nodsp/soft-float/libsoftdevice_controller_multirole.a(libsoftdevice_controller_s140_debug_soft__obfuscated.elf)
                0x000000000100aa40                sym_HFTBXB6EEVTEA6UN46QA3JCUQXJQH6HCG5AJGRQ
 .text          0x000000000100aafc       0x38 C:/ncs/v2.1.0/nrfxlib/softdevice_controller/lib/cortex-m33+nodsp/soft-float/libsoftdevice_controller_multirole.a(libsoftdevice_controller_s140_debug_soft__obfuscated.elf)
                0x000000000100aafc                sym_CB3FDFEUY3F2NWFVYZOUMB3I5QKHLDIUWWP26EA
 .text          0x000000000100ab34       0x34 C:/ncs/v2.1.0/nrfxlib/softdevice_controller/lib/cortex-m33+nodsp/soft-float/libsoftdevice_controller_multirole.a(libsoftdevice_controller_s140_debug_soft__obfuscated.elf)
                0x000000000100ab34                sym_F34BIG3DAVATN4IHLYJVG2XLJOWOK44SMOC6AUI
 .text          0x000000000100ab68       0x3c C:/ncs/v2.1.0/nrfxlib/softdevice_controller/lib/cortex-m33+nodsp/soft-float/libsoftdevice_controller_multirole.a(libsoftdevice_controller_s140_debug_soft__obfuscated.elf)
                0x000000000100ab68                sym_QOK2KYWK62QNZBQRPK2GPAU2IEJXSELK32IAUUA
 .text          0x000000000100aba4       0x30 C:/ncs/v2.1.0/nrfxlib/softdevice_controller/lib/cortex-m33+nodsp/soft-float/libsoftdevice_controller_multirole.a(libsoftdevice_controller_s140_debug_soft__obfuscated.elf)
                0x000000000100aba4                sym_DSAIJDVMFSSNYDQYP4G3W4ZBYTG4PAWPSVOBJ2Y
 .text          0x000000000100abd4       0x24 C:/ncs/v2.1.0/nrfxlib/softdevice_controller/lib/cortex-m33+nodsp/soft-float/libsoftdevice_controller_multirole.a(libsoftdevice_controller_s140_debug_soft__obfuscated.elf)
                0x000000000100abd4                sym_3GY4TYJRRJL4WNFV6XN3ATYT4MIF4FYTN3S33RI
 .text          0x000000000100abf8       0x28 C:/ncs/v2.1.0/nrfxlib/softdevice_controller/lib/cortex-m33+nodsp/soft-float/libsoftdevice_controller_multirole.a(libsoftdevice_controller_s140_debug_soft__obfuscated.elf)
                0x000000000100abf8                sym_NREHYZNNGMA6T4VUMP47EJMM5IU7BRHAZURXRLQ
 .text          0x000000000100ac20       0x28 C:/ncs/v2.1.0/nrfxlib/softdevice_controller/lib/cortex-m33+nodsp/soft-float/libsoftdevice_controller_multirole.a(libsoftdevice_controller_s140_debug_soft__obfuscated.elf)
                0x000000000100ac20                sym_XDZ2OHWEUBVVDKEXHUYEULKMIZVRQ77QI2ENP4A