Archive member included to satisfy reference by file (symbol)

app/libapp.a(led_svc.c.obj)   (--whole-archive)
app/libapp.a(main.c.obj)      (--whole-archive)
zephyr/libzephyr.a(cbprintf_packaged.c.obj)
                              (--whole-archive)
zephyr/libzephyr.a(crc32c_sw.c.obj)
                              (--whole-archive)
zephyr/libzephyr.a(crc32_sw.c.obj)
                              (--whole-archive)
zephyr/libzephyr.a(crc16_sw.c.obj)
                              (--whole-archive)
zephyr/libzephyr.a(crc8_sw.c.obj)
                              (--whole-archive)
zephyr/libzephyr.a(crc7_sw.c.obj)
                              (--whole-archive)
zephyr/libzephyr.a(dec.c.obj)
                              (--whole-archive)
zephyr/libzephyr.a(fdtable.c.obj)
                              (--whole-archive)
zephyr/libzephyr.a(hex.c.obj)
                              (--whole-archive)
zephyr/libzephyr.a(notify.c.obj)
                              (--whole-archive)
zephyr/libzephyr.a(printk.c.obj)
                              (--whole-archive)
zephyr/libzephyr.a(onoff.c.obj)
                              (--whole-archive)
zephyr/libzephyr.a(rb.c.obj)  (--whole-archive)
zephyr/libzephyr.a(sem.c.obj)
                              (--whole-archive)
zephyr/libzephyr.a(thread_entry.c.obj)
                              (--whole-archive)
zephyr/libzephyr.a(timeutil.c.obj)
                              (--whole-archive)
zephyr/libzephyr.a(heap.c.obj)
                              (--whole-archive)
zephyr/libzephyr.a(heap-validate.c.obj)
                              (--whole-archive)
zephyr/libzephyr.a(bitarray.c.obj)
                              (--whole-archive)
zephyr/libzephyr.a(multi_heap.c.obj)
                              (--whole-archive)
zephyr/libzephyr.a(cbprintf_complete.c.obj)
                              (--whole-archive)
zephyr/libzephyr.a(cbprintf.c.obj)
                              (--whole-archive)
zephyr/libzephyr.a(assert.c.obj)
                              (--whole-archive)
zephyr/libzephyr.a(mpsc_pbuf.c.obj)
                              (--whole-archive)
zephyr/libzephyr.a(reboot.c.obj)
                              (--whole-archive)
zephyr/libzephyr.a(configs.c.obj)
                              (--whole-archive)
zephyr/libzephyr.a(soc.c.obj)
                              (--whole-archive)
zephyr/libzephyr.a(power.c.obj)
                              (--whole-archive)
zephyr/libzephyr.a(sync_rtc.c.obj)
                              (--whole-archive)
zephyr/libzephyr.a(soc_nrf_common.S.obj)
                              (--whole-archive)
zephyr/libzephyr.a(validate_base_addresses.c.obj)
                              (--whole-archive)
zephyr/libzephyr.a(validate_enabled_instances.c.obj)
                              (--whole-archive)
zephyr/libzephyr.a(thread_info.c.obj)
                              (--whole-archive)
zephyr/libzephyr.a(log_core.c.obj)
                              (--whole-archive)
zephyr/libzephyr.a(log_mgmt.c.obj)
                              (--whole-archive)
zephyr/libzephyr.a(log_msg.c.obj)
                              (--whole-archive)
zephyr/libzephyr.a(log_output.c.obj)
                              (--whole-archive)
zephyr/libzephyr.a(log_backend_uart.c.obj)
                              (--whole-archive)
zephyr/libzephyr.a(ipc_service.c.obj)
                              (--whole-archive)
zephyr/libzephyr.a(ipc_rpmsg_static_vrings.c.obj)
                              (--whole-archive)
zephyr/libzephyr.a(ipc_rpmsg.c.obj)
                              (--whole-archive)
zephyr/libzephyr.a(ipc_static_vrings.c.obj)
                              (--whole-archive)
zephyr/libzephyr.a(addr_utils.c.obj)
                              (--whole-archive)
zephyr/libzephyr.a(pm.c.obj)  (--whole-archive)
zephyr/libzephyr.a(policy.c.obj)
                              (--whole-archive)
zephyr/libzephyr.a(state.c.obj)
                              (--whole-archive)
zephyr/libzephyr.a(tracing_none.c.obj)
                              (--whole-archive)
zephyr/libzephyr.a(flash_map_partition_manager.c.obj)
                              (--whole-archive)
zephyr/libzephyr.a(utils.c.obj)
                              (--whole-archive)
zephyr/libzephyr.a(aes_decrypt.c.obj)
                              (--whole-archive)
zephyr/libzephyr.a(aes_encrypt.c.obj)
                              (--whole-archive)
zephyr/libzephyr.a(cmac_mode.c.obj)
                              (--whole-archive)
zephyr/libzephyr.a(sha256.c.obj)
                              (--whole-archive)
zephyr/libzephyr.a(hmac.c.obj)
                              (--whole-archive)
zephyr/libzephyr.a(hmac_prng.c.obj)
                              (--whole-archive)
zephyr/libzephyr.a(nrf_cc3xx_platform_abort_zephyr.c.obj)
                              (--whole-archive)
zephyr/libzephyr.a(nrf_cc3xx_platform_mutex_zephyr.c.obj)
                              (--whole-archive)
[...]
Memory Configuration

Name             Origin             Length             Attributes
FLASH            0x0000000000000000 0x0000000000100000 xr
SRAM             0x0000000020000000 0x0000000000070000 xw
IDT_LIST         0x00000000fffff7ff 0x0000000000000800 xw
*default*        0x0000000000000000 0xffffffffffffffff

Linker script and memory map

LOAD zephyr/CMakeFiles/zephyr_pre1.dir/misc/empty_file.c.obj
LOAD zephyr/CMakeFiles/zephyr_pre1.dir/dev_handles.c.obj
                0x0000000000000020                _region_min_align = 0x20

.rel.plt        0x0000000000000000        0x0
 *(SORT_BY_ALIGNMENT(.rel.plt))
                [!provide]                        PROVIDE (__rel_iplt_start = .)
 *(SORT_BY_ALIGNMENT(.rel.iplt))
 .rel.iplt      0x0000000000000000        0x0 app/libapp.a(led_svc.c.obj)
                [!provide]                        PROVIDE (__rel_iplt_end = .)

.rela.plt       0x0000000000000000        0x0
 *(SORT_BY_ALIGNMENT(.rela.plt))
                [!provide]                        PROVIDE (__rela_iplt_start = .)
 *(SORT_BY_ALIGNMENT(.rela.iplt))
                [!provide]                        PROVIDE (__rela_iplt_end = .)

.rel.dyn
 *(SORT_BY_ALIGNMENT(.rel.*))

.rela.dyn
 *(SORT_BY_ALIGNMENT(.rela.*))

/DISCARD/
 *(SORT_BY_ALIGNMENT(.plt))
 *(SORT_BY_ALIGNMENT(.iplt))
 *(SORT_BY_ALIGNMENT(.got.plt))
 *(SORT_BY_ALIGNMENT(.igot.plt))
 *(SORT_BY_ALIGNMENT(.got))
 *(SORT_BY_ALIGNMENT(.igot))
 *(SORT_BY_ALIGNMENT(.note.GNU-stack))
                0x0000000000000000                __rom_region_start = 0x0

rom_start       0x0000000000000000      0x154
                0x0000000000000000                . = 0x0
                0x0000000000000000                . = ALIGN (0x4)
                0x0000000000000000                . = ALIGN (0x80)
                0x0000000000000000                . = ALIGN (0x200)
                0x0000000000000000                _vector_start = .
 *(SORT_BY_ALIGNMENT(.exc_vector_table))
 *(SORT_BY_ALIGNMENT(.exc_vector_table.*))
 .exc_vector_table._vector_table_section
                0x0000000000000000       0x40 zephyr/arch/arch/arm/core/aarch32/cortex_m/libarch__arm__core__aarch32__cortex_m.a(vector_table.S.obj)
                0x0000000000000000                _vector_table
 *(SORT_BY_ALIGNMENT(.vectors))
                0x0000000000000154                _vector_end = .
                0x0000000000000040                . = ALIGN (0x4)
 *(SORT_BY_ALIGNMENT(.gnu.linkonce.irq_vector_table*))
 .gnu.linkonce.irq_vector_table
                0x0000000000000040      0x114 zephyr/arch/common/libisr_tables.a(isr_tables.c.obj)
                0x0000000000000040                _irq_vector_table
                0x0000000000000154                _vector_end = .

text            0x0000000000000154    0x1c9f6
                0x0000000000000154                __text_region_start = .
 *(SORT_BY_ALIGNMENT(.text))
 .text          0x0000000000000154       0x30 c:/ncs/toolchains/v2.1.0/opt/zephyr-sdk/arm-zephyr-eabi/bin/../lib/gcc/arm-zephyr-eabi/10.3.0/thumb/v8-m.main/nofp\libgcc.a(_aeabi_uldivmod.o)
                0x0000000000000154                __aeabi_uldivmod
 .text          0x0000000000000184        0x4 c:/ncs/toolchains/v2.1.0/opt/zephyr-sdk/arm-zephyr-eabi/bin/../lib/gcc/arm-zephyr-eabi/10.3.0/thumb/v8-m.main/nofp\libgcc.a(_dvmd_tls.o)
                0x0000000000000184                __aeabi_idiv0
                0x0000000000000184                __aeabi_ldiv0
 .text          0x0000000000000188      0x2a2 c:/ncs/toolchains/v2.1.0/opt/zephyr-sdk/arm-zephyr-eabi/bin/../lib/gcc/arm-zephyr-eabi/10.3.0/thumb/v8-m.main/nofp\libgcc.a(_udivmoddi4.o)
                0x0000000000000188                __udivmoddi4
 *(SORT_BY_ALIGNMENT(.text.*))
 *fill*         0x000000000000042a        0x2 
 .text.led_update
                0x000000000000042c      0x120 app/libapp.a(led_svc.c.obj)
                0x000000000000042c                led_update
 .text.led_init
                0x000000000000054c      0x1b0 app/libapp.a(led_svc.c.obj)
                0x000000000000054c                led_init
 .text.mpu_ccc_cfg_changed
                0x00000000000006fc       0xdc app/libapp.a(main.c.obj)
 .text.disconnected
                0x00000000000007d8       0xa0 app/libapp.a(main.c.obj)
 .text.connected
                0x0000000000000878       0xf4 app/libapp.a(main.c.obj)
 .text.bt_ready
                0x000000000000096c      0x1d0 app/libapp.a(main.c.obj)
 .text.main     0x0000000000000b3c       0xa4 app/libapp.a(main.c.obj)
                0x0000000000000b3c                main
 .text.cbprintf_package_convert
                0x0000000000000be0      0x318 zephyr/libzephyr.a(cbprintf_packaged.c.obj)
                0x0000000000000be0                cbprintf_package_convert
 .text.char_out
                0x0000000000000ef8       0x10 zephyr/libzephyr.a(printk.c.obj)
 .text.__printk_hook_install
                0x0000000000000f08        0xc zephyr/libzephyr.a(printk.c.obj)
                0x0000000000000f08                __printk_hook_install
 .text.vprintk  0x0000000000000f14       0x1c zephyr/libzephyr.a(printk.c.obj)
                0x0000000000000f14                vprintk
 .text.vsnprintk
                0x0000000000000f30       0x30 zephyr/libzephyr.a(printk.c.obj)
                0x0000000000000f30                vsnprintk
 .text.process_event
                0x0000000000000f60      0x158 zephyr/libzephyr.a(onoff.c.obj)
 .text.extract_conversion
                0x00000000000010b8      0x314 zephyr/libzephyr.a(cbprintf_complete.c.obj)
 .text.z_cbvprintf_impl
                0x00000000000013cc      0x5d0 zephyr/libzephyr.a(cbprintf_complete.c.obj)
                0x00000000000013cc                z_cbvprintf_impl
 .text.sys_reboot
                0x000000000000199c       0x28 zephyr/libzephyr.a(reboot.c.obj)
                0x000000000000199c                sys_reboot
 .text.nordicsemi_nrf53_init
                0x00000000000019c4       0xa0 zephyr/libzephyr.a(soc.c.obj)
 .text.arch_busy_wait
                0x0000000000001a64       0x30 zephyr/libzephyr.a(soc.c.obj)
                0x0000000000001a64                arch_busy_wait
 .text.pm_state_set
                0x0000000000001a94       0x1c zephyr/libzephyr.a(power.c.obj)
                0x0000000000001a94                pm_state_set
 .text.mbox_rx_init
                0x0000000000001ab0       0x44 zephyr/libzephyr.a(sync_rtc.c.obj)
 .text.free_resources
                0x0000000000001af4       0x24 zephyr/libzephyr.a(sync_rtc.c.obj)
 .text.ppi_rtc_to_ipc
                0x0000000000001b18       0x38 zephyr/libzephyr.a(sync_rtc.c.obj)
 .text.ppi_ipc_to_rtc
                0x0000000000001b50       0x3c zephyr/libzephyr.a(sync_rtc.c.obj)
 .text.remote_callback
                0x0000000000001b8c       0x40 zephyr/libzephyr.a(sync_rtc.c.obj)
 .text.sync_rtc_setup
                0x0000000000001bcc       0xe4 zephyr/libzephyr.a(sync_rtc.c.obj)
 .text.z_arm_platform_init
                0x0000000000001cb0        0x4 zephyr/libzephyr.a(soc_nrf_common.S.obj)
                0x0000000000001cb0                z_arm_platform_init
 .text.msg_process
                0x0000000000001cb4       0x4c zephyr/libzephyr.a(log_core.c.obj)
 .text.log_backend_notify_all
                0x0000000000001d00       0x3c zephyr/libzephyr.a(log_core.c.obj)
 .text.activate_foreach_backend
                0x0000000000001d3c       0x64 zephyr/libzephyr.a(log_core.c.obj)
 .text.z_log_init
                0x0000000000001da0       0xb0 zephyr/libzephyr.a(log_core.c.obj)
 .text.thread_set
                0x0000000000001e50       0x28 zephyr/libzephyr.a(log_core.c.obj)
 .text.log_process_thread_timer_expiry_fn
                0x0000000000001e78       0x10 zephyr/libzephyr.a(log_core.c.obj)
 .text.enable_logger
                0x0000000000001e88       0x5c zephyr/libzephyr.a(log_core.c.obj)
 .text.log_format_func_t_get
                0x0000000000001ee4        0xc zephyr/libzephyr.a(log_core.c.obj)
                0x0000000000001ee4                log_format_func_t_get
 .text.log_set_timestamp_func
                0x0000000000001ef0       0x1c zephyr/libzephyr.a(log_core.c.obj)
                0x0000000000001ef0                log_set_timestamp_func
 .text.z_log_notify_backend_enabled
                0x0000000000001f0c       0x20 zephyr/libzephyr.a(log_core.c.obj)
                0x0000000000001f0c                z_log_notify_backend_enabled
 .text.z_log_dropped
                0x0000000000001f2c       0x30 zephyr/libzephyr.a(log_core.c.obj)
                0x0000000000001f2c                z_log_dropped
 .text.z_log_dropped_read_and_clear
                0x0000000000001f5c       0x18 zephyr/libzephyr.a(log_core.c.obj)
                0x0000000000001f5c                z_log_dropped_read_and_clear
 .text.dropped_notify
                0x0000000000001f74       0x44 zephyr/libzephyr.a(log_core.c.obj)
                0x0000000000001f74                dropped_notify
 .text.z_log_dropped_pending
                0x0000000000001fb8       0x14 zephyr/libzephyr.a(log_core.c.obj)
                0x0000000000001fb8                z_log_dropped_pending
 .text.z_log_msg_init
                0x0000000000001fcc       0x14 zephyr/libzephyr.a(log_core.c.obj)
                0x0000000000001fcc                z_log_msg_init
 .text.log_core_init
                0x0000000000001fe0       0x28 zephyr/libzephyr.a(log_core.c.obj)
                0x0000000000001fe0                log_core_init
 .text.z_log_msg_alloc
                0x0000000000002008       0x14 zephyr/libzephyr.a(log_core.c.obj)
                0x0000000000002008                z_log_msg_alloc
 .text.z_log_msg_claim
                0x000000000000201c       0x10 zephyr/libzephyr.a(log_core.c.obj)
                0x000000000000201c                z_log_msg_claim
 .text.z_log_msg_free
                0x000000000000202c       0x10 zephyr/libzephyr.a(log_core.c.obj)
                0x000000000000202c                z_log_msg_free
 .text.z_log_msg_pending
                0x000000000000203c       0x10 zephyr/libzephyr.a(log_core.c.obj)
                0x000000000000203c                z_log_msg_pending
 .text.z_impl_log_process
                0x000000000000204c       0x48 zephyr/libzephyr.a(log_core.c.obj)
                0x000000000000204c                z_impl_log_process
 .text.z_impl_log_panic
                0x0000000000002094       0x5c zephyr/libzephyr.a(log_core.c.obj)
                0x0000000000002094                z_impl_log_panic
 .text.z_log_msg_post_finalize
                0x00000000000020f0       0x80 zephyr/libzephyr.a(log_core.c.obj)
 .text.z_log_msg_commit
                0x0000000000002170       0x24 zephyr/libzephyr.a(log_core.c.obj)
                0x0000000000002170                z_log_msg_commit
 .text.log_process_thread_func
                0x0000000000002194       0x70 zephyr/libzephyr.a(log_core.c.obj)
 .text.log_source_name_get
                0x0000000000002204       0x20 zephyr/libzephyr.a(log_mgmt.c.obj)
                0x0000000000002204                log_source_name_get
 .text.log_backend_enable
                0x0000000000002224       0x24 zephyr/libzephyr.a(log_mgmt.c.obj)
                0x0000000000002224                log_backend_enable
 .text.z_impl_z_log_msg_static_create
                0x0000000000002248       0xac zephyr/libzephyr.a(log_msg.c.obj)
                0x0000000000002248                z_impl_z_log_msg_static_create
 .text.print_formatted
                0x00000000000022f4       0x28 zephyr/libzephyr.a(log_output.c.obj)
 .text.timestamp_print
                0x000000000000231c       0x8c zephyr/libzephyr.a(log_output.c.obj)
 .text.color_print
                0x00000000000023a8       0x2c zephyr/libzephyr.a(log_output.c.obj)
 .text.ids_print
                0x00000000000023d4       0x74 zephyr/libzephyr.a(log_output.c.obj)
 .text.prefix_print
                0x0000000000002448       0x74 zephyr/libzephyr.a(log_output.c.obj)
 .text.newline_print
                0x00000000000024bc       0x28 zephyr/libzephyr.a(log_output.c.obj)
 .text.hexdump_line_print
                0x00000000000024e4       0xbc zephyr/libzephyr.a(log_output.c.obj)
 .text.log_output_process
                0x00000000000025a0       0x78 zephyr/libzephyr.a(log_output.c.obj)
                0x00000000000025a0                log_output_process
 .text.log_output_msg_process
                0x0000000000002618       0x6c zephyr/libzephyr.a(log_output.c.obj)
                0x0000000000002618                log_output_msg_process
 .text.log_output_dropped_process
                0x0000000000002684       0x58 zephyr/libzephyr.a(log_output.c.obj)
                0x0000000000002684                log_output_dropped_process
 .text.log_output_timestamp_freq_set
                0x00000000000026dc       0x2c zephyr/libzephyr.a(log_output.c.obj)
                0x00000000000026dc                log_output_timestamp_freq_set
 .text.char_out
                0x0000000000002708       0x24 zephyr/libzephyr.a(log_backend_uart.c.obj)
 .text.format_set
                0x000000000000272c        0xc zephyr/libzephyr.a(log_backend_uart.c.obj)
 .text.log_backend_uart_init
                0x0000000000002738       0x10 zephyr/libzephyr.a(log_backend_uart.c.obj)
 .text.panic    0x0000000000002748       0x18 zephyr/libzephyr.a(log_backend_uart.c.obj)
 .text.dropped  0x0000000000002760       0x10 zephyr/libzephyr.a(log_backend_uart.c.obj)
 .text.process  0x0000000000002770       0x20 zephyr/libzephyr.a(log_backend_uart.c.obj)
 .text.ipc_service_open_instance
                0x0000000000002790       0xc8 zephyr/libzephyr.a(ipc_service.c.obj)
                0x0000000000002790                ipc_service_open_instance
 .text.ipc_service_register_endpoint
                0x0000000000002858       0xd0 zephyr/libzephyr.a(ipc_service.c.obj)
                0x0000000000002858                ipc_service_register_endpoint
 .text.ipc_service_send
                0x0000000000002928      0x128 zephyr/libzephyr.a(ipc_service.c.obj)
                0x0000000000002928                ipc_service_send
 .text.get_available_ept_slot
                0x0000000000002a50       0x10 zephyr/libzephyr.a(ipc_rpmsg_static_vrings.c.obj)
 .text.advertise_ept
                0x0000000000002a60       0x3c zephyr/libzephyr.a(ipc_rpmsg_static_vrings.c.obj)
 .text.bound_cb
                0x0000000000002a9c       0x2c zephyr/libzephyr.a(ipc_rpmsg_static_vrings.c.obj)
 .text.mbox_init
                0x0000000000002ac8       0x84 zephyr/libzephyr.a(ipc_rpmsg_static_vrings.c.obj)
 .text.open     0x0000000000002b4c       0xe0 zephyr/libzephyr.a(ipc_rpmsg_static_vrings.c.obj)
 .text.shared_memory_prepare
                0x0000000000002c2c       0x44 zephyr/libzephyr.a(ipc_rpmsg_static_vrings.c.obj)
 .text.send     0x0000000000002c70       0x50 zephyr/libzephyr.a(ipc_rpmsg_static_vrings.c.obj)
 .text.ns_bind_cb
                0x0000000000002cc0       0x78 zephyr/libzephyr.a(ipc_rpmsg.c.obj)
 .text.ipc_rpmsg_register_ept
                0x0000000000002d38       0x48 zephyr/libzephyr.a(ipc_rpmsg.c.obj)
                0x0000000000002d38                ipc_rpmsg_register_ept
 .text.ipc_rpmsg_init
                0x0000000000002d80       0x6c zephyr/libzephyr.a(ipc_rpmsg.c.obj)
                0x0000000000002d80                ipc_rpmsg_init
 .text.libmetal_setup
                0x0000000000002dec       0x58 zephyr/libzephyr.a(ipc_static_vrings.c.obj)
 .text.vq_setup
                0x0000000000002e44       0xa8 zephyr/libzephyr.a(ipc_static_vrings.c.obj)
 .text.ipc_static_vrings_init
                0x0000000000002eec       0x54 zephyr/libzephyr.a(ipc_static_vrings.c.obj)
                0x0000000000002eec                ipc_static_vrings_init
 .text.pm_system_resume
                0x0000000000002f40       0xb8 zephyr/libzephyr.a(pm.c.obj)
                0x0000000000002f40                pm_system_resume
 .text.pm_system_suspend
                0x0000000000002ff8      0x154 zephyr/libzephyr.a(pm.c.obj)
                0x0000000000002ff8                pm_system_suspend
 .text.pm_policy_next_state
                0x000000000000314c       0x98 zephyr/libzephyr.a(policy.c.obj)
                0x000000000000314c                pm_policy_next_state
 .text.pm_state_cpu_get_all
                0x00000000000031e4       0x10 zephyr/libzephyr.a(state.c.obj)
                0x00000000000031e4                pm_state_cpu_get_all
 .text.tc_aes128_set_encrypt_key
                0x00000000000031f4       0xc4 zephyr/libzephyr.a(aes_encrypt.c.obj)
                0x00000000000031f4                tc_aes128_set_encrypt_key
 .text.tc_aes_encrypt
                0x00000000000032b8      0x6e4 zephyr/libzephyr.a(aes_encrypt.c.obj)
                0x00000000000032b8                tc_aes_encrypt
 .text.compress
                0x000000000000399c      0x1c0 zephyr/libzephyr.a(sha256.c.obj)
 .text.tc_sha256_init
                0x0000000000003b5c       0x5c zephyr/libzephyr.a(sha256.c.obj)
                0x0000000000003b5c                tc_sha256_init
 .text.nrf_cc3xx_platform_abort_init
                0x0000000000003bb8       0x10 zephyr/libzephyr.a(nrf_cc3xx_platform_abort_zephyr.c.obj)
                0x0000000000003bb8                nrf_cc3xx_platform_abort_init
 .text.mutex_unlock_platform
                0x0000000000003bc8       0x60 zephyr/libzephyr.a(nrf_cc3xx_platform_mutex_zephyr.c.obj)
 .text.mutex_lock_platform
                0x0000000000003c28       0x74 zephyr/libzephyr.a(nrf_cc3xx_platform_mutex_zephyr.c.obj)
 .text.mutex_free_platform
                0x0000000000003c9c       0x4c zephyr/libzephyr.a(nrf_cc3xx_platform_mutex_zephyr.c.obj)
 .text.mutex_init_platform
                0x0000000000003ce8       0x74 zephyr/libzephyr.a(nrf_cc3xx_platform_mutex_zephyr.c.obj)
 .text.nrf_cc3xx_platform_mutex_init
                0x0000000000003d5c       0x28 zephyr/libzephyr.a(nrf_cc3xx_platform_mutex_zephyr.c.obj)
                0x0000000000003d5c                nrf_cc3xx_platform_mutex_init
 .text.z_arm_cpu_idle_init
                0x0000000000003d84        0xc zephyr/arch/arch/arm/core/aarch32/libarch__arm__core__aarch32.a(cpu_idle.S.obj)
                0x0000000000003d84                z_arm_cpu_idle_init
 .text.arch_cpu_idle
                0x0000000000003d90       0x1c zephyr/arch/arch/arm/core/aarch32/libarch__arm__core__aarch32.a(cpu_idle.S.obj)
                0x0000000000003d90                arch_cpu_idle
 .text.arch_cpu_atomic_idle
                0x0000000000003dac       0x14 zephyr/arch/arch/arm/core/aarch32/libarch__arm__core__aarch32.a(cpu_idle.S.obj)
                0x0000000000003dac                arch_cpu_atomic_idle
 .text.esf_dump
                0x0000000000003dc0      0x244 zephyr/arch/arch/arm/core/aarch32/libarch__arm__core__aarch32.a(fatal.c.obj)
 .text.arch_irq_enable
                0x0000000000004004       0x1c zephyr/arch/arch/arm/core/aarch32/libarch__arm__core__aarch32.a(irq_manage.c.obj)
                0x0000000000004004                arch_irq_enable
 .text.arch_irq_disable
                0x0000000000004020       0x28 zephyr/arch/arch/arm/core/aarch32/libarch__arm__core__aarch32.a(irq_manage.c.obj)
                0x0000000000004020                arch_irq_disable
 .text.arch_irq_is_enabled
                0x0000000000004048       0x1c zephyr/arch/arch/arm/core/aarch32/libarch__arm__core__aarch32.a(irq_manage.c.obj)
                0x0000000000004048                arch_irq_is_enabled
 .text.z_arm_irq_priority_set
                0x0000000000004064       0x2c zephyr/arch/arch/arm/core/aarch32/libarch__arm__core__aarch32.a(irq_manage.c.obj)
                0x0000000000004064                z_arm_irq_priority_set
 .text.z_SysNmiOnReset
                0x0000000000004090        0x8 zephyr/arch/arch/arm/core/aarch32/libarch__arm__core__aarch32.a(nmi_on_reset.S.obj)
                0x0000000000004090                z_SysNmiOnReset
 .text.z_arm_prep_c
                0x0000000000004098       0x38 zephyr/arch/arch/arm/core/aarch32/libarch__arm__core__aarch32.a(prep_c.c.obj)
                0x0000000000004098                z_arm_prep_c
 .text.arch_swap
                0x00000000000040d0       0x38 zephyr/arch/arch/arm/core/aarch32/libarch__arm__core__aarch32.a(swap.c.obj)
                0x00000000000040d0                arch_swap
 .text.z_arm_pendsv
                0x0000000000004108       0x5c zephyr/arch/arch/arm/core/aarch32/libarch__arm__core__aarch32.a(swap_helper.S.obj)
                0x0000000000004108                z_arm_pendsv
 .text.z_arm_svc
                0x0000000000004164       0x20 zephyr/arch/arch/arm/core/aarch32/libarch__arm__core__aarch32.a(swap_helper.S.obj)
                0x0000000000004164                z_arm_svc
 .text.arch_new_thread
                0x0000000000004184       0x44 zephyr/arch/arch/arm/core/aarch32/libarch__arm__core__aarch32.a(thread.c.obj)
                0x0000000000004184                arch_new_thread
 .text.arch_switch_to_main_thread
                0x00000000000041c8       0x2c zephyr/arch/arch/arm/core/aarch32/libarch__arm__core__aarch32.a(thread.c.obj)
                0x00000000000041c8                arch_switch_to_main_thread
 .text._isr_wrapper
                0x00000000000041f4       0x40 zephyr/arch/arch/arm/core/aarch32/libarch__arm__core__aarch32.a(isr_wrapper.S.obj)
                0x00000000000041f4                _isr_wrapper
 .text._HandlerModeExit
                0x0000000000004234       0x1c zephyr/arch/arch/arm/core/aarch32/cortex_m/libarch__arm__core__aarch32__cortex_m.a(exc_exit.S.obj)
                0x0000000000004234                z_arm_int_exit
                0x0000000000004234                z_arm_exc_exit
 .text.mem_manage_fault
                0x0000000000004250      0x2e8 zephyr/arch/arch/arm/core/aarch32/cortex_m/libarch__arm__core__aarch32__cortex_m.a(fault.c.obj)
 .text.bus_fault
                0x0000000000004538      0x320 zephyr/arch/arch/arm/core/aarch32/cortex_m/libarch__arm__core__aarch32__cortex_m.a(fault.c.obj)
 .text.usage_fault
                0x0000000000004858      0x2ec zephyr/arch/arch/arm/core/aarch32/cortex_m/libarch__arm__core__aarch32__cortex_m.a(fault.c.obj)
 .text.hard_fault
                0x0000000000004b44      0x238 zephyr/arch/arch/arm/core/aarch32/cortex_m/libarch__arm__core__aarch32__cortex_m.a(fault.c.obj)
 .text.debug_monitor
                0x0000000000004d7c       0x60 zephyr/arch/arch/arm/core/aarch32/cortex_m/libarch__arm__core__aarch32__cortex_m.a(fault.c.obj)
 .text.reserved_exception
                0x0000000000004ddc       0xd8 zephyr/arch/arch/arm/core/aarch32/cortex_m/libarch__arm__core__aarch32__cortex_m.a(fault.c.obj)
 .text.z_arm_fault
                0x0000000000004eb4       0xe8 zephyr/arch/arch/arm/core/aarch32/cortex_m/libarch__arm__core__aarch32__cortex_m.a(fault.c.obj)
                0x0000000000004eb4                z_arm_fault
 .text.z_arm_fault_init
                0x0000000000004f9c       0x18 zephyr/arch/arch/arm/core/aarch32/cortex_m/libarch__arm__core__aarch32__cortex_m.a(fault.c.obj)
                0x0000000000004f9c                z_arm_fault_init
 .text.__fault  0x0000000000004fb4       0x14 zephyr/arch/arch/arm/core/aarch32/cortex_m/libarch__arm__core__aarch32__cortex_m.a(fault_s.S.obj)
                0x0000000000004fb4                z_arm_usage_fault
                0x0000000000004fb4                z_arm_mpu_fault
                0x0000000000004fb4                z_arm_exc_spurious
                0x0000000000004fb4                z_arm_debug_monitor
                0x0000000000004fb4                z_arm_hard_fault
                0x0000000000004fb4                z_arm_bus_fault
 .text.z_arm_interrupt_init
                0x0000000000004fc8       0x34 zephyr/arch/arch/arm/core/aarch32/cortex_m/libarch__arm__core__aarch32__cortex_m.a(irq_init.c.obj)
                0x0000000000004fc8                z_arm_interrupt_init
 .text._reset_section
                0x0000000000004ffc       0x68 zephyr/arch/arch/arm/core/aarch32/cortex_m/libarch__arm__core__aarch32__cortex_m.a(reset.S.obj)
                0x0000000000004ffc                __start
                0x0000000000004ffc                z_arm_reset
 .text.sys_arch_reboot
                0x0000000000005064       0x24 zephyr/arch/arch/arm/core/aarch32/cortex_m/libarch__arm__core__aarch32__cortex_m.a(scb.c.obj)
                0x0000000000005064                sys_arch_reboot
 .text.z_arm_clear_arm_mpu_config
                0x0000000000005088       0x28 zephyr/arch/arch/arm/core/aarch32/cortex_m/libarch__arm__core__aarch32__cortex_m.a(scb.c.obj)
                0x0000000000005088                z_arm_clear_arm_mpu_config
 .text.z_arm_init_arch_hw_at_boot
                0x00000000000050b0       0x54 zephyr/arch/arch/arm/core/aarch32/cortex_m/libarch__arm__core__aarch32__cortex_m.a(scb.c.obj)
                0x00000000000050b0                z_arm_init_arch_hw_at_boot
 .text.z_impl_k_thread_abort
                0x0000000000005104       0x34 zephyr/arch/arch/arm/core/aarch32/cortex_m/libarch__arm__core__aarch32__cortex_m.a(thread_abort.c.obj)
                0x0000000000005104                z_impl_k_thread_abort
 .text.z_arm_configure_static_mpu_regions
                0x0000000000005138       0x40 zephyr/arch/arch/arm/core/aarch32/mpu/libarch__arm__core__aarch32__mpu.a(arm_core_mpu.c.obj)
                0x0000000000005138                z_arm_configure_static_mpu_regions
 .text.mpu_init
                0x0000000000005178       0x14 zephyr/arch/arch/arm/core/aarch32/mpu/libarch__arm__core__aarch32__mpu.a(arm_mpu.c.obj)
 .text.mpu_set_region
                0x000000000000518c       0x14 zephyr/arch/arch/arm/core/aarch32/mpu/libarch__arm__core__aarch32__mpu.a(arm_mpu.c.obj)
 .text.region_allocate_and_init
                0x00000000000051a0       0x9c zephyr/arch/arch/arm/core/aarch32/mpu/libarch__arm__core__aarch32__mpu.a(arm_mpu.c.obj)
 .text.mpu_configure_regions_and_partition
                0x000000000000523c      0x2b0 zephyr/arch/arch/arm/core/aarch32/mpu/libarch__arm__core__aarch32__mpu.a(arm_mpu.c.obj)
 .text.mpu_configure_static_mpu_regions
                0x00000000000054ec       0x14 zephyr/arch/arch/arm/core/aarch32/mpu/libarch__arm__core__aarch32__mpu.a(arm_mpu.c.obj)
 .text.mpu_mark_areas_for_dynamic_regions
                0x0000000000005500       0xbc zephyr/arch/arch/arm/core/aarch32/mpu/libarch__arm__core__aarch32__mpu.a(arm_mpu.c.obj)
 .text.arm_core_mpu_enable
                0x00000000000055bc       0x18 zephyr/arch/arch/arm/core/aarch32/mpu/libarch__arm__core__aarch32__mpu.a(arm_mpu.c.obj)
                0x00000000000055bc                arm_core_mpu_enable
 .text.arm_core_mpu_disable
                0x00000000000055d4       0x14 zephyr/arch/arch/arm/core/aarch32/mpu/libarch__arm__core__aarch32__mpu.a(arm_mpu.c.obj)
                0x00000000000055d4                arm_core_mpu_disable
 .text.z_arm_mpu_init
                0x00000000000055e8       0x44 zephyr/arch/arch/arm/core/aarch32/mpu/libarch__arm__core__aarch32__mpu.a(arm_mpu.c.obj)
                0x00000000000055e8                z_arm_mpu_init
 .text.__stdout_hook_install
                0x000000000000562c        0xc zephyr/lib/libc/minimal/liblib__libc__minimal.a(stdout_console.c.obj)
                0x000000000000562c                __stdout_hook_install
 .text.enable_cpunet
                0x0000000000005638       0x18 zephyr/boards/boards/arm/thingy53_nrf5340_cpuapp/libboards__arm__thingy53_nrf5340.a(board.c.obj)
 .text.bt_hex_real
                0x0000000000005650       0x58 zephyr/subsys/bluetooth/common/libsubsys__bluetooth__common.a(log.c.obj)
                0x0000000000005650                bt_hex_real
 .text.bt_addr_le_str_real
                0x00000000000056a8       0x90 zephyr/subsys/bluetooth/common/libsubsys__bluetooth__common.a(log.c.obj)
                0x00000000000056a8                bt_addr_le_str_real
 .text.long_wq_init
                0x0000000000005738       0x3c zephyr/subsys/bluetooth/host/libsubsys__bluetooth__host.a(long_wq.c.obj)
 .text.bt_long_wq_schedule
                0x0000000000005774       0x10 zephyr/subsys/bluetooth/host/libsubsys__bluetooth__host.a(long_wq.c.obj)
                0x0000000000005774                bt_long_wq_schedule
 .text.uuid_to_uuid128
                0x0000000000005784       0x88 zephyr/subsys/bluetooth/host/libsubsys__bluetooth__host.a(uuid.c.obj)
 .text.bt_buf_get_rx
                0x000000000000580c       0x34 zephyr/subsys/bluetooth/host/libsubsys__bluetooth__host.a(buf.c.obj)
                0x000000000000580c                bt_buf_get_rx
 .text.bt_buf_get_cmd_complete
                0x0000000000005840       0x34 zephyr/subsys/bluetooth/host/libsubsys__bluetooth__host.a(buf.c.obj)
                0x0000000000005840                bt_buf_get_cmd_complete
 .text.bt_buf_get_evt
                0x0000000000005874       0x64 zephyr/subsys/bluetooth/host/libsubsys__bluetooth__host.a(buf.c.obj)
                0x0000000000005874                bt_buf_get_evt
 .text.conn_handle_disconnected
                0x00000000000058d8       0x20 zephyr/subsys/bluetooth/host/libsubsys__bluetooth__host.a(hci_core.c.obj)
 .text.conn_handle_is_disconnected
                0x00000000000058f8       0x2c zephyr/subsys/bluetooth/host/libsubsys__bluetooth__host.a(hci_core.c.obj)
 .text.read_local_ver_complete
                0x0000000000005924       0x2c zephyr/subsys/bluetooth/host/libsubsys__bluetooth__host.a(hci_core.c.obj)
 .text.le_read_supp_states_complete
                0x0000000000005950       0x3c zephyr/subsys/bluetooth/host/libsubsys__bluetooth__host.a(hci_core.c.obj)
 .text.ver_str  0x000000000000598c       0x44 zephyr/subsys/bluetooth/host/libsubsys__bluetooth__host.a(hci_core.c.obj)
 .text.vs_hw_platform
                0x00000000000059d0       0x18 zephyr/subsys/bluetooth/host/libsubsys__bluetooth__host.a(hci_core.c.obj)
 .text.vs_hw_variant
                0x00000000000059e8       0x20 zephyr/subsys/bluetooth/host/libsubsys__bluetooth__host.a(hci_core.c.obj)
 .text.vs_fw_variant
                0x0000000000005a08       0x18 zephyr/subsys/bluetooth/host/libsubsys__bluetooth__host.a(hci_core.c.obj)
 .text.hci_reset_complete
                0x0000000000005a20       0x24 zephyr/subsys/bluetooth/host/libsubsys__bluetooth__host.a(hci_core.c.obj)
 .text.read_local_features_complete
                0x0000000000005a44       0x14 zephyr/subsys/bluetooth/host/libsubsys__bluetooth__host.a(hci_core.c.obj)
 .text.read_supported_commands_complete
                0x0000000000005a58       0x14 zephyr/subsys/bluetooth/host/libsubsys__bluetooth__host.a(hci_core.c.obj)
 .text.read_le_features_complete
                0x0000000000005a6c       0x14 zephyr/subsys/bluetooth/host/libsubsys__bluetooth__host.a(hci_core.c.obj)
 .text.le_read_buffer_size_complete
                0x0000000000005a80       0x28 zephyr/subsys/bluetooth/host/libsubsys__bluetooth__host.a(hci_core.c.obj)
 .text.read_buffer_size_complete
                0x0000000000005aa8       0x2c zephyr/subsys/bluetooth/host/libsubsys__bluetooth__host.a(hci_core.c.obj)
 .text.hci_data_buf_overflow
                0x0000000000005ad4       0x8c zephyr/subsys/bluetooth/host/libsubsys__bluetooth__host.a(hci_core.c.obj)
 .text.handle_event_common
                0x0000000000005b60       0xcc zephyr/subsys/bluetooth/host/libsubsys__bluetooth__host.a(hci_core.c.obj)
 .text.bt_dev_show_info
                0x0000000000005c2c      0x36c zephyr/subsys/bluetooth/host/libsubsys__bluetooth__host.a(hci_core.c.obj)
 .text.find_pending_connect
                0x0000000000005f98       0x4c zephyr/subsys/bluetooth/host/libsubsys__bluetooth__host.a(hci_core.c.obj)
 .text.le_conn_complete_adv_timeout
                0x0000000000005fe4       0x90 zephyr/subsys/bluetooth/host/libsubsys__bluetooth__host.a(hci_core.c.obj)
 .text.hci_disconn_complete
                0x0000000000006074       0xc0 zephyr/subsys/bluetooth/host/libsubsys__bluetooth__host.a(hci_core.c.obj)
 .text.le_phy_update_complete
                0x0000000000006134       0xa0 zephyr/subsys/bluetooth/host/libsubsys__bluetooth__host.a(hci_core.c.obj)
 .text.le_data_len_change
                0x00000000000061d4       0x9c zephyr/subsys/bluetooth/host/libsubsys__bluetooth__host.a(hci_core.c.obj)
 .text.hci_num_completed_packets
                0x0000000000006270      0x1b0 zephyr/subsys/bluetooth/host/libsubsys__bluetooth__host.a(hci_core.c.obj)
 .text.hci_cmd_done
                0x0000000000006420      0x238 zephyr/subsys/bluetooth/host/libsubsys__bluetooth__host.a(hci_core.c.obj)
 .text.le_remote_feat_complete
                0x0000000000006658       0xc8 zephyr/subsys/bluetooth/host/libsubsys__bluetooth__host.a(hci_core.c.obj)
 .text.hci_cmd_status
                0x0000000000006720       0x28 zephyr/subsys/bluetooth/host/libsubsys__bluetooth__host.a(hci_core.c.obj)
 .text.hci_cmd_complete
                0x0000000000006748       0x2c zephyr/subsys/bluetooth/host/libsubsys__bluetooth__host.a(hci_core.c.obj)
 .text.hci_hardware_error
                0x0000000000006774       0x94 zephyr/subsys/bluetooth/host/libsubsys__bluetooth__host.a(hci_core.c.obj)
 .text.handle_event
                0x0000000000006808       0xe8 zephyr/subsys/bluetooth/host/libsubsys__bluetooth__host.a(hci_core.c.obj)
 .text.hci_le_meta_event
                0x00000000000068f0       0x20 zephyr/subsys/bluetooth/host/libsubsys__bluetooth__host.a(hci_core.c.obj)
 .text.rx_queue_put
                0x0000000000006910       0xb0 zephyr/subsys/bluetooth/host/libsubsys__bluetooth__host.a(hci_core.c.obj)
 .text.hci_acl  0x00000000000069c0      0x194 zephyr/subsys/bluetooth/host/libsubsys__bluetooth__host.a(hci_core.c.obj)
 .text.le_conn_update_complete
                0x0000000000006b54      0x10c zephyr/subsys/bluetooth/host/libsubsys__bluetooth__host.a(hci_core.c.obj)
 .text.hci_event
                0x0000000000006c60       0xa8 zephyr/subsys/bluetooth/host/libsubsys__bluetooth__host.a(hci_core.c.obj)
 .text.rx_work_handler
                0x0000000000006d08      0x154 zephyr/subsys/bluetooth/host/libsubsys__bluetooth__host.a(hci_core.c.obj)
 .text.bt_hci_cmd_state_set_init
                0x0000000000006e5c       0x24 zephyr/subsys/bluetooth/host/libsubsys__bluetooth__host.a(hci_core.c.obj)
                0x0000000000006e5c                bt_hci_cmd_state_set_init
 .text.bt_hci_cmd_create
                0x0000000000006e80       0x7c zephyr/subsys/bluetooth/host/libsubsys__bluetooth__host.a(hci_core.c.obj)
                0x0000000000006e80                bt_hci_cmd_create
 .text.bt_hci_cmd_send_sync
                0x0000000000006efc      0x170 zephyr/subsys/bluetooth/host/libsubsys__bluetooth__host.a(hci_core.c.obj)
                0x0000000000006efc                bt_hci_cmd_send_sync
 .text.set_flow_control
                0x000000000000706c       0xd8 zephyr/subsys/bluetooth/host/libsubsys__bluetooth__host.a(hci_core.c.obj)
 .text.common_init
                0x0000000000007144       0xa4 zephyr/subsys/bluetooth/host/libsubsys__bluetooth__host.a(hci_core.c.obj)
 .text.hci_le_read_max_data_len
                0x00000000000071e8       0x88 zephyr/subsys/bluetooth/host/libsubsys__bluetooth__host.a(hci_core.c.obj)
 .text.le_set_event_mask
                0x0000000000007270       0x80 zephyr/subsys/bluetooth/host/libsubsys__bluetooth__host.a(hci_core.c.obj)
 .text.le_init  0x00000000000072f0      0x17c zephyr/subsys/bluetooth/host/libsubsys__bluetooth__host.a(hci_core.c.obj)
 .text.bt_br_init
                0x000000000000746c       0x38 zephyr/subsys/bluetooth/host/libsubsys__bluetooth__host.a(hci_core.c.obj)
 .text.hci_vs_init
                0x00000000000074a4      0x3e8 zephyr/subsys/bluetooth/host/libsubsys__bluetooth__host.a(hci_core.c.obj)
 .text.hci_init
                0x000000000000788c       0xb0 zephyr/subsys/bluetooth/host/libsubsys__bluetooth__host.a(hci_core.c.obj)
 .text.bt_hci_le_rand
                0x000000000000793c       0x58 zephyr/subsys/bluetooth/host/libsubsys__bluetooth__host.a(hci_core.c.obj)
                0x000000000000793c                bt_hci_le_rand
 .text.conn_auto_initiate
                0x0000000000007994      0x218 zephyr/subsys/bluetooth/host/libsubsys__bluetooth__host.a(hci_core.c.obj)
 .text.bt_hci_le_enh_conn_complete
                0x0000000000007bac      0x290 zephyr/subsys/bluetooth/host/libsubsys__bluetooth__host.a(hci_core.c.obj)
                0x0000000000007bac                bt_hci_le_enh_conn_complete
 .text.bt_send  0x0000000000007e3c       0x14 zephyr/subsys/bluetooth/host/libsubsys__bluetooth__host.a(hci_core.c.obj)
                0x0000000000007e3c                bt_send
 .text.bt_hci_cmd_send
                0x0000000000007e50       0xd0 zephyr/subsys/bluetooth/host/libsubsys__bluetooth__host.a(hci_core.c.obj)
                0x0000000000007e50                bt_hci_cmd_send
 .text.bt_hci_host_num_completed_packets
                0x0000000000007f20      0x19c zephyr/subsys/bluetooth/host/libsubsys__bluetooth__host.a(hci_core.c.obj)
                0x0000000000007f20                bt_hci_host_num_completed_packets
 .text.le_conn_param_neg_reply
                0x00000000000080bc       0x84 zephyr/subsys/bluetooth/host/libsubsys__bluetooth__host.a(hci_core.c.obj)
 .text.le_conn_param_req
                0x0000000000008140       0xd8 zephyr/subsys/bluetooth/host/libsubsys__bluetooth__host.a(hci_core.c.obj)
 .text.send_cmd
                0x0000000000008218      0x184 zephyr/subsys/bluetooth/host/libsubsys__bluetooth__host.a(hci_core.c.obj)
 .text.process_events
                0x000000000000839c       0xc8 zephyr/subsys/bluetooth/host/libsubsys__bluetooth__host.a(hci_core.c.obj)
 .text.hci_tx_thread
                0x0000000000008464       0x64 zephyr/subsys/bluetooth/host/libsubsys__bluetooth__host.a(hci_core.c.obj)
 .text.hci_event_prio
                0x00000000000084c8       0xd4 zephyr/subsys/bluetooth/host/libsubsys__bluetooth__host.a(hci_core.c.obj)
                0x00000000000084c8                hci_event_prio
 .text.bt_recv  0x000000000000859c       0xf8 zephyr/subsys/bluetooth/host/libsubsys__bluetooth__host.a(hci_core.c.obj)
                0x000000000000859c                bt_recv
 .text.bt_hci_driver_register
                0x0000000000008694       0x30 zephyr/subsys/bluetooth/host/libsubsys__bluetooth__host.a(hci_core.c.obj)
                0x0000000000008694                bt_hci_driver_register
 .text.bt_finalize_init
                0x00000000000086c4       0x20 zephyr/subsys/bluetooth/host/libsubsys__bluetooth__host.a(hci_core.c.obj)
                0x00000000000086c4                bt_finalize_init
 .text.init_work
                0x00000000000086e4       0x14 zephyr/subsys/bluetooth/host/libsubsys__bluetooth__host.a(hci_core.c.obj)
 .text.bt_enable
                0x00000000000086f8      0x1d0 zephyr/subsys/bluetooth/host/libsubsys__bluetooth__host.a(hci_core.c.obj)
                0x00000000000086f8                bt_enable
 .text.bt_get_name
                0x00000000000088c8        0x8 zephyr/subsys/bluetooth/host/libsubsys__bluetooth__host.a(hci_core.c.obj)
                0x00000000000088c8                bt_get_name
 .text.id_find  0x00000000000088d0       0x38 zephyr/subsys/bluetooth/host/libsubsys__bluetooth__host.a(id.c.obj)
 .text.set_random_address
                0x0000000000008908       0x5c zephyr/subsys/bluetooth/host/libsubsys__bluetooth__host.a(id.c.obj)
 .text.id_create
                0x0000000000008964       0x70 zephyr/subsys/bluetooth/host/libsubsys__bluetooth__host.a(id.c.obj)
 .text.bt_id_create
                0x00000000000089d4      0x100 zephyr/subsys/bluetooth/host/libsubsys__bluetooth__host.a(id.c.obj)
                0x00000000000089d4                bt_id_create
 .text.bt_id_read_public_addr
                0x0000000000008ad4       0xc4 zephyr/subsys/bluetooth/host/libsubsys__bluetooth__host.a(id.c.obj)
                0x0000000000008ad4                bt_id_read_public_addr
 .text.bt_setup_public_id_addr
                0x0000000000008b98       0x28 zephyr/subsys/bluetooth/host/libsubsys__bluetooth__host.a(id.c.obj)
                0x0000000000008b98                bt_setup_public_id_addr
 .text.bt_read_static_addr
                0x0000000000008bc0      0x14c zephyr/subsys/bluetooth/host/libsubsys__bluetooth__host.a(id.c.obj)
                0x0000000000008bc0                bt_read_static_addr
 .text.bt_setup_random_id_addr
                0x0000000000008d0c       0x68 zephyr/subsys/bluetooth/host/libsubsys__bluetooth__host.a(id.c.obj)
                0x0000000000008d0c                bt_setup_random_id_addr
 .text.bt_id_set_adv_own_addr
                0x0000000000008d74       0xa8 zephyr/subsys/bluetooth/host/libsubsys__bluetooth__host.a(id.c.obj)
                0x0000000000008d74                bt_id_set_adv_own_addr
 .text.bt_id_init
                0x0000000000008e1c      0x130 zephyr/subsys/bluetooth/host/libsubsys__bluetooth__host.a(id.c.obj)
                0x0000000000008e1c                bt_id_init
 .text.adv_new_legacy
                0x0000000000008f4c        0x8 zephyr/subsys/bluetooth/host/libsubsys__bluetooth__host.a(adv.c.obj)
 .text.set_data_add_complete
                0x0000000000008f54       0xe4 zephyr/subsys/bluetooth/host/libsubsys__bluetooth__host.a(adv.c.obj)
 .text.valid_adv_ext_param
                0x0000000000009038       0x9c zephyr/subsys/bluetooth/host/libsubsys__bluetooth__host.a(adv.c.obj)
 .text.le_adv_start_add_conn
                0x00000000000090d4       0x94 zephyr/subsys/bluetooth/host/libsubsys__bluetooth__host.a(adv.c.obj)
 .text.le_adv_stop_free_conn
                0x0000000000009168       0x68 zephyr/subsys/bluetooth/host/libsubsys__bluetooth__host.a(adv.c.obj)
 .text.bt_le_adv_lookup_legacy
                0x00000000000091d0        0x8 zephyr/subsys/bluetooth/host/libsubsys__bluetooth__host.a(adv.c.obj)
                0x00000000000091d0                bt_le_adv_lookup_legacy
 .text.bt_le_adv_start_legacy
                0x00000000000091d8      0x380 zephyr/subsys/bluetooth/host/libsubsys__bluetooth__host.a(adv.c.obj)
                0x00000000000091d8                bt_le_adv_start_legacy
 .text.bt_le_adv_start
                0x0000000000009558       0x60 zephyr/subsys/bluetooth/host/libsubsys__bluetooth__host.a(adv.c.obj)
                0x0000000000009558                bt_le_adv_start
 .text.bt_le_adv_stop
                0x00000000000095b8       0xac zephyr/subsys/bluetooth/host/libsubsys__bluetooth__host.a(adv.c.obj)
                0x00000000000095b8                bt_le_adv_stop
 .text.adv_timeout
                0x0000000000009664       0x8c zephyr/subsys/bluetooth/host/libsubsys__bluetooth__host.a(adv.c.obj)
 .text.prng_reseed
                0x00000000000096f0       0xb8 zephyr/subsys/bluetooth/host/libsubsys__bluetooth__host.a(crypto.c.obj)
 .text.prng_init
                0x00000000000097a8       0x88 zephyr/subsys/bluetooth/host/libsubsys__bluetooth__host.a(crypto.c.obj)
                0x00000000000097a8                prng_init
 .text.bt_rand  0x0000000000009830       0x3c zephyr/subsys/bluetooth/host/libsubsys__bluetooth__host.a(crypto.c.obj)
                0x0000000000009830                bt_rand
 .text.notify_connected
                0x000000000000986c       0x44 zephyr/subsys/bluetooth/host/libsubsys__bluetooth__host.a(conn.c.obj)
 .text.notify_disconnected
                0x00000000000098b0       0x44 zephyr/subsys/bluetooth/host/libsubsys__bluetooth__host.a(conn.c.obj)
 .text.tx_free  0x00000000000098f4       0x18 zephyr/subsys/bluetooth/host/libsubsys__bluetooth__host.a(conn.c.obj)
 .text.conn_tx_alloc
                0x000000000000990c       0x30 zephyr/subsys/bluetooth/host/libsubsys__bluetooth__host.a(conn.c.obj)
 .text.bt_conn_get_pkts
                0x000000000000993c        0x8 zephyr/subsys/bluetooth/host/libsubsys__bluetooth__host.a(conn.c.obj)
                0x000000000000993c                bt_conn_get_pkts
 .text.send_frag
                0x0000000000009944      0x1ac zephyr/subsys/bluetooth/host/libsubsys__bluetooth__host.a(conn.c.obj)
 .text.bt_conn_new
                0x0000000000009af0       0x60 zephyr/subsys/bluetooth/host/libsubsys__bluetooth__host.a(conn.c.obj)
                0x0000000000009af0                bt_conn_new
 .text.acl_conn_new
                0x0000000000009b50       0x10 zephyr/subsys/bluetooth/host/libsubsys__bluetooth__host.a(conn.c.obj)
 .text.bt_acl_recv
                0x0000000000009b60      0x2a4 zephyr/subsys/bluetooth/host/libsubsys__bluetooth__host.a(conn.c.obj)
 .text.bt_conn_send_cb
                0x0000000000009e04      0x150 zephyr/subsys/bluetooth/host/libsubsys__bluetooth__host.a(conn.c.obj)
                0x0000000000009e04                bt_conn_send_cb
 .text.bt_conn_prepare_events
                0x0000000000009f54       0x48 zephyr/subsys/bluetooth/host/libsubsys__bluetooth__host.a(conn.c.obj)
                0x0000000000009f54                bt_conn_prepare_events
 .text.bt_conn_lookup_handle
                0x0000000000009f9c       0x14 zephyr/subsys/bluetooth/host/libsubsys__bluetooth__host.a(conn.c.obj)
                0x0000000000009f9c                bt_conn_lookup_handle
 .text.bt_conn_set_state
                0x0000000000009fb0      0x32c zephyr/subsys/bluetooth/host/libsubsys__bluetooth__host.a(conn.c.obj)
                0x0000000000009fb0                bt_conn_set_state
 .text.bt_conn_index
                0x000000000000a2dc       0x18 zephyr/subsys/bluetooth/host/libsubsys__bluetooth__host.a(conn.c.obj)
                0x000000000000a2dc                bt_conn_index
 .text.bt_conn_create_pdu_timeout
                0x000000000000a2f4       0x7c zephyr/subsys/bluetooth/host/libsubsys__bluetooth__host.a(conn.c.obj)
                0x000000000000a2f4                bt_conn_create_pdu_timeout
 .text.notify_le_param_updated
                0x000000000000a370       0x98 zephyr/subsys/bluetooth/host/libsubsys__bluetooth__host.a(conn.c.obj)
                0x000000000000a370                notify_le_param_updated
 .text.le_param_req
                0x000000000000a408       0x74 zephyr/subsys/bluetooth/host/libsubsys__bluetooth__host.a(conn.c.obj)
                0x000000000000a408                le_param_req
 .text.bt_conn_lookup_addr_le
                0x000000000000a47c       0x48 zephyr/subsys/bluetooth/host/libsubsys__bluetooth__host.a(conn.c.obj)
                0x000000000000a47c                bt_conn_lookup_addr_le
 .text.bt_conn_exists_le
                0x000000000000a4c4      0x134 zephyr/subsys/bluetooth/host/libsubsys__bluetooth__host.a(conn.c.obj)
                0x000000000000a4c4                bt_conn_exists_le
 .text.bt_conn_lookup_state_le
                0x000000000000a5f8       0x64 zephyr/subsys/bluetooth/host/libsubsys__bluetooth__host.a(conn.c.obj)
                0x000000000000a5f8                bt_conn_lookup_state_le
 .text.send_conn_le_param_update
                0x000000000000a65c       0x70 zephyr/subsys/bluetooth/host/libsubsys__bluetooth__host.a(conn.c.obj)
 .text.deferred_work
                0x000000000000a6cc       0x9c zephyr/subsys/bluetooth/host/libsubsys__bluetooth__host.a(conn.c.obj)
 .text.bt_conn_create_frag_timeout
                0x000000000000a768       0x10 zephyr/subsys/bluetooth/host/libsubsys__bluetooth__host.a(conn.c.obj)
                0x000000000000a768                bt_conn_create_frag_timeout
 .text.create_frag
                0x000000000000a778       0x68 zephyr/subsys/bluetooth/host/libsubsys__bluetooth__host.a(conn.c.obj)
 .text.send_buf
                0x000000000000a7e0       0x7c zephyr/subsys/bluetooth/host/libsubsys__bluetooth__host.a(conn.c.obj)
 .text.bt_conn_process_tx
                0x000000000000a85c       0x88 zephyr/subsys/bluetooth/host/libsubsys__bluetooth__host.a(conn.c.obj)
                0x000000000000a85c                bt_conn_process_tx
 .text.bt_conn_lookup_index
                0x000000000000a8e4       0x1c zephyr/subsys/bluetooth/host/libsubsys__bluetooth__host.a(conn.c.obj)
                0x000000000000a8e4                bt_conn_lookup_index
 .text.bt_conn_init
                0x000000000000a900       0x38 zephyr/subsys/bluetooth/host/libsubsys__bluetooth__host.a(conn.c.obj)
                0x000000000000a900                bt_conn_init
 .text.get_ident
                0x000000000000a938       0x1c zephyr/subsys/bluetooth/host/libsubsys__bluetooth__host.a(l2cap.c.obj)
 .text.l2cap_accept
                0x000000000000a954       0xc0 zephyr/subsys/bluetooth/host/libsubsys__bluetooth__host.a(l2cap.c.obj)
 .text.le_conn_param_rsp
                0x000000000000aa14       0x64 zephyr/subsys/bluetooth/host/libsubsys__bluetooth__host.a(l2cap.c.obj)
 .text.l2cap_chan_add
                0x000000000000aa78       0x80 zephyr/subsys/bluetooth/host/libsubsys__bluetooth__host.a(l2cap.c.obj)
 .text.bt_l2cap_connected
                0x000000000000aaf8       0x6c zephyr/subsys/bluetooth/host/libsubsys__bluetooth__host.a(l2cap.c.obj)
                0x000000000000aaf8                bt_l2cap_connected
 .text.l2cap_create_le_sig_pdu
                0x000000000000ab64       0xb8 zephyr/subsys/bluetooth/host/libsubsys__bluetooth__host.a(l2cap.c.obj)
 .text.l2cap_recv
                0x000000000000ac1c      0x1ec zephyr/subsys/bluetooth/host/libsubsys__bluetooth__host.a(l2cap.c.obj)
 .text.bt_l2cap_recv
                0x000000000000ae08      0x114 zephyr/subsys/bluetooth/host/libsubsys__bluetooth__host.a(l2cap.c.obj)
                0x000000000000ae08                bt_l2cap_recv
 .text.att_cb   0x000000000000af1c       0x40 zephyr/subsys/bluetooth/host/libsubsys__bluetooth__host.a(att.c.obj)
 .text.tx_meta_data_alloc
                0x000000000000af5c       0x14 zephyr/subsys/bluetooth/host/libsubsys__bluetooth__host.a(att.c.obj)
 .text.att_get  0x000000000000af70       0xc4 zephyr/subsys/bluetooth/host/libsubsys__bluetooth__host.a(att.c.obj)
 .text.att_chan_new
                0x000000000000b034      0x194 zephyr/subsys/bluetooth/host/libsubsys__bluetooth__host.a(att.c.obj)
 .text.bt_att_accept
                0x000000000000b1c8       0xe4 zephyr/subsys/bluetooth/host/libsubsys__bluetooth__host.a(att.c.obj)
 .text.bt_att_released
                0x000000000000b2ac       0x1c zephyr/subsys/bluetooth/host/libsubsys__bluetooth__host.a(att.c.obj)
 .text.read_group_cb
                0x000000000000b2c8       0xb4 zephyr/subsys/bluetooth/host/libsubsys__bluetooth__host.a(att.c.obj)
 .text.read_type_cb
                0x000000000000b37c       0xa8 zephyr/subsys/bluetooth/host/libsubsys__bluetooth__host.a(att.c.obj)
 .text.find_type_cb
                0x000000000000b424      0x278 zephyr/subsys/bluetooth/host/libsubsys__bluetooth__host.a(att.c.obj)
 .text.bt_att_connected
                0x000000000000b69c       0x44 zephyr/subsys/bluetooth/host/libsubsys__bluetooth__host.a(att.c.obj)
 .text.chan_unknown
                0x000000000000b6e0       0x1c zephyr/subsys/bluetooth/host/libsubsys__bluetooth__host.a(att.c.obj)
 .text.chan_cfm_sent
                0x000000000000b6fc       0x30 zephyr/subsys/bluetooth/host/libsubsys__bluetooth__host.a(att.c.obj)
 .text.chan_rsp_sent
                0x000000000000b72c       0x30 zephyr/subsys/bluetooth/host/libsubsys__bluetooth__host.a(att.c.obj)
 .text.chan_req_sent
                0x000000000000b75c       0x30 zephyr/subsys/bluetooth/host/libsubsys__bluetooth__host.a(att.c.obj)
 .text.chan_tx_complete
                0x000000000000b78c       0x48 zephyr/subsys/bluetooth/host/libsubsys__bluetooth__host.a(att.c.obj)
 .text.chan_send
                0x000000000000b7d4       0xf0 zephyr/subsys/bluetooth/host/libsubsys__bluetooth__host.a(att.c.obj)
 .text.bt_att_chan_create_pdu
                0x000000000000b8c4      0x1c0 zephyr/subsys/bluetooth/host/libsubsys__bluetooth__host.a(att.c.obj)
                0x000000000000b8c4                bt_att_chan_create_pdu
 .text.bt_att_recv
                0x000000000000ba84      0x2e4 zephyr/subsys/bluetooth/host/libsubsys__bluetooth__host.a(att.c.obj)
 .text.att_write_rsp
                0x000000000000bd68      0x100 zephyr/subsys/bluetooth/host/libsubsys__bluetooth__host.a(att.c.obj)
 .text.bt_att_create_pdu
                0x000000000000be68       0xf0 zephyr/subsys/bluetooth/host/libsubsys__bluetooth__host.a(att.c.obj)
                0x000000000000be68                bt_att_create_pdu
 .text.att_read_group_rsp
                0x000000000000bf58       0xa4 zephyr/subsys/bluetooth/host/libsubsys__bluetooth__host.a(att.c.obj)
 .text.att_read_mult_vl_req
                0x000000000000bffc       0xcc zephyr/subsys/bluetooth/host/libsubsys__bluetooth__host.a(att.c.obj)
 .text.att_read_mult_req
                0x000000000000c0c8       0xcc zephyr/subsys/bluetooth/host/libsubsys__bluetooth__host.a(att.c.obj)
 .text.att_read_rsp
                0x000000000000c194       0xd0 zephyr/subsys/bluetooth/host/libsubsys__bluetooth__host.a(att.c.obj)
 .text.att_read_type_rsp
                0x000000000000c264       0xa8 zephyr/subsys/bluetooth/host/libsubsys__bluetooth__host.a(att.c.obj)
 .text.att_find_type_rsp
                0x000000000000c30c       0xa8 zephyr/subsys/bluetooth/host/libsubsys__bluetooth__host.a(att.c.obj)
 .text.att_find_info_rsp
                0x000000000000c3b4       0x88 zephyr/subsys/bluetooth/host/libsubsys__bluetooth__host.a(att.c.obj)
 .text.bt_att_init
                0x000000000000c43c       0x2c zephyr/subsys/bluetooth/host/libsubsys__bluetooth__host.a(att.c.obj)
                0x000000000000c43c                bt_att_init
 .text.bt_att_req_alloc
                0x000000000000c468       0x48 zephyr/subsys/bluetooth/host/libsubsys__bluetooth__host.a(att.c.obj)
                0x000000000000c468                bt_att_req_alloc
 .text.bt_att_req_free
                0x000000000000c4b0       0x40 zephyr/subsys/bluetooth/host/libsubsys__bluetooth__host.a(att.c.obj)
                0x000000000000c4b0                bt_att_req_free
 .text.att_handle_rsp
                0x000000000000c4f0       0xbc zephyr/subsys/bluetooth/host/libsubsys__bluetooth__host.a(att.c.obj)
 .text.att_error_rsp
                0x000000000000c5ac       0x30 zephyr/subsys/bluetooth/host/libsubsys__bluetooth__host.a(att.c.obj)
 .text.att_chan_detach
                0x000000000000c5dc       0x94 zephyr/subsys/bluetooth/host/libsubsys__bluetooth__host.a(att.c.obj)
 .text.att_reset
                0x000000000000c670       0x80 zephyr/subsys/bluetooth/host/libsubsys__bluetooth__host.a(att.c.obj)
 .text.att_timeout
                0x000000000000c6f0       0x64 zephyr/subsys/bluetooth/host/libsubsys__bluetooth__host.a(att.c.obj)
 .text.bt_att_chan_req_cancel
                0x000000000000c754       0x24 zephyr/subsys/bluetooth/host/libsubsys__bluetooth__host.a(att.c.obj)
 .text.bt_att_send
                0x000000000000c778       0x44 zephyr/subsys/bluetooth/host/libsubsys__bluetooth__host.a(att.c.obj)
                0x000000000000c778                bt_att_send
 .text.bt_gatt_service_init
                0x000000000000c7bc       0x40 zephyr/subsys/bluetooth/host/libsubsys__bluetooth__host.a(gatt.c.obj)
 .text.find_cf_cfg
                0x000000000000c7fc       0x54 zephyr/subsys/bluetooth/host/libsubsys__bluetooth__host.a(gatt.c.obj)
 .text.find_sc_cfg
                0x000000000000c850       0x48 zephyr/subsys/bluetooth/host/libsubsys__bluetooth__host.a(gatt.c.obj)
 .text.gatt_sub_find
                0x000000000000c898       0x54 zephyr/subsys/bluetooth/host/libsubsys__bluetooth__host.a(gatt.c.obj)
 .text.cf_write
                0x000000000000c8ec       0xd0 zephyr/subsys/bluetooth/host/libsubsys__bluetooth__host.a(gatt.c.obj)
 .text.sc_save  0x000000000000c9bc       0xb0 zephyr/subsys/bluetooth/host/libsubsys__bluetooth__host.a(gatt.c.obj)
 .text.bt_gatt_attr_write_ccc
                0x000000000000ca6c      0x108 zephyr/subsys/bluetooth/host/libsubsys__bluetooth__host.a(gatt.c.obj)
                0x000000000000ca6c                bt_gatt_attr_write_ccc
 .text.sc_clear
                0x000000000000cb74       0xbc zephyr/subsys/bluetooth/host/libsubsys__bluetooth__host.a(gatt.c.obj)
 .text.sc_indicate_rsp
                0x000000000000cc30       0x68 zephyr/subsys/bluetooth/host/libsubsys__bluetooth__host.a(gatt.c.obj)
 .text.gatt_write_ccc_rsp
                0x000000000000cc98       0xe0 zephyr/subsys/bluetooth/host/libsubsys__bluetooth__host.a(gatt.c.obj)
 .text.disconnected_cb
                0x000000000000cd78       0xc0 zephyr/subsys/bluetooth/host/libsubsys__bluetooth__host.a(gatt.c.obj)
 .text.gatt_write_ccc
                0x000000000000ce38       0x28 zephyr/subsys/bluetooth/host/libsubsys__bluetooth__host.a(gatt.c.obj)
 .text.bt_gatt_init
                0x000000000000ce60       0x60 zephyr/subsys/bluetooth/host/libsubsys__bluetooth__host.a(gatt.c.obj)
                0x000000000000ce60                bt_gatt_init
 .text.bt_gatt_attr_get_handle
                0x000000000000cec0       0x64 zephyr/subsys/bluetooth/host/libsubsys__bluetooth__host.a(gatt.c.obj)
                0x000000000000cec0                bt_gatt_attr_get_handle
 .text.bt_gatt_foreach_attr_type
                0x000000000000cf24       0x90 zephyr/subsys/bluetooth/host/libsubsys__bluetooth__host.a(gatt.c.obj)
                0x000000000000cf24                bt_gatt_foreach_attr_type
 .text.db_hash_gen
                0x000000000000cfb4      0x120 zephyr/subsys/bluetooth/host/libsubsys__bluetooth__host.a(gatt.c.obj)
 .text.db_hash_read
                0x000000000000d0d4       0x84 zephyr/subsys/bluetooth/host/libsubsys__bluetooth__host.a(gatt.c.obj)
 .text.gatt_find_by_uuid
                0x000000000000d158       0x30 zephyr/subsys/bluetooth/host/libsubsys__bluetooth__host.a(gatt.c.obj)
 .text.bt_gatt_attr_next
                0x000000000000d188       0x30 zephyr/subsys/bluetooth/host/libsubsys__bluetooth__host.a(gatt.c.obj)
                0x000000000000d188                bt_gatt_attr_next
 .text.gatt_indicate
                0x000000000000d1b8      0x1ac zephyr/subsys/bluetooth/host/libsubsys__bluetooth__host.a(gatt.c.obj)
 .text.bt_gatt_indicate
                0x000000000000d364       0xe4 zephyr/subsys/bluetooth/host/libsubsys__bluetooth__host.a(gatt.c.obj)
                0x000000000000d364                bt_gatt_indicate
 .text.sc_process
                0x000000000000d448       0x74 zephyr/subsys/bluetooth/host/libsubsys__bluetooth__host.a(gatt.c.obj)
 .text.sc_restore
                0x000000000000d4bc       0xb4 zephyr/subsys/bluetooth/host/libsubsys__bluetooth__host.a(gatt.c.obj)
 .text.update_ccc
                0x000000000000d570      0x104 zephyr/subsys/bluetooth/host/libsubsys__bluetooth__host.a(gatt.c.obj)
 .text.gatt_notify
                0x000000000000d674      0x170 zephyr/subsys/bluetooth/host/libsubsys__bluetooth__host.a(gatt.c.obj)
 .text.notify_cb
                0x000000000000d7e4      0x1c4 zephyr/subsys/bluetooth/host/libsubsys__bluetooth__host.a(gatt.c.obj)
 .text.bt_gatt_mult_notification
                0x000000000000d9a8      0x154 zephyr/subsys/bluetooth/host/libsubsys__bluetooth__host.a(gatt.c.obj)
                0x000000000000d9a8                bt_gatt_mult_notification
 .text.bt_gatt_connected
                0x000000000000dafc       0x34 zephyr/subsys/bluetooth/host/libsubsys__bluetooth__host.a(gatt.c.obj)
                0x000000000000dafc                bt_gatt_connected
 .text.bt_gatt_att_max_mtu_changed
                0x000000000000db30       0x38 zephyr/subsys/bluetooth/host/libsubsys__bluetooth__host.a(gatt.c.obj)
                0x000000000000db30                bt_gatt_att_max_mtu_changed
 .text.bt_gatt_disconnected
                0x000000000000db68       0x30 zephyr/subsys/bluetooth/host/libsubsys__bluetooth__host.a(gatt.c.obj)
                0x000000000000db68                bt_gatt_disconnected
 .text.bt_smp_accept
                0x000000000000db98       0xc0 zephyr/subsys/bluetooth/host/libsubsys__bluetooth__host.a(smp_null.c.obj)
 .text.pool_id  0x000000000000dc58       0x18 zephyr/subsys/net/libsubsys__net.a(buf.c.obj)
 .text.net_buf_pool_get
                0x000000000000dc70       0x10 zephyr/subsys/net/libsubsys__net.a(buf.c.obj)
                0x000000000000dc70                net_buf_pool_get
 .text.get_hf_flags
                0x000000000000dc80        0x8 zephyr/drivers/clock_control/libdrivers__clock_control.a(clock_control_nrf.c.obj)
 .text.get_subsys
                0x000000000000dc88       0x18 zephyr/drivers/clock_control/libdrivers__clock_control.a(clock_control_nrf.c.obj)
 .text.onoff_stop
                0x000000000000dca0       0x20 zephyr/drivers/clock_control/libdrivers__clock_control.a(clock_control_nrf.c.obj)
 .text.onoff_start
                0x000000000000dcc0       0x34 zephyr/drivers/clock_control/libdrivers__clock_control.a(clock_control_nrf.c.obj)
 .text.clock_event_handler
                0x000000000000dcf4       0x4c zephyr/drivers/clock_control/libdrivers__clock_control.a(clock_control_nrf.c.obj)
 .text.generic_hfclk_start
                0x000000000000dd40       0x68 zephyr/drivers/clock_control/libdrivers__clock_control.a(clock_control_nrf.c.obj)
 .text.generic_hfclk_stop
                0x000000000000dda8       0x28 zephyr/drivers/clock_control/libdrivers__clock_control.a(clock_control_nrf.c.obj)
 .text.api_blocking_start
                0x000000000000ddd0       0x3c zephyr/drivers/clock_control/libdrivers__clock_control.a(clock_control_nrf.c.obj)
 .text.clk_init
                0x000000000000de0c       0x60 zephyr/drivers/clock_control/libdrivers__clock_control.a(clock_control_nrf.c.obj)
 .text.lfclk_spinwait
                0x000000000000de6c       0xec zephyr/drivers/clock_control/libdrivers__clock_control.a(clock_control_nrf.c.obj)
 .text.z_nrf_clock_control_lf_on
                0x000000000000df58       0x4c zephyr/drivers/clock_control/libdrivers__clock_control.a(clock_control_nrf.c.obj)
                0x000000000000df58                z_nrf_clock_control_lf_on
 .text.console_out
                0x000000000000dfa4       0x2c zephyr/drivers/console/libdrivers__console.a(uart_console.c.obj)
 .text.uart_console_hook_install
                0x000000000000dfd0       0x18 zephyr/drivers/console/libdrivers__console.a(uart_console.c.obj)
 .text.uart_console_init
                0x000000000000dfe8       0x24 zephyr/drivers/console/libdrivers__console.a(uart_console.c.obj)
 .text.get_dev  0x000000000000e00c       0x1c zephyr/drivers/gpio/libdrivers__gpio.a(gpio_nrfx.c.obj)
 .text.gpio_nrfx_pin_interrupt_configure
                0x000000000000e028       0xc8 zephyr/drivers/gpio/libdrivers__gpio.a(gpio_nrfx.c.obj)
 .text.gpio_nrfx_pin_configure
                0x000000000000e0f0      0x110 zephyr/drivers/gpio/libdrivers__gpio.a(gpio_nrfx.c.obj)
 .text.gpio_nrfx_init
                0x000000000000e200       0x3c zephyr/drivers/gpio/libdrivers__gpio.a(gpio_nrfx.c.obj)
 .text.i2c_nrfx_twim_configure
                0x000000000000e23c       0xa8 zephyr/drivers/i2c/libdrivers__i2c.a(i2c_nrfx_twim.c.obj)
 .text.event_handler
                0x000000000000e2e4       0x40 zephyr/drivers/i2c/libdrivers__i2c.a(i2c_nrfx_twim.c.obj)
 .text.i2c_nrfx_twim_init
                0x000000000000e324      0x10c zephyr/drivers/i2c/libdrivers__i2c.a(i2c_nrfx_twim.c.obj)
 .text.i2c_nrfx_twim_recover_bus
                0x000000000000e430       0x58 zephyr/drivers/i2c/libdrivers__i2c.a(i2c_nrfx_twim.c.obj)
 .text.i2c_nrfx_twim_transfer
                0x000000000000e488      0x4a4 zephyr/drivers/i2c/libdrivers__i2c.a(i2c_nrfx_twim.c.obj)
 .text.configure
                0x000000000000e92c      0x404 zephyr/drivers/spi/libdrivers__spi.a(spi_nrfx_spim.c.obj)
 .text.spi_context_cs_configure_all
                0x000000000000ed30      0x138 zephyr/drivers/spi/libdrivers__spi.a(spi_nrfx_spim.c.obj)
 .text.transfer_next_chunk
                0x000000000000ee68      0x120 zephyr/drivers/spi/libdrivers__spi.a(spi_nrfx_spim.c.obj)
 .text.transceive
                0x000000000000ef88      0x1dc zephyr/drivers/spi/libdrivers__spi.a(spi_nrfx_spim.c.obj)
 .text.event_handler
                0x000000000000f164      0x15c zephyr/drivers/spi/libdrivers__spi.a(spi_nrfx_spim.c.obj)
 .text.common_init
                0x000000000000f2c0      0x138 zephyr/drivers/regulator/libdrivers__regulator.a(regulator_fixed.c.obj)
 .text.regulator_fixed_init_sync
                0x000000000000f3f8       0xcc zephyr/drivers/regulator/libdrivers__regulator.a(regulator_fixed.c.obj)
 .text.baudrate_set
                0x000000000000f4c4      0x150 zephyr/drivers/serial/libdrivers__serial.a(uart_nrfx_uarte.c.obj)
 .text.uarte_nrfx_poll_out
                0x000000000000f614       0x74 zephyr/drivers/serial/libdrivers__serial.a(uart_nrfx_uarte.c.obj)
 .text.endtx_stoptx_ppi_init
                0x000000000000f688       0x98 zephyr/drivers/serial/libdrivers__serial.a(uart_nrfx_uarte.c.obj)
 .text.hci_ept_bound
                0x000000000000f720       0x10 zephyr/drivers/bluetooth/libdrivers__bluetooth.a(rpmsg.c.obj)
 .text.bt_rpmsg_init
                0x000000000000f730       0xa0 zephyr/drivers/bluetooth/libdrivers__bluetooth.a(rpmsg.c.obj)
 .text.bt_rpmsg_send
                0x000000000000f7d0      0x144 zephyr/drivers/bluetooth/libdrivers__bluetooth.a(rpmsg.c.obj)
 .text.bt_rpmsg_open
                0x000000000000f914      0x1cc zephyr/drivers/bluetooth/libdrivers__bluetooth.a(rpmsg.c.obj)
 .text.bt_rpmsg_evt_recv
                0x000000000000fae0      0x1ec zephyr/drivers/bluetooth/libdrivers__bluetooth.a(rpmsg.c.obj)
 .text.bt_rpmsg_acl_recv
                0x000000000000fccc      0x1e0 zephyr/drivers/bluetooth/libdrivers__bluetooth.a(rpmsg.c.obj)
 .text.bt_rpmsg_iso_recv
                0x000000000000feac      0x1e4 zephyr/drivers/bluetooth/libdrivers__bluetooth.a(rpmsg.c.obj)
 .text.bt_rpmsg_rx
                0x0000000000010090       0xb4 zephyr/drivers/bluetooth/libdrivers__bluetooth.a(rpmsg.c.obj)
 .text.set_comparator
                0x0000000000010144       0x14 zephyr/drivers/timer/libdrivers__timer.a(nrf_rtc_timer.c.obj)
 .text.get_comparator
                0x0000000000010158       0x10 zephyr/drivers/timer/libdrivers__timer.a(nrf_rtc_timer.c.obj)
 .text.event_enable
                0x0000000000010168       0x14 zephyr/drivers/timer/libdrivers__timer.a(nrf_rtc_timer.c.obj)
 .text.event_disable
                0x000000000001017c       0x14 zephyr/drivers/timer/libdrivers__timer.a(nrf_rtc_timer.c.obj)
 .text.counter  0x0000000000010190        0xc zephyr/drivers/timer/libdrivers__timer.a(nrf_rtc_timer.c.obj)
 .text.compare_int_lock
                0x000000000001019c       0x44 zephyr/drivers/timer/libdrivers__timer.a(nrf_rtc_timer.c.obj)
 .text.channel_processing_check_and_clear
                0x00000000000101e0       0x70 zephyr/drivers/timer/libdrivers__timer.a(nrf_rtc_timer.c.obj)
 .text.compare_int_unlock
                0x0000000000010250       0x54 zephyr/drivers/timer/libdrivers__timer.a(nrf_rtc_timer.c.obj)
 .text.sys_clock_timeout_handler
                0x00000000000102a4       0x78 zephyr/drivers/timer/libdrivers__timer.a(nrf_rtc_timer.c.obj)
 .text.z_nrf_rtc_timer_compare_evt_address_get
                0x000000000001031c       0x10 zephyr/drivers/timer/libdrivers__timer.a(nrf_rtc_timer.c.obj)
                0x000000000001031c                z_nrf_rtc_timer_compare_evt_address_get
 .text.z_nrf_rtc_timer_compare_read
                0x000000000001032c       0x10 zephyr/drivers/timer/libdrivers__timer.a(nrf_rtc_timer.c.obj)
                0x000000000001032c                z_nrf_rtc_timer_compare_read
 .text.z_nrf_rtc_timer_read
                0x000000000001033c       0x40 zephyr/drivers/timer/libdrivers__timer.a(nrf_rtc_timer.c.obj)
                0x000000000001033c                z_nrf_rtc_timer_read
 .text.compare_set_nolocks
                0x000000000001037c       0x98 zephyr/drivers/timer/libdrivers__timer.a(nrf_rtc_timer.c.obj)
 .text.sys_clock_driver_init
                0x0000000000010414       0xa0 zephyr/drivers/timer/libdrivers__timer.a(nrf_rtc_timer.c.obj)
 .text.process_channel
                0x00000000000104b4       0x74 zephyr/drivers/timer/libdrivers__timer.a(nrf_rtc_timer.c.obj)
 .text.rtc_nrf_isr
                0x0000000000010528       0x44 zephyr/drivers/timer/libdrivers__timer.a(nrf_rtc_timer.c.obj)
                0x0000000000010528                rtc_nrf_isr
 .text.z_nrf_rtc_timer_chan_alloc
                0x000000000001056c       0x64 zephyr/drivers/timer/libdrivers__timer.a(nrf_rtc_timer.c.obj)
                0x000000000001056c                z_nrf_rtc_timer_chan_alloc
 .text.z_nrf_rtc_timer_chan_free
                0x00000000000105d0       0x1c zephyr/drivers/timer/libdrivers__timer.a(nrf_rtc_timer.c.obj)
                0x00000000000105d0                z_nrf_rtc_timer_chan_free
 .text.sys_clock_set_timeout
                0x00000000000105ec       0x64 zephyr/drivers/timer/libdrivers__timer.a(nrf_rtc_timer.c.obj)
                0x00000000000105ec                sys_clock_set_timeout
 .text.sys_clock_elapsed
                0x0000000000010650       0x14 zephyr/drivers/timer/libdrivers__timer.a(nrf_rtc_timer.c.obj)
                0x0000000000010650                sys_clock_elapsed
 .text.nrf_pin_configure
                0x0000000000010664       0x48 zephyr/drivers/pinctrl/libdrivers__pinctrl.a(pinctrl_nrf.c.obj)
 .text.pinctrl_configure_pins
                0x00000000000106ac      0x3ac zephyr/drivers/pinctrl/libdrivers__pinctrl.a(pinctrl_nrf.c.obj)
                0x00000000000106ac                pinctrl_configure_pins
 .text.mbox_nrf_set_enabled
                0x0000000000010a58      0x110 zephyr/drivers/mbox/libdrivers__mbox.a(mbox_nrfx_ipc.c.obj)
 .text.mbox_nrf_send
                0x0000000000010b68       0x94 zephyr/drivers/mbox/libdrivers__mbox.a(mbox_nrfx_ipc.c.obj)
 .text.mbox_dispatcher
                0x0000000000010bfc      0x11c zephyr/drivers/mbox/libdrivers__mbox.a(mbox_nrfx_ipc.c.obj)
 .text.enable_dt_channels
                0x0000000000010d18      0x10c zephyr/drivers/mbox/libdrivers__mbox.a(mbox_nrfx_ipc.c.obj)
 .text.mbox_nrf_init
                0x0000000000010e24       0x2c zephyr/drivers/mbox/libdrivers__mbox.a(mbox_nrfx_ipc.c.obj)
 .text.k_sys_fatal_error_handler
                0x0000000000010e50       0x64 modules/nrf/lib/fatal_error/lib..__nrf__lib__fatal_error.a(fatal_error.c.obj)
                0x0000000000010e50                k_sys_fatal_error_handler
 .text.SystemCoreClockUpdate
                0x0000000000010eb4       0x20 modules/hal_nordic/nrfx/libmodules__hal_nordic__nrfx.a(system_nrf5340_application.c.obj)
                0x0000000000010eb4                SystemCoreClockUpdate
 .text.SystemInit
                0x0000000000010ed4      0x160 modules/hal_nordic/nrfx/libmodules__hal_nordic__nrfx.a(system_nrf5340_application.c.obj)
                0x0000000000010ed4                SystemInit
 .text.nrfx_flag32_alloc
                0x0000000000011034       0x48 modules/hal_nordic/nrfx/libmodules__hal_nordic__nrfx.a(nrfx_flag32_allocator.c.obj)
                0x0000000000011034                nrfx_flag32_alloc
 .text.nrfx_flag32_free
                0x000000000001107c       0x3c modules/hal_nordic/nrfx/libmodules__hal_nordic__nrfx.a(nrfx_flag32_allocator.c.obj)
                0x000000000001107c                nrfx_flag32_free
 .text.clock_stop
                0x00000000000110b8      0x14c modules/hal_nordic/nrfx/libmodules__hal_nordic__nrfx.a(nrfx_clock.c.obj)
 .text.nrfx_clock_init
                0x0000000000011204       0x24 modules/hal_nordic/nrfx/libmodules__hal_nordic__nrfx.a(nrfx_clock.c.obj)
                0x0000000000011204                nrfx_clock_init
 .text.nrfx_power_clock_irq_handler
                0x0000000000011228       0xc8 modules/hal_nordic/nrfx/libmodules__hal_nordic__nrfx.a(nrfx_clock.c.obj)
                0x0000000000011228                nrfx_power_clock_irq_handler
 .text.nrfx_dppi_channel_alloc
                0x00000000000112f0       0x10 modules/hal_nordic/nrfx/libmodules__hal_nordic__nrfx.a(nrfx_dppi.c.obj)
                0x00000000000112f0                nrfx_dppi_channel_alloc
 .text.nrfx_dppi_channel_free
                0x0000000000011300       0x20 modules/hal_nordic/nrfx/libmodules__hal_nordic__nrfx.a(nrfx_dppi.c.obj)
                0x0000000000011300                nrfx_dppi_channel_free
 .text.pin_in_use
                0x0000000000011320       0x14 modules/hal_nordic/nrfx/libmodules__hal_nordic__nrfx.a(nrfx_gpiote.c.obj)
 .text.pin_in_use_by_te
                0x0000000000011334       0x14 modules/hal_nordic/nrfx/libmodules__hal_nordic__nrfx.a(nrfx_gpiote.c.obj)
 .text.pin_has_trigger
                0x0000000000011348       0x18 modules/hal_nordic/nrfx/libmodules__hal_nordic__nrfx.a(nrfx_gpiote.c.obj)
 .text.pin_is_output
                0x0000000000011360       0x14 modules/hal_nordic/nrfx/libmodules__hal_nordic__nrfx.a(nrfx_gpiote.c.obj)
 .text.pin_te_get
                0x0000000000011374       0x10 modules/hal_nordic/nrfx/libmodules__hal_nordic__nrfx.a(nrfx_gpiote.c.obj)
 .text.handler_in_use
                0x0000000000011384       0x34 modules/hal_nordic/nrfx/libmodules__hal_nordic__nrfx.a(nrfx_gpiote.c.obj)
 .text.find_handler
                0x00000000000113b8       0x2c modules/hal_nordic/nrfx/libmodules__hal_nordic__nrfx.a(nrfx_gpiote.c.obj)
 .text.channel_handler_get
                0x00000000000113e4       0x20 modules/hal_nordic/nrfx/libmodules__hal_nordic__nrfx.a(nrfx_gpiote.c.obj)
 .text.call_handler
                0x0000000000011404       0x2c modules/hal_nordic/nrfx/libmodules__hal_nordic__nrfx.a(nrfx_gpiote.c.obj)
 .text.release_handler
                0x0000000000011430       0x44 modules/hal_nordic/nrfx/libmodules__hal_nordic__nrfx.a(nrfx_gpiote.c.obj)
 .text.pin_handler_trigger_uninit
                0x0000000000011474       0x3c modules/hal_nordic/nrfx/libmodules__hal_nordic__nrfx.a(nrfx_gpiote.c.obj)
 .text.pin_handler_set
                0x00000000000114b0       0x6c modules/hal_nordic/nrfx/libmodules__hal_nordic__nrfx.a(nrfx_gpiote.c.obj)
 .text.gpiote_evt_handle
                0x000000000001151c       0x44 modules/hal_nordic/nrfx/libmodules__hal_nordic__nrfx.a(nrfx_gpiote.c.obj)
 .text.latch_pending_read_and_check
                0x0000000000011560       0x4c modules/hal_nordic/nrfx/libmodules__hal_nordic__nrfx.a(nrfx_gpiote.c.obj)
 .text.next_sense_cond_call_handler
                0x00000000000115ac       0xd0 modules/hal_nordic/nrfx/libmodules__hal_nordic__nrfx.a(nrfx_gpiote.c.obj)
 .text.port_event_handle
                0x000000000001167c       0xd0 modules/hal_nordic/nrfx/libmodules__hal_nordic__nrfx.a(nrfx_gpiote.c.obj)
 .text.nrfx_gpiote_input_configure
                0x000000000001174c      0x174 modules/hal_nordic/nrfx/libmodules__hal_nordic__nrfx.a(nrfx_gpiote.c.obj)
                0x000000000001174c                nrfx_gpiote_input_configure
 .text.nrfx_gpiote_output_configure
                0x00000000000118c0      0x18c modules/hal_nordic/nrfx/libmodules__hal_nordic__nrfx.a(nrfx_gpiote.c.obj)
                0x00000000000118c0                nrfx_gpiote_output_configure
 .text.nrfx_gpiote_global_callback_set
                0x0000000000011a4c        0xc modules/hal_nordic/nrfx/libmodules__hal_nordic__nrfx.a(nrfx_gpiote.c.obj)
                0x0000000000011a4c                nrfx_gpiote_global_callback_set
 .text.nrfx_gpiote_channel_get
                0x0000000000011a58       0x30 modules/hal_nordic/nrfx/libmodules__hal_nordic__nrfx.a(nrfx_gpiote.c.obj)
                0x0000000000011a58                nrfx_gpiote_channel_get
 .text.nrfx_gpiote_init
                0x0000000000011a88       0x54 modules/hal_nordic/nrfx/libmodules__hal_nordic__nrfx.a(nrfx_gpiote.c.obj)
                0x0000000000011a88                nrfx_gpiote_init
 .text.nrfx_gpiote_is_init
                0x0000000000011adc       0x14 modules/hal_nordic/nrfx/libmodules__hal_nordic__nrfx.a(nrfx_gpiote.c.obj)
                0x0000000000011adc                nrfx_gpiote_is_init
 .text.nrfx_gpiote_channel_free
                0x0000000000011af0       0x10 modules/hal_nordic/nrfx/libmodules__hal_nordic__nrfx.a(nrfx_gpiote.c.obj)
                0x0000000000011af0                nrfx_gpiote_channel_free
 .text.nrfx_gpiote_channel_alloc
                0x0000000000011b00       0x10 modules/hal_nordic/nrfx/libmodules__hal_nordic__nrfx.a(nrfx_gpiote.c.obj)
                0x0000000000011b00                nrfx_gpiote_channel_alloc
 .text.nrfx_gpiote_trigger_enable
                0x0000000000011b10       0xc4 modules/hal_nordic/nrfx/libmodules__hal_nordic__nrfx.a(nrfx_gpiote.c.obj)
                0x0000000000011b10                nrfx_gpiote_trigger_enable
 .text.nrfx_gpiote_trigger_disable
                0x0000000000011bd4       0x60 modules/hal_nordic/nrfx/libmodules__hal_nordic__nrfx.a(nrfx_gpiote.c.obj)
                0x0000000000011bd4                nrfx_gpiote_trigger_disable
 .text.nrfx_gpiote_pin_uninit
                0x0000000000011c34       0x50 modules/hal_nordic/nrfx/libmodules__hal_nordic__nrfx.a(nrfx_gpiote.c.obj)
                0x0000000000011c34                nrfx_gpiote_pin_uninit
 .text.nrfx_gpiote_irq_handler
                0x0000000000011c84       0x60 modules/hal_nordic/nrfx/libmodules__hal_nordic__nrfx.a(nrfx_gpiote.c.obj)
                0x0000000000011c84                nrfx_gpiote_irq_handler
 .text.nrfx_ipc_init
                0x0000000000011ce4       0x30 modules/hal_nordic/nrfx/libmodules__hal_nordic__nrfx.a(nrfx_ipc.c.obj)
                0x0000000000011ce4                nrfx_ipc_init
 .text.nrfx_ipc_config_load
                0x0000000000011d14       0x4c modules/hal_nordic/nrfx/libmodules__hal_nordic__nrfx.a(nrfx_ipc.c.obj)
                0x0000000000011d14                nrfx_ipc_config_load
 .text.nrfx_ipc_receive_event_enable
                0x0000000000011d60       0x10 modules/hal_nordic/nrfx/libmodules__hal_nordic__nrfx.a(nrfx_ipc.c.obj)
                0x0000000000011d60                nrfx_ipc_receive_event_enable
 .text.nrfx_ipc_receive_event_disable
                0x0000000000011d70       0x10 modules/hal_nordic/nrfx/libmodules__hal_nordic__nrfx.a(nrfx_ipc.c.obj)
                0x0000000000011d70                nrfx_ipc_receive_event_disable
 .text.nrfx_ipc_irq_handler
                0x0000000000011d80       0x40 modules/hal_nordic/nrfx/libmodules__hal_nordic__nrfx.a(nrfx_ipc.c.obj)
                0x0000000000011d80                nrfx_ipc_irq_handler
 .text.spim_pin_uninit
                0x0000000000011dc0       0x34 modules/hal_nordic/nrfx/libmodules__hal_nordic__nrfx.a(nrfx_spim.c.obj)
 .text.set_ss_pin_state
                0x0000000000011df4       0x54 modules/hal_nordic/nrfx/libmodules__hal_nordic__nrfx.a(nrfx_spim.c.obj)
 .text.spim_xfer
                0x0000000000011e48       0x94 modules/hal_nordic/nrfx/libmodules__hal_nordic__nrfx.a(nrfx_spim.c.obj)
 .text.configure_pins
                0x0000000000011edc      0x20c modules/hal_nordic/nrfx/libmodules__hal_nordic__nrfx.a(nrfx_spim.c.obj)
 .text.nrfx_spim_init
                0x00000000000120e8      0x100 modules/hal_nordic/nrfx/libmodules__hal_nordic__nrfx.a(nrfx_spim.c.obj)
                0x00000000000120e8                nrfx_spim_init
 .text.nrfx_spim_uninit
                0x00000000000121e8       0xa8 modules/hal_nordic/nrfx/libmodules__hal_nordic__nrfx.a(nrfx_spim.c.obj)
                0x00000000000121e8                nrfx_spim_uninit
 .text.nrfx_spim_xfer
                0x0000000000012290       0x64 modules/hal_nordic/nrfx/libmodules__hal_nordic__nrfx.a(nrfx_spim.c.obj)
                0x0000000000012290                nrfx_spim_xfer
 .text.nrfx_spim_3_irq_handler
                0x00000000000122f4       0x14 modules/hal_nordic/nrfx/libmodules__hal_nordic__nrfx.a(nrfx_spim.c.obj)
                0x00000000000122f4                nrfx_spim_3_irq_handler
 .text.twi_process_error
                0x0000000000012308       0x34 modules/hal_nordic/nrfx/libmodules__hal_nordic__nrfx.a(nrfx_twim.c.obj)
 .text.twim_pins_configure
                0x000000000001233c       0xac modules/hal_nordic/nrfx/libmodules__hal_nordic__nrfx.a(nrfx_twim.c.obj)
 .text.twim_xfer
                0x00000000000123e8      0x2b0 modules/hal_nordic/nrfx/libmodules__hal_nordic__nrfx.a(nrfx_twim.c.obj)
 .text.twim_irq_handler
                0x0000000000012698      0x1dc modules/hal_nordic/nrfx/libmodules__hal_nordic__nrfx.a(nrfx_twim.c.obj)
 .text.nrfx_twim_init
                0x0000000000012874       0x94 modules/hal_nordic/nrfx/libmodules__hal_nordic__nrfx.a(nrfx_twim.c.obj)
                0x0000000000012874                nrfx_twim_init
 .text.nrfx_twim_enable
                0x0000000000012908       0x20 modules/hal_nordic/nrfx/libmodules__hal_nordic__nrfx.a(nrfx_twim.c.obj)
                0x0000000000012908                nrfx_twim_enable
 .text.nrfx_twim_disable
                0x0000000000012928       0x3c modules/hal_nordic/nrfx/libmodules__hal_nordic__nrfx.a(nrfx_twim.c.obj)
                0x0000000000012928                nrfx_twim_disable
 .text.nrfx_twim_xfer
                0x0000000000012964       0x20 modules/hal_nordic/nrfx/libmodules__hal_nordic__nrfx.a(nrfx_twim.c.obj)
                0x0000000000012964                nrfx_twim_xfer
 .text.nrfx_twim_1_irq_handler
                0x0000000000012984       0x14 modules/hal_nordic/nrfx/libmodules__hal_nordic__nrfx.a(nrfx_twim.c.obj)
                0x0000000000012984                nrfx_twim_1_irq_handler
 .text.nrfx_twi_twim_bus_recover
                0x0000000000012998       0xc4 modules/hal_nordic/nrfx/libmodules__hal_nordic__nrfx.a(nrfx_twi_twim.c.obj)
                0x0000000000012998                nrfx_twi_twim_bus_recover
 .text.metal_generic_dev_open
                0x0000000000012a5c       0x40 modules/libmetal/libmetal/lib/libmetal.a(device.c.obj)
                0x0000000000012a5c                metal_generic_dev_open
 .text.metal_bus_find
                0x0000000000012a9c       0x40 modules/libmetal/libmetal/lib/libmetal.a(device.c.obj)
                0x0000000000012a9c                metal_bus_find
 .text.metal_bus_register
                0x0000000000012adc       0x74 modules/libmetal/libmetal/lib/libmetal.a(device.c.obj)
                0x0000000000012adc                metal_bus_register
 .text.metal_register_generic_device
                0x0000000000012b50       0x40 modules/libmetal/libmetal/lib/libmetal.a(device.c.obj)
                0x0000000000012b50                metal_register_generic_device
 .text.metal_init
                0x0000000000012b90       0x3c modules/libmetal/libmetal/lib/libmetal.a(init.c.obj)
                0x0000000000012b90                metal_init
 .text.metal_sys_init
                0x0000000000012bcc       0x10 modules/libmetal/libmetal/lib/libmetal.a(init.c.obj)
                0x0000000000012bcc                metal_sys_init
 .text.metal_zephyr_log_handler
                0x0000000000012bdc       0x38 modules/libmetal/libmetal/lib/libmetal.a(log.c.obj)
                0x0000000000012bdc                metal_zephyr_log_handler
 .text.virtio_create_virtqueues
                0x0000000000012c14       0xa4 modules/open-amp/open-amp/lib/libopen_amp.a(virtio.c.obj)
                0x0000000000012c14                virtio_create_virtqueues
 .text.virtqueue_add_consumed_buffer
                0x0000000000012cb8       0x40 modules/open-amp/open-amp/lib/libopen_amp.a(virtqueue.c.obj)
                0x0000000000012cb8                virtqueue_add_consumed_buffer
 .text.rpmsg_is_address_set
                0x0000000000012cf8       0x2c modules/open-amp/open-amp/lib/libopen_amp.a(rpmsg.c.obj)
 .text.rpmsg_set_address
                0x0000000000012d24       0x30 modules/open-amp/open-amp/lib/libopen_amp.a(rpmsg.c.obj)
 .text.rpmsg_send_offchannel_raw
                0x0000000000012d54       0x44 modules/open-amp/open-amp/lib/libopen_amp.a(rpmsg.c.obj)
                0x0000000000012d54                rpmsg_send_offchannel_raw
 .text.rpmsg_send_offchannel_nocopy
                0x0000000000012d98       0x40 modules/open-amp/open-amp/lib/libopen_amp.a(rpmsg.c.obj)
                0x0000000000012d98                rpmsg_send_offchannel_nocopy
 .text.rpmsg_register_endpoint
                0x0000000000012dd8       0x40 modules/open-amp/open-amp/lib/libopen_amp.a(rpmsg.c.obj)
                0x0000000000012dd8                rpmsg_register_endpoint
 .text.rpmsg_create_ept
                0x0000000000012e18       0xd8 modules/open-amp/open-amp/lib/libopen_amp.a(rpmsg.c.obj)
                0x0000000000012e18                rpmsg_create_ept
 .text._rpmsg_virtio_get_buffer_size
                0x0000000000012ef0       0x34 modules/open-amp/open-amp/lib/libopen_amp.a(rpmsg_virtio.c.obj)
 .text.rpmsg_virtio_send_offchannel_raw
                0x0000000000012f24       0x60 modules/open-amp/open-amp/lib/libopen_amp.a(rpmsg_virtio.c.obj)
 .text.rpmsg_virtio_get_buffer_size
                0x0000000000012f84       0x34 modules/open-amp/open-amp/lib/libopen_amp.a(rpmsg_virtio.c.obj)
                0x0000000000012f84                rpmsg_virtio_get_buffer_size
 .text.rpmsg_init_vdev_with_config
                0x0000000000012fb8      0x204 modules/open-amp/open-amp/lib/libopen_amp.a(rpmsg_virtio.c.obj)
                0x0000000000012fb8                rpmsg_init_vdev_with_config
 .text.rpmsg_init_vdev
                0x00000000000131bc       0x28 modules/open-amp/open-amp/lib/libopen_amp.a(rpmsg_virtio.c.obj)
                0x00000000000131bc                rpmsg_init_vdev
 .text.z_device_state_init
                0x00000000000131e4       0x18 zephyr/kernel/libkernel.a(device.c.obj)
                0x00000000000131e4                z_device_state_init
 .text.z_sys_init_run_level
                0x00000000000131fc       0x50 zephyr/kernel/libkernel.a(device.c.obj)
                0x00000000000131fc                z_sys_init_run_level
 .text.reason_to_str
                0x000000000001324c       0x40 zephyr/kernel/libkernel.a(fatal.c.obj)
 .text.thread_name_get
                0x000000000001328c       0x20 zephyr/kernel/libkernel.a(fatal.c.obj)
 .text.z_fatal_error
                0x00000000000132ac      0x228 zephyr/kernel/libkernel.a(fatal.c.obj)
                0x00000000000132ac                z_fatal_error
 .text.init_idle_thread
                0x00000000000134d4       0x60 zephyr/kernel/libkernel.a(init.c.obj)
 .text.bg_thread_main
                0x0000000000013534       0x34 zephyr/kernel/libkernel.a(init.c.obj)
 .text.switch_to_main_thread
                0x0000000000013568       0x14 zephyr/kernel/libkernel.a(init.c.obj)
 .text.z_bss_zero
                0x000000000001357c       0x18 zephyr/kernel/libkernel.a(init.c.obj)
                0x000000000001357c                z_bss_zero
 .text.z_init_cpu
                0x0000000000013594       0x40 zephyr/kernel/libkernel.a(init.c.obj)
                0x0000000000013594                z_init_cpu
 .text.prepare_multithreading
                0x00000000000135d4       0x60 zephyr/kernel/libkernel.a(init.c.obj)
 .text.z_cstart
                0x0000000000013634       0x90 zephyr/kernel/libkernel.a(init.c.obj)
                0x0000000000013634                z_cstart
 .text.statics_init
                0x00000000000136c4       0x24 zephyr/kernel/libkernel.a(kheap.c.obj)
 .text.init_mem_slab_module
                0x00000000000136e8       0x24 zephyr/kernel/libkernel.a(mem_slab.c.obj)
 .text.k_mem_slab_alloc
                0x000000000001370c       0x68 zephyr/kernel/libkernel.a(mem_slab.c.obj)
                0x000000000001370c                k_mem_slab_alloc
 .text.z_thread_monitor_exit
                0x0000000000013774       0x40 zephyr/kernel/libkernel.a(thread.c.obj)
                0x0000000000013774                z_thread_monitor_exit
 .text.z_impl_k_thread_name_set
                0x00000000000137b4       0x24 zephyr/kernel/libkernel.a(thread.c.obj)
                0x00000000000137b4                z_impl_k_thread_name_set
 .text.schedule_new_thread
                0x00000000000137d8       0x1c zephyr/kernel/libkernel.a(thread.c.obj)
 .text.z_setup_new_thread
                0x00000000000137f4       0xc8 zephyr/kernel/libkernel.a(thread.c.obj)
                0x00000000000137f4                z_setup_new_thread
 .text.z_init_static_threads
                0x00000000000138bc       0x94 zephyr/kernel/libkernel.a(thread.c.obj)
                0x00000000000138bc                z_init_static_threads
 .text.idle     0x0000000000013950       0x3c zephyr/kernel/libkernel.a(idle.c.obj)
                0x0000000000013950                idle
 .text.z_impl_k_mutex_lock
                0x000000000001398c      0x114 zephyr/kernel/libkernel.a(mutex.c.obj)
                0x000000000001398c                z_impl_k_mutex_lock
 .text.z_impl_k_mutex_unlock
                0x0000000000013aa0       0x7c zephyr/kernel/libkernel.a(mutex.c.obj)
                0x0000000000013aa0                z_impl_k_mutex_unlock
 .text.z_impl_k_queue_get
                0x0000000000013b1c       0x74 zephyr/kernel/libkernel.a(queue.c.obj)
                0x0000000000013b1c                z_impl_k_queue_get
 .text.z_impl_k_sem_give
                0x0000000000013b90       0x50 zephyr/kernel/libkernel.a(sem.c.obj)
                0x0000000000013b90                z_impl_k_sem_give
 .text.z_impl_k_sem_take
                0x0000000000013be0       0x50 zephyr/kernel/libkernel.a(sem.c.obj)
                0x0000000000013be0                z_impl_k_sem_take
 .text.k_sys_work_q_init
                0x0000000000013c30       0x34 zephyr/kernel/libkernel.a(system_work_q.c.obj)
 .text.submit_to_queue_locked
                0x0000000000013c64       0xd8 zephyr/kernel/libkernel.a(work.c.obj)
 .text.cancel_sync_locked
                0x0000000000013d3c       0x44 zephyr/kernel/libkernel.a(work.c.obj)
 .text.schedule_for_queue_locked
                0x0000000000013d80       0x34 zephyr/kernel/libkernel.a(work.c.obj)
 .text.finalize_cancel_locked
                0x0000000000013db4       0x7c zephyr/kernel/libkernel.a(work.c.obj)
 .text.work_queue_main
                0x0000000000013e30       0xf0 zephyr/kernel/libkernel.a(work.c.obj)
 .text.k_work_submit
                0x0000000000013f20       0x10 zephyr/kernel/libkernel.a(work.c.obj)
                0x0000000000013f20                k_work_submit
 .text.k_work_queue_start
                0x0000000000013f30       0x7c zephyr/kernel/libkernel.a(work.c.obj)
                0x0000000000013f30                k_work_queue_start
 .text.k_work_schedule
                0x0000000000013fac       0x10 zephyr/kernel/libkernel.a(work.c.obj)
                0x0000000000013fac                k_work_schedule
 .text.k_work_reschedule
                0x0000000000013fbc       0x10 zephyr/kernel/libkernel.a(work.c.obj)
                0x0000000000013fbc                k_work_reschedule
 .text.add_thread_timeout
                0x0000000000013fcc       0x20 zephyr/kernel/libkernel.a(sched.c.obj)
 .text.z_reset_time_slice
                0x0000000000013fec       0x28 zephyr/kernel/libkernel.a(sched.c.obj)
                0x0000000000013fec                z_reset_time_slice
 .text.k_sched_time_slice_set
                0x0000000000014014       0x74 zephyr/kernel/libkernel.a(sched.c.obj)
                0x0000000000014014                k_sched_time_slice_set
 .text.z_reschedule
                0x0000000000014088       0x38 zephyr/kernel/libkernel.a(sched.c.obj)
                0x0000000000014088                z_reschedule
 .text.k_sched_lock
                0x00000000000140c0       0x34 zephyr/kernel/libkernel.a(sched.c.obj)
                0x00000000000140c0                k_sched_lock
 .text.update_cache
                0x00000000000140f4       0x50 zephyr/kernel/libkernel.a(sched.c.obj)
 .text.move_thread_to_end_of_prio_q
                0x0000000000014144       0x88 zephyr/kernel/libkernel.a(sched.c.obj)
 .text.slice_expired_locked
                0x00000000000141cc       0x28 zephyr/kernel/libkernel.a(sched.c.obj)
 .text.z_time_slice
                0x00000000000141f4       0xb0 zephyr/kernel/libkernel.a(sched.c.obj)
                0x00000000000141f4                z_time_slice
 .text.ready_thread
                0x00000000000142a4       0x80 zephyr/kernel/libkernel.a(sched.c.obj)
 .text.z_sched_start
                0x0000000000014324       0x3c zephyr/kernel/libkernel.a(sched.c.obj)
                0x0000000000014324                z_sched_start
 .text.unready_thread
                0x0000000000014360       0x38 zephyr/kernel/libkernel.a(sched.c.obj)
 .text.z_pend_curr
                0x0000000000014398       0x28 zephyr/kernel/libkernel.a(sched.c.obj)
                0x0000000000014398                z_pend_curr
 .text.z_set_prio
                0x00000000000143c0       0xc0 zephyr/kernel/libkernel.a(sched.c.obj)
                0x00000000000143c0                z_set_prio
 .text.z_impl_k_thread_suspend
                0x0000000000014480       0x84 zephyr/kernel/libkernel.a(sched.c.obj)
                0x0000000000014480                z_impl_k_thread_suspend
 .text.k_sched_unlock
                0x0000000000014504       0x50 zephyr/kernel/libkernel.a(sched.c.obj)
                0x0000000000014504                k_sched_unlock
 .text.end_thread
                0x0000000000014554       0x9c zephyr/kernel/libkernel.a(sched.c.obj)
 .text.z_sched_init
                0x00000000000145f0       0x18 zephyr/kernel/libkernel.a(sched.c.obj)
                0x00000000000145f0                z_sched_init
 .text.z_impl_k_yield
                0x0000000000014608       0x88 zephyr/kernel/libkernel.a(sched.c.obj)
                0x0000000000014608                z_impl_k_yield
 .text.z_tick_sleep
                0x0000000000014690       0x98 zephyr/kernel/libkernel.a(sched.c.obj)
 .text.z_impl_k_sleep
                0x0000000000014728       0x58 zephyr/kernel/libkernel.a(sched.c.obj)
                0x0000000000014728                z_impl_k_sleep
 .text.z_impl_z_current_get
                0x0000000000014780        0xc zephyr/kernel/libkernel.a(sched.c.obj)
                0x0000000000014780                z_impl_z_current_get
 .text.z_thread_abort
                0x000000000001478c       0x70 zephyr/kernel/libkernel.a(sched.c.obj)
                0x000000000001478c                z_thread_abort
 .text.z_sched_wait
                0x00000000000147fc       0x28 zephyr/kernel/libkernel.a(sched.c.obj)
                0x00000000000147fc                z_sched_wait
 .text.z_data_copy
                0x0000000000014824       0x34 zephyr/kernel/libkernel.a(xip.c.obj)
                0x0000000000014824                z_data_copy